Archive member included because of file (symbol)

c:/program files (x86)/atmel/studio/7.0/toolchain/avr32/avr32-gnu-toolchain/bin/../lib/gcc/avr32/4.4.7/../../../../avr32/lib/ucr2\libm.a(lib_a-s_cos.o)
                              src/et024006dhu_example.o (cos)
c:/program files (x86)/atmel/studio/7.0/toolchain/avr32/avr32-gnu-toolchain/bin/../lib/gcc/avr32/4.4.7/../../../../avr32/lib/ucr2\libm.a(lib_a-s_round.o)
                              src/et024006dhu_example.o (round)
c:/program files (x86)/atmel/studio/7.0/toolchain/avr32/avr32-gnu-toolchain/bin/../lib/gcc/avr32/4.4.7/../../../../avr32/lib/ucr2\libm.a(lib_a-s_sin.o)
                              src/et024006dhu_example.o (sin)
c:/program files (x86)/atmel/studio/7.0/toolchain/avr32/avr32-gnu-toolchain/bin/../lib/gcc/avr32/4.4.7/../../../../avr32/lib/ucr2\libm.a(lib_a-w_sqrt.o)
                              src/et024006dhu_example.o (sqrt)
c:/program files (x86)/atmel/studio/7.0/toolchain/avr32/avr32-gnu-toolchain/bin/../lib/gcc/avr32/4.4.7/../../../../avr32/lib/ucr2\libm.a(lib_a-e_rem_pio2.o)
                              c:/program files (x86)/atmel/studio/7.0/toolchain/avr32/avr32-gnu-toolchain/bin/../lib/gcc/avr32/4.4.7/../../../../avr32/lib/ucr2\libm.a(lib_a-s_cos.o) (__ieee754_rem_pio2)
c:/program files (x86)/atmel/studio/7.0/toolchain/avr32/avr32-gnu-toolchain/bin/../lib/gcc/avr32/4.4.7/../../../../avr32/lib/ucr2\libm.a(lib_a-e_sqrt.o)
                              c:/program files (x86)/atmel/studio/7.0/toolchain/avr32/avr32-gnu-toolchain/bin/../lib/gcc/avr32/4.4.7/../../../../avr32/lib/ucr2\libm.a(lib_a-w_sqrt.o) (__ieee754_sqrt)
c:/program files (x86)/atmel/studio/7.0/toolchain/avr32/avr32-gnu-toolchain/bin/../lib/gcc/avr32/4.4.7/../../../../avr32/lib/ucr2\libm.a(lib_a-k_cos.o)
                              c:/program files (x86)/atmel/studio/7.0/toolchain/avr32/avr32-gnu-toolchain/bin/../lib/gcc/avr32/4.4.7/../../../../avr32/lib/ucr2\libm.a(lib_a-s_cos.o) (__kernel_cos)
c:/program files (x86)/atmel/studio/7.0/toolchain/avr32/avr32-gnu-toolchain/bin/../lib/gcc/avr32/4.4.7/../../../../avr32/lib/ucr2\libm.a(lib_a-k_rem_pio2.o)
                              c:/program files (x86)/atmel/studio/7.0/toolchain/avr32/avr32-gnu-toolchain/bin/../lib/gcc/avr32/4.4.7/../../../../avr32/lib/ucr2\libm.a(lib_a-e_rem_pio2.o) (__kernel_rem_pio2)
c:/program files (x86)/atmel/studio/7.0/toolchain/avr32/avr32-gnu-toolchain/bin/../lib/gcc/avr32/4.4.7/../../../../avr32/lib/ucr2\libm.a(lib_a-k_sin.o)
                              c:/program files (x86)/atmel/studio/7.0/toolchain/avr32/avr32-gnu-toolchain/bin/../lib/gcc/avr32/4.4.7/../../../../avr32/lib/ucr2\libm.a(lib_a-s_cos.o) (__kernel_sin)
c:/program files (x86)/atmel/studio/7.0/toolchain/avr32/avr32-gnu-toolchain/bin/../lib/gcc/avr32/4.4.7/../../../../avr32/lib/ucr2\libm.a(lib_a-s_fabs.o)
                              c:/program files (x86)/atmel/studio/7.0/toolchain/avr32/avr32-gnu-toolchain/bin/../lib/gcc/avr32/4.4.7/../../../../avr32/lib/ucr2\libm.a(lib_a-e_rem_pio2.o) (fabs)
c:/program files (x86)/atmel/studio/7.0/toolchain/avr32/avr32-gnu-toolchain/bin/../lib/gcc/avr32/4.4.7/../../../../avr32/lib/ucr2\libm.a(lib_a-s_floor.o)
                              c:/program files (x86)/atmel/studio/7.0/toolchain/avr32/avr32-gnu-toolchain/bin/../lib/gcc/avr32/4.4.7/../../../../avr32/lib/ucr2\libm.a(lib_a-k_rem_pio2.o) (floor)
c:/program files (x86)/atmel/studio/7.0/toolchain/avr32/avr32-gnu-toolchain/bin/../lib/gcc/avr32/4.4.7/../../../../avr32/lib/ucr2\libm.a(lib_a-s_isnand.o)
                              c:/program files (x86)/atmel/studio/7.0/toolchain/avr32/avr32-gnu-toolchain/bin/../lib/gcc/avr32/4.4.7/../../../../avr32/lib/ucr2\libm.a(lib_a-w_sqrt.o) (__isnand)
c:/program files (x86)/atmel/studio/7.0/toolchain/avr32/avr32-gnu-toolchain/bin/../lib/gcc/avr32/4.4.7/../../../../avr32/lib/ucr2\libm.a(lib_a-s_lib_ver.o)
                              c:/program files (x86)/atmel/studio/7.0/toolchain/avr32/avr32-gnu-toolchain/bin/../lib/gcc/avr32/4.4.7/../../../../avr32/lib/ucr2\libm.a(lib_a-w_sqrt.o) (__fdlib_version)
c:/program files (x86)/atmel/studio/7.0/toolchain/avr32/avr32-gnu-toolchain/bin/../lib/gcc/avr32/4.4.7/../../../../avr32/lib/ucr2\libm.a(lib_a-s_matherr.o)
                              c:/program files (x86)/atmel/studio/7.0/toolchain/avr32/avr32-gnu-toolchain/bin/../lib/gcc/avr32/4.4.7/../../../../avr32/lib/ucr2\libm.a(lib_a-w_sqrt.o) (matherr)
c:/program files (x86)/atmel/studio/7.0/toolchain/avr32/avr32-gnu-toolchain/bin/../lib/gcc/avr32/4.4.7/../../../../avr32/lib/ucr2\libm.a(lib_a-s_scalbn.o)
                              c:/program files (x86)/atmel/studio/7.0/toolchain/avr32/avr32-gnu-toolchain/bin/../lib/gcc/avr32/4.4.7/../../../../avr32/lib/ucr2\libm.a(lib_a-k_rem_pio2.o) (scalbn)
c:/program files (x86)/atmel/studio/7.0/toolchain/avr32/avr32-gnu-toolchain/bin/../lib/gcc/avr32/4.4.7/../../../../avr32/lib/ucr2\libm.a(lib_a-s_copysign.o)
[...]
Memory Configuration

Name             Origin             Length             Attributes
FLASH            0x80000000         0x00080000         axrl !w
INTRAM           0x00000004         0x0000fffc         axw !rl
USERPAGE         0x80800000         0x00000200
*default*        0x00000000         0xffffffff

Linker script and memory map

                0x00001000                _stack_size = 0x1000
LOAD src/ASF/avr32/boards/evk1105/led.o
LOAD src/ASF/avr32/components/display/et024006dhu/et024006dhu.o
LOAD src/ASF/avr32/drivers/ebi/smc/smc.o
LOAD src/ASF/avr32/drivers/flashc/flashc.o
LOAD src/ASF/avr32/drivers/gpio/gpio.o
LOAD src/ASF/avr32/drivers/intc/exception.o
LOAD src/ASF/avr32/drivers/intc/intc.o
LOAD src/ASF/avr32/drivers/pm/pm.o
LOAD src/ASF/avr32/drivers/pm/pm_conf_clocks.o
LOAD src/ASF/avr32/drivers/pm/power_clocks_lib.o
LOAD src/ASF/avr32/drivers/pwm/pwm.o
LOAD src/ASF/avr32/utils/startup/startup_uc3.o
LOAD src/ASF/avr32/utils/startup/trampoline_uc3.o
LOAD src/ASF/common/services/clock/uc3a0_a1/sysclk.o
LOAD src/avr32_logo.o
LOAD src/et024006dhu_example.o
START GROUP
LOAD c:/program files (x86)/atmel/studio/7.0/toolchain/avr32/avr32-gnu-toolchain/bin/../lib/gcc/avr32/4.4.7/../../../../avr32/lib/ucr2\libm.a
END GROUP
LOAD c:/program files (x86)/atmel/studio/7.0/toolchain/avr32/avr32-gnu-toolchain/bin/../lib/gcc/avr32/4.4.7/ucr2\libgcc.a
LOAD c:/program files (x86)/atmel/studio/7.0/toolchain/avr32/avr32-gnu-toolchain/bin/../lib/gcc/avr32/4.4.7/../../../../avr32/lib/ucr2\libc.a
LOAD c:/program files (x86)/atmel/studio/7.0/toolchain/avr32/avr32-gnu-toolchain/bin/../lib/gcc/avr32/4.4.7/ucr2\libgcc.a
                0xffffffff                __max_heap_size__ = 0xffffffff
                [0xffffffff]                __heap_size__ = DEFINED (__heap_size__)?__heap_size__:__max_heap_size__
                [0x00001000]                __stack_size__ = DEFINED (__stack_size__)?__stack_size__:0x1000
                0x80000000                PROVIDE (__executable_start, 0x80000000)
                0x80000000                . = 0x80000000

.interp
 *(.interp)

.reset          0x80000000     0x2008
 *(.reset)
 .reset         0x80000000        0x4 src/ASF/avr32/utils/startup/startup_uc3.o
                                  0x8 (size before relaxing)
                0x80000000                _start
 .reset         0x80000004     0x2004 src/ASF/avr32/utils/startup/trampoline_uc3.o
                               0x2008 (size before relaxing)
                0x80000004                _trampoline

.hash
 *(.hash)

.dynsym
 *(.dynsym)

.dynstr
 *(.dynstr)

.gnu.version
 *(.gnu.version)

.gnu.version_d
 *(.gnu.version_d)

.gnu.version_r
 *(.gnu.version_r)

.rel.init
 *(.rel.init)

.rela.init
 *(.rela.init)

.rel.text
 *(.rel.text .rel.text.* .rel.gnu.linkonce.t.*)

.rela.text
 *(.rela.text .rela.text.* .rela.gnu.linkonce.t.*)

.rel.fini
 *(.rel.fini)

.rela.fini
 *(.rela.fini)

.rel.rodata
 *(.rel.rodata .rel.rodata.* .rel.gnu.linkonce.r.*)

.rela.rodata
 *(.rela.rodata .rela.rodata.* .rela.gnu.linkonce.r.*)

.rel.data.rel.ro
 *(.rel.data.rel.ro*)

.rela.data.rel.ro
 *(.rel.data.rel.ro*)

.rel.data
 *(.rel.data .rel.data.* .rel.gnu.linkonce.d.*)

.rela.data
 *(.rela.data .rela.data.* .rela.gnu.linkonce.d.*)

.rel.tdata
 *(.rel.tdata .rel.tdata.* .rel.gnu.linkonce.td.*)

.rela.tdata
 *(.rela.tdata .rela.tdata.* .rela.gnu.linkonce.td.*)

.rel.tbss
 *(.rel.tbss .rel.tbss.* .rel.gnu.linkonce.tb.*)

.rela.tbss
 *(.rela.tbss .rela.tbss.* .rela.gnu.linkonce.tb.*)

.rel.ctors
 *(.rel.ctors)

.rela.ctors
 *(.rela.ctors)

.rel.dtors
 *(.rel.dtors)

.rela.dtors
 *(.rela.dtors)

.rel.got
 *(.rel.got)

.rela.got       0x80002008        0x0
 *(.rela.got)
 .rela.got      0x80002008        0x0 src/ASF/avr32/drivers/flashc/flashc.o

.rel.bss
 *(.rel.bss .rel.bss.* .rel.gnu.linkonce.b.*)

.rela.bss
 *(.rela.bss .rela.bss.* .rela.gnu.linkonce.b.*)

.rel.plt
 *(.rel.plt)

.rela.plt
 *(.rela.plt)

.init
 *(.init)

.plt
 *(.plt)

.text           0x80002008     0x3ba0
 *(.text .stub .text.* .gnu.linkonce.t.*)
 .text.et024006_SetLimits
                0x80002008       0x50 src/ASF/avr32/components/display/et024006dhu/et024006dhu.o
                0x80002008                et024006_SetLimits
 .text.et024006_DrawPixel
                0x80002058       0x28 src/ASF/avr32/components/display/et024006dhu/et024006dhu.o
                0x80002058                et024006_DrawPixel
 .text.et024006_SetQuickLimits
                0x80002080       0x2a src/ASF/avr32/components/display/et024006dhu/et024006dhu.o
                0x80002080                et024006_SetQuickLimits
 *fill*         0x800020aa        0x2 d703d703
 .text.et024006_DrawQuickPixel
                0x800020ac       0x24 src/ASF/avr32/components/display/et024006dhu/et024006dhu.o
                0x800020ac                et024006_DrawQuickPixel
 .text.et024006_PrintString
                0x800020d0      0x23c src/ASF/avr32/components/display/et024006dhu/et024006dhu.o
                0x800020d0                et024006_PrintString
 .text.et024006_DrawLine
                0x8000230c      0x118 src/ASF/avr32/components/display/et024006dhu/et024006dhu.o
                0x8000230c                et024006_DrawLine
 .text.et024006_DuplicatePixel
                0x80002424       0x40 src/ASF/avr32/components/display/et024006dhu/et024006dhu.o
                0x80002424                et024006_DuplicatePixel
 .text.et024006_DrawFilledRect
                0x80002464       0x40 src/ASF/avr32/components/display/et024006dhu/et024006dhu.o
                0x80002464                et024006_DrawFilledRect
 .text.et024006_DrawVertLine
                0x800024a4       0x1c src/ASF/avr32/components/display/et024006dhu/et024006dhu.o
                0x800024a4                et024006_DrawVertLine
 .text.et024006_DrawHorizLine
                0x800024c0       0x18 src/ASF/avr32/components/display/et024006dhu/et024006dhu.o
                0x800024c0                et024006_DrawHorizLine
 .text.et024006_AdjustGamma
                0x800024d8       0x6e src/ASF/avr32/components/display/et024006dhu/et024006dhu.o
 *fill*         0x80002546        0x2 d703d703
 .text.et024006_Init
                0x80002548      0x4a4 src/ASF/avr32/components/display/et024006dhu/et024006dhu.o
                0x80002548                et024006_Init
 .text.smc_init
                0x800029ec      0x11c src/ASF/avr32/drivers/ebi/smc/smc.o
                0x800029ec                smc_init
 .text.gpio_enable_module_pin
                0x80002b08       0x52 src/ASF/avr32/drivers/gpio/gpio.o
                0x80002b08                gpio_enable_module_pin
 *fill*         0x80002b5a        0x2 d703d703
 .text.gpio_enable_module
                0x80002b5c       0x30 src/ASF/avr32/drivers/gpio/gpio.o
                0x80002b5c                gpio_enable_module
 .text.gpio_enable_gpio_pin
                0x80002b8c       0x18 src/ASF/avr32/drivers/gpio/gpio.o
                0x80002b8c                gpio_enable_gpio_pin
 .text.gpio_set_gpio_pin
                0x80002ba4       0x1c src/ASF/avr32/drivers/gpio/gpio.o
                0x80002ba4                gpio_set_gpio_pin
 .text.gpio_clr_gpio_pin
                0x80002bc0       0x1c src/ASF/avr32/drivers/gpio/gpio.o
                0x80002bc0                gpio_clr_gpio_pin
 .text._get_interrupt_handler
                0x80002bdc       0x38 src/ASF/avr32/drivers/intc/intc.o
                0x80002bdc                _get_interrupt_handler
 .text.pm_set_osc0_mode
                0x80002c14        0xa src/ASF/avr32/drivers/pm/pm.o
 *fill*         0x80002c1e        0x2 d703d703
 .text.pm_enable_osc0_crystal
                0x80002c20       0x3c src/ASF/avr32/drivers/pm/pm.o
                0x80002c20                pm_enable_osc0_crystal
 .text.pm_enable_clk0_no_wait
                0x80002c5c       0x10 src/ASF/avr32/drivers/pm/pm.o
                0x80002c5c                pm_enable_clk0_no_wait
 .text.pm_wait_for_clk0_ready
                0x80002c6c        0xa src/ASF/avr32/drivers/pm/pm.o
                0x80002c6c                pm_wait_for_clk0_ready
 *fill*         0x80002c76        0x2 d703d703
 .text.pm_enable_clk0
                0x80002c78       0x1c src/ASF/avr32/drivers/pm/pm.o
                0x80002c78                pm_enable_clk0
 .text.pm_switch_to_clock
                0x80002c94        0xa src/ASF/avr32/drivers/pm/pm.o
                0x80002c94                pm_switch_to_clock
 *fill*         0x80002c9e        0x2 d703d703
 .text.pm_switch_to_osc0
                0x80002ca0       0x2c src/ASF/avr32/drivers/pm/pm.o
                0x80002ca0                pm_switch_to_osc0
 .text.pcl_switch_to_osc
                0x80002ccc       0x1c src/ASF/avr32/drivers/pm/power_clocks_lib.o
                0x80002ccc                pcl_switch_to_osc
 .text.pwm_channel_init
                0x80002ce8       0x36 src/ASF/avr32/drivers/pwm/pwm.o
                0x80002ce8                pwm_channel_init
 .text.pwm_start_channels
                0x80002d1e       0x12 src/ASF/avr32/drivers/pwm/pwm.o
                0x80002d1e                pwm_start_channels
 .text.pwm_async_update_channel
                0x80002d30       0x28 src/ASF/avr32/drivers/pwm/pwm.o
                0x80002d30                pwm_async_update_channel
 .text.pwm_init
                0x80002d58       0x46 src/ASF/avr32/drivers/pwm/pwm.o
                0x80002d58                pwm_init
 *fill*         0x80002d9e        0x2 d703d703
 .text._stext   0x80002da0       0x40 src/ASF/avr32/utils/startup/startup_uc3.o
                                 0x50 (size before relaxing)
                0x80002da0                _stext
 .text.color16  0x80002de0        0xc src/et024006dhu_example.o
                0x80002de0                color16
 .text.to_rad   0x80002dec       0x40 src/et024006dhu_example.o
                0x80002dec                to_rad
 .text.euclidian_distance
                0x80002e2c       0x60 src/et024006dhu_example.o
                0x80002e2c                euclidian_distance
 .text.draw_line2D
                0x80002e8c      0x150 src/et024006dhu_example.o
                0x80002e8c                draw_line2D
 .text.draw_point2D
                0x80002fdc       0xcc src/et024006dhu_example.o
                0x80002fdc                draw_point2D
 .text.draw_impossible_polygon
                0x800030a8      0x3c4 src/et024006dhu_example.o
                0x800030a8                draw_impossible_polygon
 .text.act14    0x8000346c       0xe4 src/et024006dhu_example.o
                0x8000346c                act14
 .text.main     0x80003550      0x168 src/et024006dhu_example.o
                0x80003550                main
 .text.cos      0x800036b8       0x88 c:/program files (x86)/atmel/studio/7.0/toolchain/avr32/avr32-gnu-toolchain/bin/../lib/gcc/avr32/4.4.7/../../../../avr32/lib/ucr2\libm.a(lib_a-s_cos.o)
                                 0x9c (size before relaxing)
                0x800036b8                cos
 .text.round    0x80003740       0xb0 c:/program files (x86)/atmel/studio/7.0/toolchain/avr32/avr32-gnu-toolchain/bin/../lib/gcc/avr32/4.4.7/../../../../avr32/lib/ucr2\libm.a(lib_a-s_round.o)
                                 0xb4 (size before relaxing)
                0x80003740                round
 .text.sin      0x800037f0       0x8c c:/program files (x86)/atmel/studio/7.0/toolchain/avr32/avr32-gnu-toolchain/bin/../lib/gcc/avr32/4.4.7/../../../../avr32/lib/ucr2\libm.a(lib_a-s_sin.o)
                                 0xa0 (size before relaxing)
                0x800037f0                sin
 .text.sqrt     0x8000387c       0x94 c:/program files (x86)/atmel/studio/7.0/toolchain/avr32/avr32-gnu-toolchain/bin/../lib/gcc/avr32/4.4.7/../../../../avr32/lib/ucr2\libm.a(lib_a-w_sqrt.o)
                                 0xb4 (size before relaxing)
                0x8000387c                sqrt
 .text.__ieee754_rem_pio2
                0x80003910      0x468 c:/program files (x86)/atmel/studio/7.0/toolchain/avr32/avr32-gnu-toolchain/bin/../lib/gcc/avr32/4.4.7/../../../../avr32/lib/ucr2\libm.a(lib_a-e_rem_pio2.o)
                                0x4a0 (size before relaxing)
                0x80003910                __ieee754_rem_pio2
 .text.__ieee754_sqrt
                0x80003d78      0x18c c:/program files (x86)/atmel/studio/7.0/toolchain/avr32/avr32-gnu-toolchain/bin/../lib/gcc/avr32/4.4.7/../../../../avr32/lib/ucr2\libm.a(lib_a-e_sqrt.o)
                                0x19c (size before relaxing)
                0x80003d78                __ieee754_sqrt
 .text.__kernel_cos
                0x80003f04      0x1e8 c:/program files (x86)/atmel/studio/7.0/toolchain/avr32/avr32-gnu-toolchain/bin/../lib/gcc/avr32/4.4.7/../../../../avr32/lib/ucr2\libm.a(lib_a-k_cos.o)
                                0x1f8 (size before relaxing)
                0x80003f04                __kernel_cos
 .text.__kernel_rem_pio2
                0x800040ec      0x6e0 c:/program files (x86)/atmel/studio/7.0/toolchain/avr32/avr32-gnu-toolchain/bin/../lib/gcc/avr32/4.4.7/../../../../avr32/lib/ucr2\libm.a(lib_a-k_rem_pio2.o)
                                0x718 (size before relaxing)
                0x800040ec                __kernel_rem_pio2
 .text.__kernel_sin
                0x800047cc      0x17c c:/program files (x86)/atmel/studio/7.0/toolchain/avr32/avr32-gnu-toolchain/bin/../lib/gcc/avr32/4.4.7/../../../../avr32/lib/ucr2\libm.a(lib_a-k_sin.o)
                                0x1a4 (size before relaxing)
                0x800047cc                __kernel_sin
 .text.fabs     0x80004948        0x8 c:/program files (x86)/atmel/studio/7.0/toolchain/avr32/avr32-gnu-toolchain/bin/../lib/gcc/avr32/4.4.7/../../../../avr32/lib/ucr2\libm.a(lib_a-s_fabs.o)
                0x80004948                fabs
 .text.floor    0x80004950      0x120 c:/program files (x86)/atmel/studio/7.0/toolchain/avr32/avr32-gnu-toolchain/bin/../lib/gcc/avr32/4.4.7/../../../../avr32/lib/ucr2\libm.a(lib_a-s_floor.o)
                                0x128 (size before relaxing)
                0x80004950                floor
 .text.__isnand
                0x80004a70       0x1c c:/program files (x86)/atmel/studio/7.0/toolchain/avr32/avr32-gnu-toolchain/bin/../lib/gcc/avr32/4.4.7/../../../../avr32/lib/ucr2\libm.a(lib_a-s_isnand.o)
                0x80004a70                __isnand
 .text.matherr  0x80004a8c        0x2 c:/program files (x86)/atmel/studio/7.0/toolchain/avr32/avr32-gnu-toolchain/bin/../lib/gcc/avr32/4.4.7/../../../../avr32/lib/ucr2\libm.a(lib_a-s_matherr.o)
                0x80004a8c                matherr
 *fill*         0x80004a8e        0x2 d703d703
 .text.scalbn   0x80004a90       0xdc c:/program files (x86)/atmel/studio/7.0/toolchain/avr32/avr32-gnu-toolchain/bin/../lib/gcc/avr32/4.4.7/../../../../avr32/lib/ucr2\libm.a(lib_a-s_scalbn.o)
                                 0xf0 (size before relaxing)
                0x80004a90                scalbn
 .text.copysign
                0x80004b6c       0x18 c:/program files (x86)/atmel/studio/7.0/toolchain/avr32/avr32-gnu-toolchain/bin/../lib/gcc/avr32/4.4.7/../../../../avr32/lib/ucr2\libm.a(lib_a-s_copysign.o)
                0x80004b6c                copysign
 .text          0x80004b84      0x1d4 c:/program files (x86)/atmel/studio/7.0/toolchain/avr32/avr32-gnu-toolchain/bin/../lib/gcc/avr32/4.4.7/ucr2\libgcc.a(_avr32_f64_mul.o)
                0x80004b84                __avr32_f64_mul
 .text          0x80004d58      0x2b0 c:/program files (x86)/atmel/studio/7.0/toolchain/avr32/avr32-gnu-toolchain/bin/../lib/gcc/avr32/4.4.7/ucr2\libgcc.a(_avr32_f64_addsub.o)
                0x80004d5c                __avr32_f64_sub
                0x80004ef8                __avr32_f64_add
 .text          0x80005008       0x2a c:/program files (x86)/atmel/studio/7.0/toolchain/avr32/avr32-gnu-toolchain/bin/../lib/gcc/avr32/4.4.7/ucr2\libgcc.a(_avr32_f64_to_s32.o)
                0x80005008                __avr32_f64_to_u32
                0x8000500c                __avr32_f64_to_s32
 .text          0x80005032       0xe8 c:/program files (x86)/atmel/studio/7.0/toolchain/avr32/avr32-gnu-toolchain/bin/../lib/gcc/avr32/4.4.7/ucr2\libgcc.a(_avr32_s32_to_f64.o)
                0x80005032                __avr32_u32_to_f64
                0x8000503a                __avr32_s32_to_f64
 .text          0x8000511a       0x26 c:/program files (x86)/atmel/studio/7.0/toolchain/avr32/avr32-gnu-toolchain/bin/../lib/gcc/avr32/4.4.7/ucr2\libgcc.a(_avr32_f64_cmp_eq.o)
                0x8000511a                __avr32_f64_cmp_eq
 .text          0x80005140       0x68 c:/program files (x86)/atmel/studio/7.0/toolchain/avr32/avr32-gnu-toolchain/bin/../lib/gcc/avr32/4.4.7/ucr2\libgcc.a(_avr32_f64_cmp_ge.o)
                0x80005140                __avr32_f64_cmp_ge
 .text          0x800051a8       0x68 c:/program files (x86)/atmel/studio/7.0/toolchain/avr32/avr32-gnu-toolchain/bin/../lib/gcc/avr32/4.4.7/ucr2\libgcc.a(_avr32_f64_cmp_lt.o)
                0x800051a8                __avr32_f64_cmp_lt
 .text          0x80005210       0x34 c:/program files (x86)/atmel/studio/7.0/toolchain/avr32/avr32-gnu-toolchain/bin/../lib/gcc/avr32/4.4.7/ucr2\libgcc.a(_avr32_f32_cmp_ge.o)
                0x80005210                __avr32_f32_cmp_ge
 .text          0x80005244      0x318 c:/program files (x86)/atmel/studio/7.0/toolchain/avr32/avr32-gnu-toolchain/bin/../lib/gcc/avr32/4.4.7/ucr2\libgcc.a(_avr32_f64_div.o)
                0x80005244                __avr32_f64_div
 .text          0x8000555c      0x180 c:/program files (x86)/atmel/studio/7.0/toolchain/avr32/avr32-gnu-toolchain/bin/../lib/gcc/avr32/4.4.7/ucr2\libgcc.a(_avr32_f32_addsub.o)
                0x80005560                __avr32_f32_sub
                0x80005630                __avr32_f32_add
 .text          0x800056dc       0xe2 c:/program files (x86)/atmel/studio/7.0/toolchain/avr32/avr32-gnu-toolchain/bin/../lib/gcc/avr32/4.4.7/ucr2\libgcc.a(_avr32_f32_mul.o)
                0x800056dc                __avr32_f32_mul
 .text          0x800057be       0x74 c:/program files (x86)/atmel/studio/7.0/toolchain/avr32/avr32-gnu-toolchain/bin/../lib/gcc/avr32/4.4.7/ucr2\libgcc.a(_avr32_s32_to_f32.o)
                0x800057be                __avr32_s32_to_f32
 .text          0x80005832       0x1a c:/program files (x86)/atmel/studio/7.0/toolchain/avr32/avr32-gnu-toolchain/bin/../lib/gcc/avr32/4.4.7/ucr2\libgcc.a(_avr32_f32_to_u32.o)
                0x80005832                __avr32_f32_to_u32
 .text          0x8000584c       0x60 c:/program files (x86)/atmel/studio/7.0/toolchain/avr32/avr32-gnu-toolchain/bin/../lib/gcc/avr32/4.4.7/ucr2\libgcc.a(_avr32_f32_to_f64.o)
                0x8000584c                __avr32_f32_to_f64
 .text          0x800058ac       0x8a c:/program files (x86)/atmel/studio/7.0/toolchain/avr32/avr32-gnu-toolchain/bin/../lib/gcc/avr32/4.4.7/ucr2\libgcc.a(_avr32_f64_to_f32.o)
                0x800058ac                __avr32_f64_to_f32
 .text          0x80005936      0x264 c:/program files (x86)/atmel/studio/7.0/toolchain/avr32/avr32-gnu-toolchain/bin/../lib/gcc/avr32/4.4.7/ucr2\libgcc.a(_udivdi3.o)
                0x80005936                __avr32_udiv64
                0x80005936                __udivdi3
 *fill*         0x80005b9a        0x2 d703d703
 .text.__errno  0x80005b9c        0xc c:/program files (x86)/atmel/studio/7.0/toolchain/avr32/avr32-gnu-toolchain/bin/../lib/gcc/avr32/4.4.7/../../../../avr32/lib/ucr2\libc.a(lib_a-errno.o)
                0x80005b9c                __errno
 *(.text.*personality*)
 *(.gnu.warning)

.exception      0x80005c00      0x200
 .exception     0x80005c00      0x200 src/ASF/avr32/drivers/intc/exception.o
                0x80005c00                _evba
                0x80005d04                _int0
                0x80005d12                _int1
                0x80005d20                _int2
                0x80005d2e                _int3

.fini
 *(.fini)
                0x80005e00                PROVIDE (__etext, .)
                0x80005e00                PROVIDE (_etext, .)
                0x80005e00                PROVIDE (etext, .)

.rodata         0x80005e00      0x6ac
 *(.rodata .rodata.* .gnu.linkonce.r.*)
 .rodata.FONT6x8
                0x80005e00      0x308 src/ASF/avr32/components/display/et024006dhu/et024006dhu.o
                0x80005e00                FONT6x8
 .rodata.SMC_EBI_GPIO_MAP.10633
                0x80006108       0xa0 src/ASF/avr32/drivers/ebi/smc/smc.o
 .rodata._int_handler_table
                0x800061a8       0xa0 src/ASF/avr32/drivers/intc/intc.o
 .rodata.str1.4
                0x80006248       0x1d src/et024006dhu_example.o
                                 0x20 (size before relaxing)
 *fill*         0x80006265        0x3 
 .rodata.str1.4
                0x80006268        0x5 c:/program files (x86)/atmel/studio/7.0/toolchain/avr32/avr32-gnu-toolchain/bin/../lib/gcc/avr32/4.4.7/../../../../avr32/lib/ucr2\libm.a(lib_a-w_sqrt.o)
                                  0x8 (size before relaxing)
 *fill*         0x8000626d        0x3 
 .rodata.npio2_hw
                0x80006270       0x80 c:/program files (x86)/atmel/studio/7.0/toolchain/avr32/avr32-gnu-toolchain/bin/../lib/gcc/avr32/4.4.7/../../../../avr32/lib/ucr2\libm.a(lib_a-e_rem_pio2.o)
 .rodata.two_over_pi
                0x800062f0      0x108 c:/program files (x86)/atmel/studio/7.0/toolchain/avr32/avr32-gnu-toolchain/bin/../lib/gcc/avr32/4.4.7/../../../../avr32/lib/ucr2\libm.a(lib_a-e_rem_pio2.o)
 .rodata.init_jk
                0x800063f8       0x10 c:/program files (x86)/atmel/studio/7.0/toolchain/avr32/avr32-gnu-toolchain/bin/../lib/gcc/avr32/4.4.7/../../../../avr32/lib/ucr2\libm.a(lib_a-k_rem_pio2.o)
 .rodata.PIo2   0x80006408       0x40 c:/program files (x86)/atmel/studio/7.0/toolchain/avr32/avr32-gnu-toolchain/bin/../lib/gcc/avr32/4.4.7/../../../../avr32/lib/ucr2\libm.a(lib_a-k_rem_pio2.o)
 .rodata.str1.4
                0x80006448        0x4 c:/program files (x86)/atmel/studio/7.0/toolchain/avr32/avr32-gnu-toolchain/bin/../lib/gcc/avr32/4.4.7/../../../../avr32/lib/ucr2\libc.a(lib_a-impure.o)
 .rodata.__sf_fake_stdin
                0x8000644c       0x20 c:/program files (x86)/atmel/studio/7.0/toolchain/avr32/avr32-gnu-toolchain/bin/../lib/gcc/avr32/4.4.7/../../../../avr32/lib/ucr2\libc.a(lib_a-findfp.o)
                0x8000644c                __sf_fake_stdin
 .rodata.__sf_fake_stdout
                0x8000646c       0x20 c:/program files (x86)/atmel/studio/7.0/toolchain/avr32/avr32-gnu-toolchain/bin/../lib/gcc/avr32/4.4.7/../../../../avr32/lib/ucr2\libc.a(lib_a-findfp.o)
                0x8000646c                __sf_fake_stdout
 .rodata.__sf_fake_stderr
                0x8000648c       0x20 c:/program files (x86)/atmel/studio/7.0/toolchain/avr32/avr32-gnu-toolchain/bin/../lib/gcc/avr32/4.4.7/../../../../avr32/lib/ucr2\libc.a(lib_a-findfp.o)
                0x8000648c                __sf_fake_stderr

.rodata1
 *(.rodata1)

.eh_frame_hdr
 *(.eh_frame_hdr)

.eh_frame
 *(.eh_frame)

.gcc_except_table
 *(.gcc_except_table)
 *(.gcc_except_table.*)

.lalign         0x800064ac        0x4
                0x800064b0                . = ALIGN (0x8)
 *fill*         0x800064ac        0x4 
                0x800064b0                PROVIDE (_data_lma, .)
                0x00000004                . = ORIGIN (INTRAM)

.dalign         0x00000004        0x4
                0x00000008                . = ALIGN (0x8)
 *fill*         0x00000004        0x4 
                0x00000008                PROVIDE (_data, .)

.eh_frame
 *(.eh_frame)

.gcc_except_table
 *(.gcc_except_table)
 *(.gcc_except_table.*)

.tdata
 *(.tdata .tdata.* .gnu.linkonce.td.*)

.tbss
 *(.tbss .tbss.* .gnu.linkonce.tb.*)
 *(.tcommon)
                0x00000008                PROVIDE (__preinit_array_start, ALIGN (0x4))

.preinit_array
 *(.preinit_array)
                0x00000008                PROVIDE (__preinit_array_end, .)
                0x00000008                PROVIDE (__init_array_start, .)

.init_array
 *(.init_array)
                0x00000008                PROVIDE (__init_array_end, .)
                0x00000008                PROVIDE (__fini_array_start, .)

.fini_array
 *(.fini_array)
                0x00000008                PROVIDE (__fini_array_end, .)

.ctors
 *crtbegin*.o(.ctors)
 *(EXCLUDE_FILE(*crtend*.o) .ctors)
 *(SORT(.ctors.*))
 *(.ctors)

.dtors
 *crtbegin*.o(.dtors)
 *(EXCLUDE_FILE(*crtend*.o) .dtors)
 *(SORT(.dtors.*))
 *(.dtors)

.jcr
 *(.jcr)

.data.rel.ro
 *(.data.rel.ro.local)
 *(.data.rel.ro*)

.dynamic
 *(.dynamic)

.got
 *(.got.plt)
 *(.got)

.ramtext
 *(.ramtext .ramtext.*)

.ddalign        0x00000008        0x0 load address 0x800064b0
                0x00000008                . = ALIGN (0x8)

.data           0x00000008      0x118 load address 0x800064b0
 *(.data .data.* .gnu.linkonce.d.*)
 .data.pwm_channel6
                0x00000008       0x20 src/et024006dhu_example.o
                0x00000008                pwm_channel6
 .data.__fdlib_version
                0x00000028        0x4 c:/program files (x86)/atmel/studio/7.0/toolchain/avr32/avr32-gnu-toolchain/bin/../lib/gcc/avr32/4.4.7/../../../../avr32/lib/ucr2\libm.a(lib_a-s_lib_ver.o)
                0x00000028                __fdlib_version
 .data.impure_data
                0x0000002c       0xf0 c:/program files (x86)/atmel/studio/7.0/toolchain/avr32/avr32-gnu-toolchain/bin/../lib/gcc/avr32/4.4.7/../../../../avr32/lib/ucr2\libc.a(lib_a-impure.o)
 .data._impure_ptr
                0x0000011c        0x4 c:/program files (x86)/atmel/studio/7.0/toolchain/avr32/avr32-gnu-toolchain/bin/../lib/gcc/avr32/4.4.7/../../../../avr32/lib/ucr2\libc.a(lib_a-impure.o)
                0x0000011c                _impure_ptr
 *(.gnu.linkonce.d.*personality*)

.data1
 *(.data1)

.balign         0x00000120        0x0 load address 0x800065c8
                0x00000120                . = ALIGN (0x8)
                0x00000120                PROVIDE (_edata, .)
                0x00000120                PROVIDE (edata, .)
                0x00000120                __bss_start = .

.bss            0x00000120      0x100
 *(.dynbss)
 *(.bss .bss.* .gnu.linkonce.b.*)
 .bss.tft_data  0x00000120        0x8 src/ASF/avr32/components/display/et024006dhu/et024006dhu.o
 .bss.smc_tab_cs_size
                0x00000128        0x8 src/ASF/avr32/drivers/ebi/smc/smc.o
 .bss._int_line_handler_table_6
                0x00000130        0x4 src/ASF/avr32/drivers/intc/intc.o
 .bss._int_line_handler_table_7
                0x00000134        0x4 src/ASF/avr32/drivers/intc/intc.o
 .bss._int_line_handler_table_8
                0x00000138        0x4 src/ASF/avr32/drivers/intc/intc.o
 .bss._int_line_handler_table_9
                0x0000013c        0x4 src/ASF/avr32/drivers/intc/intc.o
 .bss._int_line_handler_table_10
                0x00000140        0x4 src/ASF/avr32/drivers/intc/intc.o
 .bss._int_line_handler_table_11
                0x00000144        0x4 src/ASF/avr32/drivers/intc/intc.o
 .bss._int_line_handler_table_12
                0x00000148        0x4 src/ASF/avr32/drivers/intc/intc.o
 .bss._int_line_handler_table_13
                0x0000014c        0x4 src/ASF/avr32/drivers/intc/intc.o
 .bss._int_line_handler_table_14
                0x00000150        0xc src/ASF/avr32/drivers/intc/intc.o
 .bss._int_line_handler_table_15
                0x0000015c        0x4 src/ASF/avr32/drivers/intc/intc.o
 .bss._int_line_handler_table_16
                0x00000160        0x4 src/ASF/avr32/drivers/intc/intc.o
 .bss._int_line_handler_table_17
                0x00000164        0x4 src/ASF/avr32/drivers/intc/intc.o
 .bss._int_line_handler_table_18
                0x00000168        0x4 src/ASF/avr32/drivers/intc/intc.o
 .bss._int_line_handler_table_19
                0x0000016c        0x4 src/ASF/avr32/drivers/intc/intc.o
 .bss._int_line_handler_table_0
                0x00000170        0x4 src/ASF/avr32/drivers/intc/intc.o
 .bss._int_line_handler_table_1
                0x00000174       0x2c src/ASF/avr32/drivers/intc/intc.o
 .bss._int_line_handler_table_2
                0x000001a0       0x38 src/ASF/avr32/drivers/intc/intc.o
 .bss._int_line_handler_table_3
                0x000001d8       0x3c src/ASF/avr32/drivers/intc/intc.o
 .bss._int_line_handler_table_4
                0x00000214        0x4 src/ASF/avr32/drivers/intc/intc.o
 .bss._int_line_handler_table_5
                0x00000218        0x4 src/ASF/avr32/drivers/intc/intc.o
 *(COMMON)
                0x00000220                . = ALIGN (0x8)
 *fill*         0x0000021c        0x4 
                0x00000220                . = ALIGN (0x8)
                0x00000220                _end = .
                0x00000220                PROVIDE (end, .)
                0x00000220                __heap_start__ = ALIGN (0x8)

.heap           0x00000220     0xede0
 *(.heap)
                0x0000ede0                . = (__heap_size__ == __max_heap_size__)?(((ORIGIN (INTRAM) + 0xfffc) - __stack_size__) - ABSOLUTE (.)):__heap_size__
 *fill*         0x00000220     0xede0 
                0x0000f000                __heap_end__ = .

.stab
 *(.stab)

.stabstr
 *(.stabstr)

.stab.excl
 *(.stab.excl)

.stab.exclstr
 *(.stab.exclstr)

.stab.index
 *(.stab.index)

.stab.indexstr
 *(.stab.indexstr)

.comment        0x00000000       0x30
 *(.comment)
 .comment       0x00000000       0x30 src/ASF/avr32/components/display/et024006dhu/et024006dhu.o
                                 0x31 (size before relaxing)
 .comment       0x00000000       0x31 src/ASF/avr32/drivers/ebi/smc/smc.o
 .comment       0x00000000       0x31 src/ASF/avr32/drivers/gpio/gpio.o
 .comment       0x00000000       0x31 src/ASF/avr32/drivers/intc/intc.o
 .comment       0x00000000       0x31 src/ASF/avr32/drivers/pm/pm.o
 .comment       0x00000000       0x31 src/ASF/avr32/drivers/pm/power_clocks_lib.o
 .comment       0x00000000       0x31 src/ASF/avr32/drivers/pwm/pwm.o
 .comment       0x00000000       0x31 src/et024006dhu_example.o
 .comment       0x00000000       0x31 c:/program files (x86)/atmel/studio/7.0/toolchain/avr32/avr32-gnu-toolchain/bin/../lib/gcc/avr32/4.4.7/../../../../avr32/lib/ucr2\libm.a(lib_a-s_cos.o)
 .comment       0x00000000       0x31 c:/program files (x86)/atmel/studio/7.0/toolchain/avr32/avr32-gnu-toolchain/bin/../lib/gcc/avr32/4.4.7/../../../../avr32/lib/ucr2\libm.a(lib_a-s_round.o)
 .comment       0x00000000       0x31 c:/program files (x86)/atmel/studio/7.0/toolchain/avr32/avr32-gnu-toolchain/bin/../lib/gcc/avr32/4.4.7/../../../../avr32/lib/ucr2\libm.a(lib_a-s_sin.o)
 .comment       0x00000000       0x31 c:/program files (x86)/atmel/studio/7.0/toolchain/avr32/avr32-gnu-toolchain/bin/../lib/gcc/avr32/4.4.7/../../../../avr32/lib/ucr2\libm.a(lib_a-w_sqrt.o)
 .comment       0x00000000       0x31 c:/program files (x86)/atmel/studio/7.0/toolchain/avr32/avr32-gnu-toolchain/bin/../lib/gcc/avr32/4.4.7/../../../../avr32/lib/ucr2\libm.a(lib_a-e_rem_pio2.o)
 .comment       0x00000000       0x31 c:/program files (x86)/atmel/studio/7.0/toolchain/avr32/avr32-gnu-toolchain/bin/../lib/gcc/avr32/4.4.7/../../../../avr32/lib/ucr2\libm.a(lib_a-e_sqrt.o)
 .comment       0x00000000       0x31 c:/program files (x86)/atmel/studio/7.0/toolchain/avr32/avr32-gnu-toolchain/bin/../lib/gcc/avr32/4.4.7/../../../../avr32/lib/ucr2\libm.a(lib_a-k_cos.o)
 .comment       0x00000000       0x31 c:/program files (x86)/atmel/studio/7.0/toolchain/avr32/avr32-gnu-toolchain/bin/../lib/gcc/avr32/4.4.7/../../../../avr32/lib/ucr2\libm.a(lib_a-k_rem_pio2.o)
 .comment       0x00000000       0x31 c:/program files (x86)/atmel/studio/7.0/toolchain/avr32/avr32-gnu-toolchain/bin/../lib/gcc/avr32/4.4.7/../../../../avr32/lib/ucr2\libm.a(lib_a-k_sin.o)
 .comment       0x00000000       0x31 c:/program files (x86)/atmel/studio/7.0/toolchain/avr32/avr32-gnu-toolchain/bin/../lib/gcc/avr32/4.4.7/../../../../avr32/lib/ucr2\libm.a(lib_a-s_fabs.o)
 .comment       0x00000000       0x31 c:/program files (x86)/atmel/studio/7.0/toolchain/avr32/avr32-gnu-toolchain/bin/../lib/gcc/avr32/4.4.7/../../../../avr32/lib/ucr2\libm.a(lib_a-s_floor.o)
 .comment       0x00000000       0x31 c:/program files (x86)/atmel/studio/7.0/toolchain/avr32/avr32-gnu-toolchain/bin/../lib/gcc/avr32/4.4.7/../../../../avr32/lib/ucr2\libm.a(lib_a-s_isnand.o)
 .comment       0x00000000       0x31 c:/program files (x86)/atmel/studio/7.0/toolchain/avr32/avr32-gnu-toolchain/bin/../lib/gcc/avr32/4.4.7/../../../../avr32/lib/ucr2\libm.a(lib_a-s_lib_ver.o)
 .comment       0x00000000       0x31 c:/program files (x86)/atmel/studio/7.0/toolchain/avr32/avr32-gnu-toolchain/bin/../lib/gcc/avr32/4.4.7/../../../../avr32/lib/ucr2\libm.a(lib_a-s_matherr.o)
 .comment       0x00000000       0x31 c:/program files (x86)/atmel/studio/7.0/toolchain/avr32/avr32-gnu-toolchain/bin/../lib/gcc/avr32/4.4.7/../../../../avr32/lib/ucr2\libm.a(lib_a-s_scalbn.o)
 .comment       0x00000000       0x31 c:/program files (x86)/atmel/studio/7.0/toolchain/avr32/avr32-gnu-toolchain/bin/../lib/gcc/avr32/4.4.7/../../../../avr32/lib/ucr2\libm.a(lib_a-s_copysign.o)
 .comment       0x00000000       0x31 c:/program files (x86)/atmel/studio/7.0/toolchain/avr32/avr32-gnu-toolchain/bin/../lib/gcc/avr32/4.4.7/ucr2\libgcc.a(_udivdi3.o)
 .comment       0x00000000       0x31 c:/program files (x86)/atmel/studio/7.0/toolchain/avr32/avr32-gnu-toolchain/bin/../lib/gcc/avr32/4.4.7/../../../../avr32/lib/ucr2\libc.a(lib_a-errno.o)
 .comment       0x00000000       0x31 c:/program files (x86)/atmel/studio/7.0/toolchain/avr32/avr32-gnu-toolchain/bin/../lib/gcc/avr32/4.4.7/../../../../avr32/lib/ucr2\libc.a(lib_a-impure.o)
 .comment       0x00000000       0x31 c:/program files (x86)/atmel/studio/7.0/toolchain/avr32/avr32-gnu-toolchain/bin/../lib/gcc/avr32/4.4.7/../../../../avr32/lib/ucr2\libc.a(lib_a-findfp.o)

.debug
 *(.debug)

.line
 *(.line)

.debug_srcinfo
 *(.debug_srcinfo)

.debug_sfnames
 *(.debug_sfnames)

.debug_aranges  0x00000000      0x810
 *(.debug_aranges)
 .debug_aranges
                0x00000000      0x110 src/ASF/avr32/components/display/et024006dhu/et024006dhu.o
 .debug_aranges
                0x00000110       0x28 src/ASF/avr32/drivers/ebi/smc/smc.o
 .debug_aranges
                0x00000138      0x100 src/ASF/avr32/drivers/gpio/gpio.o
 .debug_aranges
                0x00000238       0x20 src/ASF/avr32/drivers/intc/exception.o
 .debug_aranges
                0x00000258       0x38 src/ASF/avr32/drivers/intc/intc.o
 .debug_aranges
                0x00000290      0x190 src/ASF/avr32/drivers/pm/pm.o
 .debug_aranges
                0x00000420       0x40 src/ASF/avr32/drivers/pm/power_clocks_lib.o
 .debug_aranges
                0x00000460       0x48 src/ASF/avr32/drivers/pwm/pwm.o
 .debug_aranges
                0x000004a8       0x28 src/ASF/avr32/utils/startup/startup_uc3.o
 .debug_aranges
                0x000004d0       0x20 src/ASF/avr32/utils/startup/trampoline_uc3.o
 .debug_aranges
                0x000004f0       0x80 src/et024006dhu_example.o
 .debug_aranges
                0x00000570       0x20 c:/program files (x86)/atmel/studio/7.0/toolchain/avr32/avr32-gnu-toolchain/bin/../lib/gcc/avr32/4.4.7/../../../../avr32/lib/ucr2\libm.a(lib_a-s_cos.o)
 .debug_aranges
                0x00000590       0x20 c:/program files (x86)/atmel/studio/7.0/toolchain/avr32/avr32-gnu-toolchain/bin/../lib/gcc/avr32/4.4.7/../../../../avr32/lib/ucr2\libm.a(lib_a-s_round.o)
 .debug_aranges
                0x000005b0       0x20 c:/program files (x86)/atmel/studio/7.0/toolchain/avr32/avr32-gnu-toolchain/bin/../lib/gcc/avr32/4.4.7/../../../../avr32/lib/ucr2\libm.a(lib_a-s_sin.o)
 .debug_aranges
                0x000005d0       0x20 c:/program files (x86)/atmel/studio/7.0/toolchain/avr32/avr32-gnu-toolchain/bin/../lib/gcc/avr32/4.4.7/../../../../avr32/lib/ucr2\libm.a(lib_a-w_sqrt.o)
 .debug_aranges
                0x000005f0       0x20 c:/program files (x86)/atmel/studio/7.0/toolchain/avr32/avr32-gnu-toolchain/bin/../lib/gcc/avr32/4.4.7/../../../../avr32/lib/ucr2\libm.a(lib_a-e_rem_pio2.o)
 .debug_aranges
                0x00000610       0x20 c:/program files (x86)/atmel/studio/7.0/toolchain/avr32/avr32-gnu-toolchain/bin/../lib/gcc/avr32/4.4.7/../../../../avr32/lib/ucr2\libm.a(lib_a-e_sqrt.o)
 .debug_aranges
                0x00000630       0x20 c:/program files (x86)/atmel/studio/7.0/toolchain/avr32/avr32-gnu-toolchain/bin/../lib/gcc/avr32/4.4.7/../../../../avr32/lib/ucr2\libm.a(lib_a-k_cos.o)
 .debug_aranges
                0x00000650       0x20 c:/program files (x86)/atmel/studio/7.0/toolchain/avr32/avr32-gnu-toolchain/bin/../lib/gcc/avr32/4.4.7/../../../../avr32/lib/ucr2\libm.a(lib_a-k_rem_pio2.o)
 .debug_aranges
                0x00000670       0x20 c:/program files (x86)/atmel/studio/7.0/toolchain/avr32/avr32-gnu-toolchain/bin/../lib/gcc/avr32/4.4.7/../../../../avr32/lib/ucr2\libm.a(lib_a-k_sin.o)
 .debug_aranges
                0x00000690       0x20 c:/program files (x86)/atmel/studio/7.0/toolchain/avr32/avr32-gnu-toolchain/bin/../lib/gcc/avr32/4.4.7/../../../../avr32/lib/ucr2\libm.a(lib_a-s_fabs.o)
 .debug_aranges
                0x000006b0       0x20 c:/program files (x86)/atmel/studio/7.0/toolchain/avr32/avr32-gnu-toolchain/bin/../lib/gcc/avr32/4.4.7/../../../../avr32/lib/ucr2\libm.a(lib_a-s_floor.o)
 .debug_aranges
                0x000006d0       0x20 c:/program files (x86)/atmel/studio/7.0/toolchain/avr32/avr32-gnu-toolchain/bin/../lib/gcc/avr32/4.4.7/../../../../avr32/lib/ucr2\libm.a(lib_a-s_isnand.o)
 .debug_aranges
                0x000006f0       0x20 c:/program files (x86)/atmel/studio/7.0/toolchain/avr32/avr32-gnu-toolchain/bin/../lib/gcc/avr32/4.4.7/../../../../avr32/lib/ucr2\libm.a(lib_a-s_matherr.o)
 .debug_aranges
                0x00000710       0x20 c:/program files (x86)/atmel/studio/7.0/toolchain/avr32/avr32-gnu-toolchain/bin/../lib/gcc/avr32/4.4.7/../../../../avr32/lib/ucr2\libm.a(lib_a-s_scalbn.o)
 .debug_aranges
                0x00000730       0x20 c:/program files (x86)/atmel/studio/7.0/toolchain/avr32/avr32-gnu-toolchain/bin/../lib/gcc/avr32/4.4.7/../../../../avr32/lib/ucr2\libm.a(lib_a-s_copysign.o)
 .debug_aranges
                0x00000750       0x20 c:/program files (x86)/atmel/studio/7.0/toolchain/avr32/avr32-gnu-toolchain/bin/../lib/gcc/avr32/4.4.7/ucr2\libgcc.a(_udivdi3.o)
 .debug_aranges
                0x00000770       0x20 c:/program files (x86)/atmel/studio/7.0/toolchain/avr32/avr32-gnu-toolchain/bin/../lib/gcc/avr32/4.4.7/../../../../avr32/lib/ucr2\libc.a(lib_a-errno.o)
 .debug_aranges
                0x00000790       0x80 c:/program files (x86)/atmel/studio/7.0/toolchain/avr32/avr32-gnu-toolchain/bin/../lib/gcc/avr32/4.4.7/../../../../avr32/lib/ucr2\libc.a(lib_a-findfp.o)

.debug_pubnames
                0x00000000     0x1056
 *(.debug_pubnames)
 .debug_pubnames
                0x00000000      0x317 src/ASF/avr32/components/display/et024006dhu/et024006dhu.o
 .debug_pubnames
                0x00000317       0x33 src/ASF/avr32/drivers/ebi/smc/smc.o
 .debug_pubnames
                0x0000034a      0x330 src/ASF/avr32/drivers/gpio/gpio.o
 .debug_pubnames
                0x0000067a       0x62 src/ASF/avr32/drivers/intc/intc.o
 .debug_pubnames
                0x000006dc      0x3ee src/ASF/avr32/drivers/pm/pm.o
 .debug_pubnames
                0x00000aca       0x82 src/ASF/avr32/drivers/pm/power_clocks_lib.o
 .debug_pubnames
                0x00000b4c       0x9a src/ASF/avr32/drivers/pwm/pwm.o
 .debug_pubnames
                0x00000be6       0xe3 src/et024006dhu_example.o
 .debug_pubnames
                0x00000cc9       0x1a c:/program files (x86)/atmel/studio/7.0/toolchain/avr32/avr32-gnu-toolchain/bin/../lib/gcc/avr32/4.4.7/../../../../avr32/lib/ucr2\libm.a(lib_a-s_cos.o)
 .debug_pubnames
                0x00000ce3       0x1c c:/program files (x86)/atmel/studio/7.0/toolchain/avr32/avr32-gnu-toolchain/bin/../lib/gcc/avr32/4.4.7/../../../../avr32/lib/ucr2\libm.a(lib_a-s_round.o)
 .debug_pubnames
                0x00000cff       0x1a c:/program files (x86)/atmel/studio/7.0/toolchain/avr32/avr32-gnu-toolchain/bin/../lib/gcc/avr32/4.4.7/../../../../avr32/lib/ucr2\libm.a(lib_a-s_sin.o)
 .debug_pubnames
                0x00000d19       0x1b c:/program files (x86)/atmel/studio/7.0/toolchain/avr32/avr32-gnu-toolchain/bin/../lib/gcc/avr32/4.4.7/../../../../avr32/lib/ucr2\libm.a(lib_a-w_sqrt.o)
 .debug_pubnames
                0x00000d34       0x29 c:/program files (x86)/atmel/studio/7.0/toolchain/avr32/avr32-gnu-toolchain/bin/../lib/gcc/avr32/4.4.7/../../../../avr32/lib/ucr2\libm.a(lib_a-e_rem_pio2.o)
 .debug_pubnames
                0x00000d5d       0x25 c:/program files (x86)/atmel/studio/7.0/toolchain/avr32/avr32-gnu-toolchain/bin/../lib/gcc/avr32/4.4.7/../../../../avr32/lib/ucr2\libm.a(lib_a-e_sqrt.o)
 .debug_pubnames
                0x00000d82       0x23 c:/program files (x86)/atmel/studio/7.0/toolchain/avr32/avr32-gnu-toolchain/bin/../lib/gcc/avr32/4.4.7/../../../../avr32/lib/ucr2\libm.a(lib_a-k_cos.o)
 .debug_pubnames
                0x00000da5       0x28 c:/program files (x86)/atmel/studio/7.0/toolchain/avr32/avr32-gnu-toolchain/bin/../lib/gcc/avr32/4.4.7/../../../../avr32/lib/ucr2\libm.a(lib_a-k_rem_pio2.o)
 .debug_pubnames
                0x00000dcd       0x23 c:/program files (x86)/atmel/studio/7.0/toolchain/avr32/avr32-gnu-toolchain/bin/../lib/gcc/avr32/4.4.7/../../../../avr32/lib/ucr2\libm.a(lib_a-k_sin.o)
 .debug_pubnames
                0x00000df0       0x1b c:/program files (x86)/atmel/studio/7.0/toolchain/avr32/avr32-gnu-toolchain/bin/../lib/gcc/avr32/4.4.7/../../../../avr32/lib/ucr2\libm.a(lib_a-s_fabs.o)
 .debug_pubnames
                0x00000e0b       0x1c c:/program files (x86)/atmel/studio/7.0/toolchain/avr32/avr32-gnu-toolchain/bin/../lib/gcc/avr32/4.4.7/../../../../avr32/lib/ucr2\libm.a(lib_a-s_floor.o)
 .debug_pubnames
                0x00000e27       0x1f c:/program files (x86)/atmel/studio/7.0/toolchain/avr32/avr32-gnu-toolchain/bin/../lib/gcc/avr32/4.4.7/../../../../avr32/lib/ucr2\libm.a(lib_a-s_isnand.o)
 .debug_pubnames
                0x00000e46       0x26 c:/program files (x86)/atmel/studio/7.0/toolchain/avr32/avr32-gnu-toolchain/bin/../lib/gcc/avr32/4.4.7/../../../../avr32/lib/ucr2\libm.a(lib_a-s_lib_ver.o)
 .debug_pubnames
                0x00000e6c       0x1e c:/program files (x86)/atmel/studio/7.0/toolchain/avr32/avr32-gnu-toolchain/bin/../lib/gcc/avr32/4.4.7/../../../../avr32/lib/ucr2\libm.a(lib_a-s_matherr.o)
 .debug_pubnames
                0x00000e8a       0x1d c:/program files (x86)/atmel/studio/7.0/toolchain/avr32/avr32-gnu-toolchain/bin/../lib/gcc/avr32/4.4.7/../../../../avr32/lib/ucr2\libm.a(lib_a-s_scalbn.o)
 .debug_pubnames
                0x00000ea7       0x1f c:/program files (x86)/atmel/studio/7.0/toolchain/avr32/avr32-gnu-toolchain/bin/../lib/gcc/avr32/4.4.7/../../../../avr32/lib/ucr2\libm.a(lib_a-s_copysign.o)
 .debug_pubnames
                0x00000ec6       0x20 c:/program files (x86)/atmel/studio/7.0/toolchain/avr32/avr32-gnu-toolchain/bin/../lib/gcc/avr32/4.4.7/ucr2\libgcc.a(_udivdi3.o)
 .debug_pubnames
                0x00000ee6       0x1e c:/program files (x86)/atmel/studio/7.0/toolchain/avr32/avr32-gnu-toolchain/bin/../lib/gcc/avr32/4.4.7/../../../../avr32/lib/ucr2\libc.a(lib_a-errno.o)
 .debug_pubnames
                0x00000f04       0x39 c:/program files (x86)/atmel/studio/7.0/toolchain/avr32/avr32-gnu-toolchain/bin/../lib/gcc/avr32/4.4.7/../../../../avr32/lib/ucr2\libc.a(lib_a-impure.o)
 .debug_pubnames
                0x00000f3d      0x119 c:/program files (x86)/atmel/studio/7.0/toolchain/avr32/avr32-gnu-toolchain/bin/../lib/gcc/avr32/4.4.7/../../../../avr32/lib/ucr2\libc.a(lib_a-findfp.o)

.debug_info     0x00000000     0xba3b
 *(.debug_info .gnu.linkonce.wi.*)
 .debug_info    0x00000000     0x2133 src/ASF/avr32/components/display/et024006dhu/et024006dhu.o
 .debug_info    0x00002133      0x616 src/ASF/avr32/drivers/ebi/smc/smc.o
 .debug_info    0x00002749      0xb1b src/ASF/avr32/drivers/gpio/gpio.o
 .debug_info    0x00003264       0xac src/ASF/avr32/drivers/intc/exception.o
 .debug_info    0x00003310      0x5b3 src/ASF/avr32/drivers/intc/intc.o
 .debug_info    0x000038c3     0x1a59 src/ASF/avr32/drivers/pm/pm.o
 .debug_info    0x0000531c      0xf89 src/ASF/avr32/drivers/pm/power_clocks_lib.o
 .debug_info    0x000062a5      0xa08 src/ASF/avr32/drivers/pwm/pwm.o
 .debug_info    0x00006cad       0xab src/ASF/avr32/utils/startup/startup_uc3.o
 .debug_info    0x00006d58       0xb2 src/ASF/avr32/utils/startup/trampoline_uc3.o
 .debug_info    0x00006e0a      0xc8f src/et024006dhu_example.o
 .debug_info    0x00007a99      0x176 c:/program files (x86)/atmel/studio/7.0/toolchain/avr32/avr32-gnu-toolchain/bin/../lib/gcc/avr32/4.4.7/../../../../avr32/lib/ucr2\libm.a(lib_a-s_cos.o)
 .debug_info    0x00007c0f      0x1cb c:/program files (x86)/atmel/studio/7.0/toolchain/avr32/avr32-gnu-toolchain/bin/../lib/gcc/avr32/4.4.7/../../../../avr32/lib/ucr2\libm.a(lib_a-s_round.o)
 .debug_info    0x00007dda      0x176 c:/program files (x86)/atmel/studio/7.0/toolchain/avr32/avr32-gnu-toolchain/bin/../lib/gcc/avr32/4.4.7/../../../../avr32/lib/ucr2\libm.a(lib_a-s_sin.o)
 .debug_info    0x00007f50      0x189 c:/program files (x86)/atmel/studio/7.0/toolchain/avr32/avr32-gnu-toolchain/bin/../lib/gcc/avr32/4.4.7/../../../../avr32/lib/ucr2\libm.a(lib_a-w_sqrt.o)
 .debug_info    0x000080d9      0x356 c:/program files (x86)/atmel/studio/7.0/toolchain/avr32/avr32-gnu-toolchain/bin/../lib/gcc/avr32/4.4.7/../../../../avr32/lib/ucr2\libm.a(lib_a-e_rem_pio2.o)
 .debug_info    0x0000842f      0x229 c:/program files (x86)/atmel/studio/7.0/toolchain/avr32/avr32-gnu-toolchain/bin/../lib/gcc/avr32/4.4.7/../../../../avr32/lib/ucr2\libm.a(lib_a-e_sqrt.o)
 .debug_info    0x00008658      0x23e c:/program files (x86)/atmel/studio/7.0/toolchain/avr32/avr32-gnu-toolchain/bin/../lib/gcc/avr32/4.4.7/../../../../avr32/lib/ucr2\libm.a(lib_a-k_cos.o)
 .debug_info    0x00008896      0x2d9 c:/program files (x86)/atmel/studio/7.0/toolchain/avr32/avr32-gnu-toolchain/bin/../lib/gcc/avr32/4.4.7/../../../../avr32/lib/ucr2\libm.a(lib_a-k_rem_pio2.o)
 .debug_info    0x00008b6f      0x18c c:/program files (x86)/atmel/studio/7.0/toolchain/avr32/avr32-gnu-toolchain/bin/../lib/gcc/avr32/4.4.7/../../../../avr32/lib/ucr2\libm.a(lib_a-k_sin.o)
 .debug_info    0x00008cfb      0x138 c:/program files (x86)/atmel/studio/7.0/toolchain/avr32/avr32-gnu-toolchain/bin/../lib/gcc/avr32/4.4.7/../../../../avr32/lib/ucr2\libm.a(lib_a-s_fabs.o)
 .debug_info    0x00008e33      0x1b4 c:/program files (x86)/atmel/studio/7.0/toolchain/avr32/avr32-gnu-toolchain/bin/../lib/gcc/avr32/4.4.7/../../../../avr32/lib/ucr2\libm.a(lib_a-s_floor.o)
 .debug_info    0x00008fe7      0x14c c:/program files (x86)/atmel/studio/7.0/toolchain/avr32/avr32-gnu-toolchain/bin/../lib/gcc/avr32/4.4.7/../../../../avr32/lib/ucr2\libm.a(lib_a-s_isnand.o)
 .debug_info    0x00009133       0xc0 c:/program files (x86)/atmel/studio/7.0/toolchain/avr32/avr32-gnu-toolchain/bin/../lib/gcc/avr32/4.4.7/../../../../avr32/lib/ucr2\libm.a(lib_a-s_lib_ver.o)
 .debug_info    0x000091f3      0x132 c:/program files (x86)/atmel/studio/7.0/toolchain/avr32/avr32-gnu-toolchain/bin/../lib/gcc/avr32/4.4.7/../../../../avr32/lib/ucr2\libm.a(lib_a-s_matherr.o)
 .debug_info    0x00009325      0x21b c:/program files (x86)/atmel/studio/7.0/toolchain/avr32/avr32-gnu-toolchain/bin/../lib/gcc/avr32/4.4.7/../../../../avr32/lib/ucr2\libm.a(lib_a-s_scalbn.o)
 .debug_info    0x00009540      0x150 c:/program files (x86)/atmel/studio/7.0/toolchain/avr32/avr32-gnu-toolchain/bin/../lib/gcc/avr32/4.4.7/../../../../avr32/lib/ucr2\libm.a(lib_a-s_copysign.o)
 .debug_info    0x00009690      0x57b c:/program files (x86)/atmel/studio/7.0/toolchain/avr32/avr32-gnu-toolchain/bin/../lib/gcc/avr32/4.4.7/ucr2\libgcc.a(_udivdi3.o)
 .debug_info    0x00009c0b      0x8a6 c:/program files (x86)/atmel/studio/7.0/toolchain/avr32/avr32-gnu-toolchain/bin/../lib/gcc/avr32/4.4.7/../../../../avr32/lib/ucr2\libc.a(lib_a-errno.o)
 .debug_info    0x0000a4b1      0x960 c:/program files (x86)/atmel/studio/7.0/toolchain/avr32/avr32-gnu-toolchain/bin/../lib/gcc/avr32/4.4.7/../../../../avr32/lib/ucr2\libc.a(lib_a-impure.o)
 .debug_info    0x0000ae11      0xc2a c:/program files (x86)/atmel/studio/7.0/toolchain/avr32/avr32-gnu-toolchain/bin/../lib/gcc/avr32/4.4.7/../../../../avr32/lib/ucr2\libc.a(lib_a-findfp.o)

.debug_abbrev   0x00000000     0x2829
 *(.debug_abbrev)
 .debug_abbrev  0x00000000      0x325 src/ASF/avr32/components/display/et024006dhu/et024006dhu.o
 .debug_abbrev  0x00000325      0x1e1 src/ASF/avr32/drivers/ebi/smc/smc.o
 .debug_abbrev  0x00000506      0x28b src/ASF/avr32/drivers/gpio/gpio.o
 .debug_abbrev  0x00000791       0x14 src/ASF/avr32/drivers/intc/exception.o
 .debug_abbrev  0x000007a5      0x1f2 src/ASF/avr32/drivers/intc/intc.o
 .debug_abbrev  0x00000997      0x2d1 src/ASF/avr32/drivers/pm/pm.o
 .debug_abbrev  0x00000c68      0x1cd src/ASF/avr32/drivers/pm/power_clocks_lib.o
 .debug_abbrev  0x00000e35      0x19d src/ASF/avr32/drivers/pwm/pwm.o
 .debug_abbrev  0x00000fd2       0x12 src/ASF/avr32/utils/startup/startup_uc3.o
 .debug_abbrev  0x00000fe4       0x14 src/ASF/avr32/utils/startup/trampoline_uc3.o
 .debug_abbrev  0x00000ff8      0x2e5 src/et024006dhu_example.o
 .debug_abbrev  0x000012dd       0xfe c:/program files (x86)/atmel/studio/7.0/toolchain/avr32/avr32-gnu-toolchain/bin/../lib/gcc/avr32/4.4.7/../../../../avr32/lib/ucr2\libm.a(lib_a-s_cos.o)
 .debug_abbrev  0x000013db       0xea c:/program files (x86)/atmel/studio/7.0/toolchain/avr32/avr32-gnu-toolchain/bin/../lib/gcc/avr32/4.4.7/../../../../avr32/lib/ucr2\libm.a(lib_a-s_round.o)
 .debug_abbrev  0x000014c5       0xfe c:/program files (x86)/atmel/studio/7.0/toolchain/avr32/avr32-gnu-toolchain/bin/../lib/gcc/avr32/4.4.7/../../../../avr32/lib/ucr2\libm.a(lib_a-s_sin.o)
 .debug_abbrev  0x000015c3       0xee c:/program files (x86)/atmel/studio/7.0/toolchain/avr32/avr32-gnu-toolchain/bin/../lib/gcc/avr32/4.4.7/../../../../avr32/lib/ucr2\libm.a(lib_a-w_sqrt.o)
 .debug_abbrev  0x000016b1      0x14f c:/program files (x86)/atmel/studio/7.0/toolchain/avr32/avr32-gnu-toolchain/bin/../lib/gcc/avr32/4.4.7/../../../../avr32/lib/ucr2\libm.a(lib_a-e_rem_pio2.o)
 .debug_abbrev  0x00001800      0x138 c:/program files (x86)/atmel/studio/7.0/toolchain/avr32/avr32-gnu-toolchain/bin/../lib/gcc/avr32/4.4.7/../../../../avr32/lib/ucr2\libm.a(lib_a-e_sqrt.o)
 .debug_abbrev  0x00001938      0x11e c:/program files (x86)/atmel/studio/7.0/toolchain/avr32/avr32-gnu-toolchain/bin/../lib/gcc/avr32/4.4.7/../../../../avr32/lib/ucr2\libm.a(lib_a-k_cos.o)
 .debug_abbrev  0x00001a56      0x11a c:/program files (x86)/atmel/studio/7.0/toolchain/avr32/avr32-gnu-toolchain/bin/../lib/gcc/avr32/4.4.7/../../../../avr32/lib/ucr2\libm.a(lib_a-k_rem_pio2.o)
 .debug_abbrev  0x00001b70       0x9a c:/program files (x86)/atmel/studio/7.0/toolchain/avr32/avr32-gnu-toolchain/bin/../lib/gcc/avr32/4.4.7/../../../../avr32/lib/ucr2\libm.a(lib_a-k_sin.o)
 .debug_abbrev  0x00001c0a       0xce c:/program files (x86)/atmel/studio/7.0/toolchain/avr32/avr32-gnu-toolchain/bin/../lib/gcc/avr32/4.4.7/../../../../avr32/lib/ucr2\libm.a(lib_a-s_fabs.o)
 .debug_abbrev  0x00001cd8      0x10f c:/program files (x86)/atmel/studio/7.0/toolchain/avr32/avr32-gnu-toolchain/bin/../lib/gcc/avr32/4.4.7/../../../../avr32/lib/ucr2\libm.a(lib_a-s_floor.o)
 .debug_abbrev  0x00001de7       0xce c:/program files (x86)/atmel/studio/7.0/toolchain/avr32/avr32-gnu-toolchain/bin/../lib/gcc/avr32/4.4.7/../../../../avr32/lib/ucr2\libm.a(lib_a-s_isnand.o)
 .debug_abbrev  0x00001eb5       0x5a c:/program files (x86)/atmel/studio/7.0/toolchain/avr32/avr32-gnu-toolchain/bin/../lib/gcc/avr32/4.4.7/../../../../avr32/lib/ucr2\libm.a(lib_a-s_lib_ver.o)
 .debug_abbrev  0x00001f0f       0x9e c:/program files (x86)/atmel/studio/7.0/toolchain/avr32/avr32-gnu-toolchain/bin/../lib/gcc/avr32/4.4.7/../../../../avr32/lib/ucr2\libm.a(lib_a-s_matherr.o)
 .debug_abbrev  0x00001fad      0x118 c:/program files (x86)/atmel/studio/7.0/toolchain/avr32/avr32-gnu-toolchain/bin/../lib/gcc/avr32/4.4.7/../../../../avr32/lib/ucr2\libm.a(lib_a-s_scalbn.o)
 .debug_abbrev  0x000020c5       0xce c:/program files (x86)/atmel/studio/7.0/toolchain/avr32/avr32-gnu-toolchain/bin/../lib/gcc/avr32/4.4.7/../../../../avr32/lib/ucr2\libm.a(lib_a-s_copysign.o)
 .debug_abbrev  0x00002193      0x15a c:/program files (x86)/atmel/studio/7.0/toolchain/avr32/avr32-gnu-toolchain/bin/../lib/gcc/avr32/4.4.7/ucr2\libgcc.a(_udivdi3.o)
 .debug_abbrev  0x000022ed      0x150 c:/program files (x86)/atmel/studio/7.0/toolchain/avr32/avr32-gnu-toolchain/bin/../lib/gcc/avr32/4.4.7/../../../../avr32/lib/ucr2\libc.a(lib_a-errno.o)
 .debug_abbrev  0x0000243d      0x160 c:/program files (x86)/atmel/studio/7.0/toolchain/avr32/avr32-gnu-toolchain/bin/../lib/gcc/avr32/4.4.7/../../../../avr32/lib/ucr2\libc.a(lib_a-impure.o)
 .debug_abbrev  0x0000259d      0x28c c:/program files (x86)/atmel/studio/7.0/toolchain/avr32/avr32-gnu-toolchain/bin/../lib/gcc/avr32/4.4.7/../../../../avr32/lib/ucr2\libc.a(lib_a-findfp.o)

.debug_line     0x00000000     0x785c
 *(.debug_line)
 .debug_line    0x00000000      0xd5c src/ASF/avr32/components/display/et024006dhu/et024006dhu.o
 .debug_line    0x00000d5c      0x75d src/ASF/avr32/drivers/ebi/smc/smc.o
 .debug_line    0x000014b9      0x8c7 src/ASF/avr32/drivers/gpio/gpio.o
 .debug_line    0x00001d80      0x109 src/ASF/avr32/drivers/intc/exception.o
 .debug_line    0x00001e89      0x694 src/ASF/avr32/drivers/intc/intc.o
 .debug_line    0x0000251d      0x9ca src/ASF/avr32/drivers/pm/pm.o
 .debug_line    0x00002ee7      0x6c6 src/ASF/avr32/drivers/pm/power_clocks_lib.o
 .debug_line    0x000035ad      0x6c6 src/ASF/avr32/drivers/pwm/pwm.o
 .debug_line    0x00003c73       0xf2 src/ASF/avr32/utils/startup/startup_uc3.o
 .debug_line    0x00003d65       0x67 src/ASF/avr32/utils/startup/trampoline_uc3.o
 .debug_line    0x00003dcc      0xbe3 src/et024006dhu_example.o
 .debug_line    0x000049af      0x254 c:/program files (x86)/atmel/studio/7.0/toolchain/avr32/avr32-gnu-toolchain/bin/../lib/gcc/avr32/4.4.7/../../../../avr32/lib/ucr2\libm.a(lib_a-s_cos.o)
 .debug_line    0x00004c03      0x22d c:/program files (x86)/atmel/studio/7.0/toolchain/avr32/avr32-gnu-toolchain/bin/../lib/gcc/avr32/4.4.7/../../../../avr32/lib/ucr2\libm.a(lib_a-s_round.o)
 .debug_line    0x00004e30      0x255 c:/program files (x86)/atmel/studio/7.0/toolchain/avr32/avr32-gnu-toolchain/bin/../lib/gcc/avr32/4.4.7/../../../../avr32/lib/ucr2\libm.a(lib_a-s_sin.o)
 .debug_line    0x00005085      0x19c c:/program files (x86)/atmel/studio/7.0/toolchain/avr32/avr32-gnu-toolchain/bin/../lib/gcc/avr32/4.4.7/../../../../avr32/lib/ucr2\libm.a(lib_a-w_sqrt.o)
 .debug_line    0x00005221      0x3b8 c:/program files (x86)/atmel/studio/7.0/toolchain/avr32/avr32-gnu-toolchain/bin/../lib/gcc/avr32/4.4.7/../../../../avr32/lib/ucr2\libm.a(lib_a-e_rem_pio2.o)
 .debug_line    0x000055d9      0x35a c:/program files (x86)/atmel/studio/7.0/toolchain/avr32/avr32-gnu-toolchain/bin/../lib/gcc/avr32/4.4.7/../../../../avr32/lib/ucr2\libm.a(lib_a-e_sqrt.o)
 .debug_line    0x00005933      0x1f1 c:/program files (x86)/atmel/studio/7.0/toolchain/avr32/avr32-gnu-toolchain/bin/../lib/gcc/avr32/4.4.7/../../../../avr32/lib/ucr2\libm.a(lib_a-k_cos.o)
 .debug_line    0x00005b24      0x4e3 c:/program files (x86)/atmel/studio/7.0/toolchain/avr32/avr32-gnu-toolchain/bin/../lib/gcc/avr32/4.4.7/../../../../avr32/lib/ucr2\libm.a(lib_a-k_rem_pio2.o)
 .debug_line    0x00006007      0x178 c:/program files (x86)/atmel/studio/7.0/toolchain/avr32/avr32-gnu-toolchain/bin/../lib/gcc/avr32/4.4.7/../../../../avr32/lib/ucr2\libm.a(lib_a-k_sin.o)
 .debug_line    0x0000617f      0x214 c:/program files (x86)/atmel/studio/7.0/toolchain/avr32/avr32-gnu-toolchain/bin/../lib/gcc/avr32/4.4.7/../../../../avr32/lib/ucr2\libm.a(lib_a-s_fabs.o)
 .debug_line    0x00006393      0x2a5 c:/program files (x86)/atmel/studio/7.0/toolchain/avr32/avr32-gnu-toolchain/bin/../lib/gcc/avr32/4.4.7/../../../../avr32/lib/ucr2\libm.a(lib_a-s_floor.o)
 .debug_line    0x00006638      0x1b1 c:/program files (x86)/atmel/studio/7.0/toolchain/avr32/avr32-gnu-toolchain/bin/../lib/gcc/avr32/4.4.7/../../../../avr32/lib/ucr2\libm.a(lib_a-s_isnand.o)
 .debug_line    0x000067e9       0x8d c:/program files (x86)/atmel/studio/7.0/toolchain/avr32/avr32-gnu-toolchain/bin/../lib/gcc/avr32/4.4.7/../../../../avr32/lib/ucr2\libm.a(lib_a-s_lib_ver.o)
 .debug_line    0x00006876      0x118 c:/program files (x86)/atmel/studio/7.0/toolchain/avr32/avr32-gnu-toolchain/bin/../lib/gcc/avr32/4.4.7/../../../../avr32/lib/ucr2\libm.a(lib_a-s_matherr.o)
 .debug_line    0x0000698e      0x229 c:/program files (x86)/atmel/studio/7.0/toolchain/avr32/avr32-gnu-toolchain/bin/../lib/gcc/avr32/4.4.7/../../../../avr32/lib/ucr2\libm.a(lib_a-s_scalbn.o)
 .debug_line    0x00006bb7      0x1ad c:/program files (x86)/atmel/studio/7.0/toolchain/avr32/avr32-gnu-toolchain/bin/../lib/gcc/avr32/4.4.7/../../../../avr32/lib/ucr2\libm.a(lib_a-s_copysign.o)
 .debug_line    0x00006d64      0x1d5 c:/program files (x86)/atmel/studio/7.0/toolchain/avr32/avr32-gnu-toolchain/bin/../lib/gcc/avr32/4.4.7/ucr2\libgcc.a(_udivdi3.o)
 .debug_line    0x00006f39      0x1ce c:/program files (x86)/atmel/studio/7.0/toolchain/avr32/avr32-gnu-toolchain/bin/../lib/gcc/avr32/4.4.7/../../../../avr32/lib/ucr2\libc.a(lib_a-errno.o)
 .debug_line    0x00007107      0x1a8 c:/program files (x86)/atmel/studio/7.0/toolchain/avr32/avr32-gnu-toolchain/bin/../lib/gcc/avr32/4.4.7/../../../../avr32/lib/ucr2\libc.a(lib_a-impure.o)
 .debug_line    0x000072af      0x5ad c:/program files (x86)/atmel/studio/7.0/toolchain/avr32/avr32-gnu-toolchain/bin/../lib/gcc/avr32/4.4.7/../../../../avr32/lib/ucr2\libc.a(lib_a-findfp.o)

.debug_frame    0x00000000     0x1270
 *(.debug_frame)
 .debug_frame   0x00000000      0x3a0 src/ASF/avr32/components/display/et024006dhu/et024006dhu.o
 .debug_frame   0x000003a0       0x48 src/ASF/avr32/drivers/ebi/smc/smc.o
 .debug_frame   0x000003e8      0x204 src/ASF/avr32/drivers/gpio/gpio.o
 .debug_frame   0x000005ec       0x64 src/ASF/avr32/drivers/intc/intc.o
 .debug_frame   0x00000650      0x390 src/ASF/avr32/drivers/pm/pm.o
 .debug_frame   0x000009e0       0x88 src/ASF/avr32/drivers/pm/power_clocks_lib.o
 .debug_frame   0x00000a68       0x70 src/ASF/avr32/drivers/pwm/pwm.o
 .debug_frame   0x00000ad8      0x2b0 src/et024006dhu_example.o
 .debug_frame   0x00000d88       0x38 c:/program files (x86)/atmel/studio/7.0/toolchain/avr32/avr32-gnu-toolchain/bin/../lib/gcc/avr32/4.4.7/../../../../avr32/lib/ucr2\libm.a(lib_a-s_cos.o)
 .debug_frame   0x00000dc0       0x34 c:/program files (x86)/atmel/studio/7.0/toolchain/avr32/avr32-gnu-toolchain/bin/../lib/gcc/avr32/4.4.7/../../../../avr32/lib/ucr2\libm.a(lib_a-s_round.o)
 .debug_frame   0x00000df4       0x38 c:/program files (x86)/atmel/studio/7.0/toolchain/avr32/avr32-gnu-toolchain/bin/../lib/gcc/avr32/4.4.7/../../../../avr32/lib/ucr2\libm.a(lib_a-s_sin.o)
 .debug_frame   0x00000e2c       0x44 c:/program files (x86)/atmel/studio/7.0/toolchain/avr32/avr32-gnu-toolchain/bin/../lib/gcc/avr32/4.4.7/../../../../avr32/lib/ucr2\libm.a(lib_a-w_sqrt.o)
 .debug_frame   0x00000e70       0x4c c:/program files (x86)/atmel/studio/7.0/toolchain/avr32/avr32-gnu-toolchain/bin/../lib/gcc/avr32/4.4.7/../../../../avr32/lib/ucr2\libm.a(lib_a-e_rem_pio2.o)
 .debug_frame   0x00000ebc       0x40 c:/program files (x86)/atmel/studio/7.0/toolchain/avr32/avr32-gnu-toolchain/bin/../lib/gcc/avr32/4.4.7/../../../../avr32/lib/ucr2\libm.a(lib_a-e_sqrt.o)
 .debug_frame   0x00000efc       0x44 c:/program files (x86)/atmel/studio/7.0/toolchain/avr32/avr32-gnu-toolchain/bin/../lib/gcc/avr32/4.4.7/../../../../avr32/lib/ucr2\libm.a(lib_a-k_cos.o)
 .debug_frame   0x00000f40       0x44 c:/program files (x86)/atmel/studio/7.0/toolchain/avr32/avr32-gnu-toolchain/bin/../lib/gcc/avr32/4.4.7/../../../../avr32/lib/ucr2\libm.a(lib_a-k_rem_pio2.o)
 .debug_frame   0x00000f84       0x44 c:/program files (x86)/atmel/studio/7.0/toolchain/avr32/avr32-gnu-toolchain/bin/../lib/gcc/avr32/4.4.7/../../../../avr32/lib/ucr2\libm.a(lib_a-k_sin.o)
 .debug_frame   0x00000fc8       0x20 c:/program files (x86)/atmel/studio/7.0/toolchain/avr32/avr32-gnu-toolchain/bin/../lib/gcc/avr32/4.4.7/../../../../avr32/lib/ucr2\libm.a(lib_a-s_fabs.o)
 .debug_frame   0x00000fe8       0x40 c:/program files (x86)/atmel/studio/7.0/toolchain/avr32/avr32-gnu-toolchain/bin/../lib/gcc/avr32/4.4.7/../../../../avr32/lib/ucr2\libm.a(lib_a-s_floor.o)
 .debug_frame   0x00001028       0x20 c:/program files (x86)/atmel/studio/7.0/toolchain/avr32/avr32-gnu-toolchain/bin/../lib/gcc/avr32/4.4.7/../../../../avr32/lib/ucr2\libm.a(lib_a-s_isnand.o)
 .debug_frame   0x00001048       0x20 c:/program files (x86)/atmel/studio/7.0/toolchain/avr32/avr32-gnu-toolchain/bin/../lib/gcc/avr32/4.4.7/../../../../avr32/lib/ucr2\libm.a(lib_a-s_matherr.o)
 .debug_frame   0x00001068       0x34 c:/program files (x86)/atmel/studio/7.0/toolchain/avr32/avr32-gnu-toolchain/bin/../lib/gcc/avr32/4.4.7/../../../../avr32/lib/ucr2\libm.a(lib_a-s_scalbn.o)
 .debug_frame   0x0000109c       0x34 c:/program files (x86)/atmel/studio/7.0/toolchain/avr32/avr32-gnu-toolchain/bin/../lib/gcc/avr32/4.4.7/../../../../avr32/lib/ucr2\libm.a(lib_a-s_copysign.o)
 .debug_frame   0x000010d0       0x44 c:/program files (x86)/atmel/studio/7.0/toolchain/avr32/avr32-gnu-toolchain/bin/../lib/gcc/avr32/4.4.7/ucr2\libgcc.a(_udivdi3.o)
 .debug_frame   0x00001114       0x20 c:/program files (x86)/atmel/studio/7.0/toolchain/avr32/avr32-gnu-toolchain/bin/../lib/gcc/avr32/4.4.7/../../../../avr32/lib/ucr2\libc.a(lib_a-errno.o)
 .debug_frame   0x00001134      0x13c c:/program files (x86)/atmel/studio/7.0/toolchain/avr32/avr32-gnu-toolchain/bin/../lib/gcc/avr32/4.4.7/../../../../avr32/lib/ucr2\libc.a(lib_a-findfp.o)

.debug_str      0x00000000     0x2c5b
 *(.debug_str)
 .debug_str     0x00000000      0x704 src/ASF/avr32/components/display/et024006dhu/et024006dhu.o
                                0x7a2 (size before relaxing)
 .debug_str     0x00000704      0x1d0 src/ASF/avr32/drivers/ebi/smc/smc.o
                                0x309 (size before relaxing)
 .debug_str     0x000008d4      0x413 src/ASF/avr32/drivers/gpio/gpio.o
                                0x548 (size before relaxing)
 .debug_str     0x00000ce7      0x37d src/ASF/avr32/drivers/intc/intc.o
                                0x49c (size before relaxing)
 .debug_str     0x00001064      0x7b9 src/ASF/avr32/drivers/pm/pm.o
                                0x9b4 (size before relaxing)
 .debug_str     0x0000181d       0xe6 src/ASF/avr32/drivers/pm/power_clocks_lib.o
                                0x550 (size before relaxing)
 .debug_str     0x00001903      0x1e8 src/ASF/avr32/drivers/pwm/pwm.o
                                0x356 (size before relaxing)
 .debug_str     0x00001aeb      0x17b src/et024006dhu_example.o
                                0x3e5 (size before relaxing)
 .debug_str     0x00001c66       0xa2 c:/program files (x86)/atmel/studio/7.0/toolchain/avr32/avr32-gnu-toolchain/bin/../lib/gcc/avr32/4.4.7/../../../../avr32/lib/ucr2\libm.a(lib_a-s_cos.o)
                                0x156 (size before relaxing)
 .debug_str     0x00001d08       0xa0 c:/program files (x86)/atmel/studio/7.0/toolchain/avr32/avr32-gnu-toolchain/bin/../lib/gcc/avr32/4.4.7/../../../../avr32/lib/ucr2\libm.a(lib_a-s_round.o)
                                0x186 (size before relaxing)
 .debug_str     0x00001da8       0x6b c:/program files (x86)/atmel/studio/7.0/toolchain/avr32/avr32-gnu-toolchain/bin/../lib/gcc/avr32/4.4.7/../../../../avr32/lib/ucr2\libm.a(lib_a-s_sin.o)
                                0x156 (size before relaxing)
 .debug_str     0x00001e13       0xe7 c:/program files (x86)/atmel/studio/7.0/toolchain/avr32/avr32-gnu-toolchain/bin/../lib/gcc/avr32/4.4.7/../../../../avr32/lib/ucr2\libm.a(lib_a-w_sqrt.o)
                                0x19f (size before relaxing)
 .debug_str     0x00001efa       0xe2 c:/program files (x86)/atmel/studio/7.0/toolchain/avr32/avr32-gnu-toolchain/bin/../lib/gcc/avr32/4.4.7/../../../../avr32/lib/ucr2\libm.a(lib_a-e_rem_pio2.o)
                                0x1d2 (size before relaxing)
 .debug_str     0x00001fdc       0x80 c:/program files (x86)/atmel/studio/7.0/toolchain/avr32/avr32-gnu-toolchain/bin/../lib/gcc/avr32/4.4.7/../../../../avr32/lib/ucr2\libm.a(lib_a-e_sqrt.o)
                                0x175 (size before relaxing)
 .debug_str     0x0000205c       0x78 c:/program files (x86)/atmel/studio/7.0/toolchain/avr32/avr32-gnu-toolchain/bin/../lib/gcc/avr32/4.4.7/../../../../avr32/lib/ucr2\libm.a(lib_a-k_cos.o)
                                0x168 (size before relaxing)
 .debug_str     0x000020d4       0xac c:/program files (x86)/atmel/studio/7.0/toolchain/avr32/avr32-gnu-toolchain/bin/../lib/gcc/avr32/4.4.7/../../../../avr32/lib/ucr2\libm.a(lib_a-k_rem_pio2.o)
                                0x174 (size before relaxing)
 .debug_str     0x00002180       0x78 c:/program files (x86)/atmel/studio/7.0/toolchain/avr32/avr32-gnu-toolchain/bin/../lib/gcc/avr32/4.4.7/../../../../avr32/lib/ucr2\libm.a(lib_a-k_sin.o)
                                0x135 (size before relaxing)
 .debug_str     0x000021f8       0x71 c:/program files (x86)/atmel/studio/7.0/toolchain/avr32/avr32-gnu-toolchain/bin/../lib/gcc/avr32/4.4.7/../../../../avr32/lib/ucr2\libm.a(lib_a-s_fabs.o)
                                0x157 (size before relaxing)
 .debug_str     0x00002269       0x78 c:/program files (x86)/atmel/studio/7.0/toolchain/avr32/avr32-gnu-toolchain/bin/../lib/gcc/avr32/4.4.7/../../../../avr32/lib/ucr2\libm.a(lib_a-s_floor.o)
                                0x168 (size before relaxing)
 .debug_str     0x000022e1       0x79 c:/program files (x86)/atmel/studio/7.0/toolchain/avr32/avr32-gnu-toolchain/bin/../lib/gcc/avr32/4.4.7/../../../../avr32/lib/ucr2\libm.a(lib_a-s_isnand.o)
                                0x164 (size before relaxing)
 .debug_str     0x0000235a       0x71 c:/program files (x86)/atmel/studio/7.0/toolchain/avr32/avr32-gnu-toolchain/bin/../lib/gcc/avr32/4.4.7/../../../../avr32/lib/ucr2\libm.a(lib_a-s_lib_ver.o)
                                0x17a (size before relaxing)
 .debug_str     0x000023cb       0x79 c:/program files (x86)/atmel/studio/7.0/toolchain/avr32/avr32-gnu-toolchain/bin/../lib/gcc/avr32/4.4.7/../../../../avr32/lib/ucr2\libm.a(lib_a-s_matherr.o)
                                0x14c (size before relaxing)
 .debug_str     0x00002444       0x84 c:/program files (x86)/atmel/studio/7.0/toolchain/avr32/avr32-gnu-toolchain/bin/../lib/gcc/avr32/4.4.7/../../../../avr32/lib/ucr2\libm.a(lib_a-s_scalbn.o)
                                0x183 (size before relaxing)
 .debug_str     0x000024c8       0x7b c:/program files (x86)/atmel/studio/7.0/toolchain/avr32/avr32-gnu-toolchain/bin/../lib/gcc/avr32/4.4.7/../../../../avr32/lib/ucr2\libm.a(lib_a-s_copysign.o)
                                0x15c (size before relaxing)
 .debug_str     0x00002543      0x152 c:/program files (x86)/atmel/studio/7.0/toolchain/avr32/avr32-gnu-toolchain/bin/../lib/gcc/avr32/4.4.7/ucr2\libgcc.a(_udivdi3.o)
                                0x207 (size before relaxing)
 .debug_str     0x00002695      0x3c6 c:/program files (x86)/atmel/studio/7.0/toolchain/avr32/avr32-gnu-toolchain/bin/../lib/gcc/avr32/4.4.7/../../../../avr32/lib/ucr2\libc.a(lib_a-errno.o)
                                0x4ab (size before relaxing)
 .debug_str     0x00002a5b       0xcb c:/program files (x86)/atmel/studio/7.0/toolchain/avr32/avr32-gnu-toolchain/bin/../lib/gcc/avr32/4.4.7/../../../../avr32/lib/ucr2\libc.a(lib_a-impure.o)
                                0x502 (size before relaxing)
 .debug_str     0x00002b26      0x135 c:/program files (x86)/atmel/studio/7.0/toolchain/avr32/avr32-gnu-toolchain/bin/../lib/gcc/avr32/4.4.7/../../../../avr32/lib/ucr2\libc.a(lib_a-findfp.o)
                                0x5dc (size before relaxing)

.debug_loc      0x00000000     0x4c5f
 *(.debug_loc)
 .debug_loc     0x00000000     0x15dd src/ASF/avr32/components/display/et024006dhu/et024006dhu.o
 .debug_loc     0x000015dd       0xd5 src/ASF/avr32/drivers/ebi/smc/smc.o
 .debug_loc     0x000016b2      0x368 src/ASF/avr32/drivers/gpio/gpio.o
 .debug_loc     0x00001a1a       0xd3 src/ASF/avr32/drivers/intc/intc.o
 .debug_loc     0x00001aed      0x559 src/ASF/avr32/drivers/pm/pm.o
 .debug_loc     0x00002046      0x12b src/ASF/avr32/drivers/pm/power_clocks_lib.o
 .debug_loc     0x00002171       0xb4 src/ASF/avr32/drivers/pwm/pwm.o
 .debug_loc     0x00002225      0x98b src/et024006dhu_example.o
 .debug_loc     0x00002bb0       0xac c:/program files (x86)/atmel/studio/7.0/toolchain/avr32/avr32-gnu-toolchain/bin/../lib/gcc/avr32/4.4.7/../../../../avr32/lib/ucr2\libm.a(lib_a-s_cos.o)
 .debug_loc     0x00002c5c      0x243 c:/program files (x86)/atmel/studio/7.0/toolchain/avr32/avr32-gnu-toolchain/bin/../lib/gcc/avr32/4.4.7/../../../../avr32/lib/ucr2\libm.a(lib_a-s_round.o)
 .debug_loc     0x00002e9f       0xac c:/program files (x86)/atmel/studio/7.0/toolchain/avr32/avr32-gnu-toolchain/bin/../lib/gcc/avr32/4.4.7/../../../../avr32/lib/ucr2\libm.a(lib_a-s_sin.o)
 .debug_loc     0x00002f4b       0x7c c:/program files (x86)/atmel/studio/7.0/toolchain/avr32/avr32-gnu-toolchain/bin/../lib/gcc/avr32/4.4.7/../../../../avr32/lib/ucr2\libm.a(lib_a-w_sqrt.o)
 .debug_loc     0x00002fc7      0x317 c:/program files (x86)/atmel/studio/7.0/toolchain/avr32/avr32-gnu-toolchain/bin/../lib/gcc/avr32/4.4.7/../../../../avr32/lib/ucr2\libm.a(lib_a-e_rem_pio2.o)
 .debug_loc     0x000032de      0x2fd c:/program files (x86)/atmel/studio/7.0/toolchain/avr32/avr32-gnu-toolchain/bin/../lib/gcc/avr32/4.4.7/../../../../avr32/lib/ucr2\libm.a(lib_a-e_sqrt.o)
 .debug_loc     0x000035db       0xdf c:/program files (x86)/atmel/studio/7.0/toolchain/avr32/avr32-gnu-toolchain/bin/../lib/gcc/avr32/4.4.7/../../../../avr32/lib/ucr2\libm.a(lib_a-k_cos.o)
 .debug_loc     0x000036ba      0x627 c:/program files (x86)/atmel/studio/7.0/toolchain/avr32/avr32-gnu-toolchain/bin/../lib/gcc/avr32/4.4.7/../../../../avr32/lib/ucr2\libm.a(lib_a-k_rem_pio2.o)
 .debug_loc     0x00003ce1       0x89 c:/program files (x86)/atmel/studio/7.0/toolchain/avr32/avr32-gnu-toolchain/bin/../lib/gcc/avr32/4.4.7/../../../../avr32/lib/ucr2\libm.a(lib_a-k_sin.o)
 .debug_loc     0x00003d6a       0x18 c:/program files (x86)/atmel/studio/7.0/toolchain/avr32/avr32-gnu-toolchain/bin/../lib/gcc/avr32/4.4.7/../../../../avr32/lib/ucr2\libm.a(lib_a-s_fabs.o)
 .debug_loc     0x00003d82      0x214 c:/program files (x86)/atmel/studio/7.0/toolchain/avr32/avr32-gnu-toolchain/bin/../lib/gcc/avr32/4.4.7/../../../../avr32/lib/ucr2\libm.a(lib_a-s_floor.o)
 .debug_loc     0x00003f96       0x18 c:/program files (x86)/atmel/studio/7.0/toolchain/avr32/avr32-gnu-toolchain/bin/../lib/gcc/avr32/4.4.7/../../../../avr32/lib/ucr2\libm.a(lib_a-s_isnand.o)
 .debug_loc     0x00003fae       0x13 c:/program files (x86)/atmel/studio/7.0/toolchain/avr32/avr32-gnu-toolchain/bin/../lib/gcc/avr32/4.4.7/../../../../avr32/lib/ucr2\libm.a(lib_a-s_matherr.o)
 .debug_loc     0x00003fc1      0x2f0 c:/program files (x86)/atmel/studio/7.0/toolchain/avr32/avr32-gnu-toolchain/bin/../lib/gcc/avr32/4.4.7/../../../../avr32/lib/ucr2\libm.a(lib_a-s_scalbn.o)
 .debug_loc     0x000042b1       0x4f c:/program files (x86)/atmel/studio/7.0/toolchain/avr32/avr32-gnu-toolchain/bin/../lib/gcc/avr32/4.4.7/../../../../avr32/lib/ucr2\libm.a(lib_a-s_copysign.o)
 .debug_loc     0x00004300      0x75d c:/program files (x86)/atmel/studio/7.0/toolchain/avr32/avr32-gnu-toolchain/bin/../lib/gcc/avr32/4.4.7/ucr2\libgcc.a(_udivdi3.o)
 .debug_loc     0x00004a5d      0x202 c:/program files (x86)/atmel/studio/7.0/toolchain/avr32/avr32-gnu-toolchain/bin/../lib/gcc/avr32/4.4.7/../../../../avr32/lib/ucr2\libc.a(lib_a-findfp.o)

.debug_macinfo  0x00000000   0x76f987
 *(.debug_macinfo)
 .debug_macinfo
                0x00000000    0xf03e5 src/ASF/avr32/components/display/et024006dhu/et024006dhu.o
 .debug_macinfo
                0x000f03e5    0xf04a1 src/ASF/avr32/drivers/ebi/smc/smc.o
 .debug_macinfo
                0x001e0886    0xec392 src/ASF/avr32/drivers/gpio/gpio.o
 .debug_macinfo
                0x002ccc18    0xec43f src/ASF/avr32/drivers/intc/intc.o
 .debug_macinfo
                0x003b9057    0xec1fc src/ASF/avr32/drivers/pm/pm.o
 .debug_macinfo
                0x004a5253    0xec2dd src/ASF/avr32/drivers/pm/power_clocks_lib.o
 .debug_macinfo
                0x00591530    0xec267 src/ASF/avr32/drivers/pwm/pwm.o
 .debug_macinfo
                0x0067d797    0xf21f0 src/et024006dhu_example.o

.debug_weaknames
 *(.debug_weaknames)

.debug_funcnames
 *(.debug_funcnames)

.debug_typenames
 *(.debug_typenames)

.debug_varnames
 *(.debug_varnames)

.stack          0x0000f000     0x1000
                0x0000f000                _stack = .
 *(.stack)
                0x00001000                . = __stack_size__
 *fill*         0x0000f000     0x1000 
                0x00010000                _estack = .

.userpage
 *(.userpage .userpage.*)

/DISCARD/
 *(.note.GNU-stack)
OUTPUT(DisplayPractice.elf elf32-avr32)

.debug_ranges   0x00000000      0xb18
 .debug_ranges  0x00000000      0x318 src/ASF/avr32/components/display/et024006dhu/et024006dhu.o
 .debug_ranges  0x00000318       0x20 src/ASF/avr32/drivers/ebi/smc/smc.o
 .debug_ranges  0x00000338       0xf8 src/ASF/avr32/drivers/gpio/gpio.o
 .debug_ranges  0x00000430       0x48 src/ASF/avr32/drivers/intc/intc.o
 .debug_ranges  0x00000478      0x188 src/ASF/avr32/drivers/pm/pm.o
 .debug_ranges  0x00000600       0x38 src/ASF/avr32/drivers/pm/power_clocks_lib.o
 .debug_ranges  0x00000638       0x40 src/ASF/avr32/drivers/pwm/pwm.o
 .debug_ranges  0x00000678       0x20 src/ASF/avr32/utils/startup/startup_uc3.o
 .debug_ranges  0x00000698      0x188 src/et024006dhu_example.o
 .debug_ranges  0x00000820       0x18 c:/program files (x86)/atmel/studio/7.0/toolchain/avr32/avr32-gnu-toolchain/bin/../lib/gcc/avr32/4.4.7/../../../../avr32/lib/ucr2\libm.a(lib_a-s_cos.o)
 .debug_ranges  0x00000838       0x18 c:/program files (x86)/atmel/studio/7.0/toolchain/avr32/avr32-gnu-toolchain/bin/../lib/gcc/avr32/4.4.7/../../../../avr32/lib/ucr2\libm.a(lib_a-s_round.o)
 .debug_ranges  0x00000850       0x18 c:/program files (x86)/atmel/studio/7.0/toolchain/avr32/avr32-gnu-toolchain/bin/../lib/gcc/avr32/4.4.7/../../../../avr32/lib/ucr2\libm.a(lib_a-s_sin.o)
 .debug_ranges  0x00000868       0x18 c:/program files (x86)/atmel/studio/7.0/toolchain/avr32/avr32-gnu-toolchain/bin/../lib/gcc/avr32/4.4.7/../../../../avr32/lib/ucr2\libm.a(lib_a-w_sqrt.o)
 .debug_ranges  0x00000880       0x30 c:/program files (x86)/atmel/studio/7.0/toolchain/avr32/avr32-gnu-toolchain/bin/../lib/gcc/avr32/4.4.7/../../../../avr32/lib/ucr2\libm.a(lib_a-e_rem_pio2.o)
 .debug_ranges  0x000008b0       0x38 c:/program files (x86)/atmel/studio/7.0/toolchain/avr32/avr32-gnu-toolchain/bin/../lib/gcc/avr32/4.4.7/../../../../avr32/lib/ucr2\libm.a(lib_a-e_sqrt.o)
 .debug_ranges  0x000008e8       0x18 c:/program files (x86)/atmel/studio/7.0/toolchain/avr32/avr32-gnu-toolchain/bin/../lib/gcc/avr32/4.4.7/../../../../avr32/lib/ucr2\libm.a(lib_a-k_cos.o)
 .debug_ranges  0x00000900       0x18 c:/program files (x86)/atmel/studio/7.0/toolchain/avr32/avr32-gnu-toolchain/bin/../lib/gcc/avr32/4.4.7/../../../../avr32/lib/ucr2\libm.a(lib_a-k_rem_pio2.o)
 .debug_ranges  0x00000918       0x18 c:/program files (x86)/atmel/studio/7.0/toolchain/avr32/avr32-gnu-toolchain/bin/../lib/gcc/avr32/4.4.7/../../../../avr32/lib/ucr2\libm.a(lib_a-k_sin.o)
 .debug_ranges  0x00000930       0x18 c:/program files (x86)/atmel/studio/7.0/toolchain/avr32/avr32-gnu-toolchain/bin/../lib/gcc/avr32/4.4.7/../../../../avr32/lib/ucr2\libm.a(lib_a-s_fabs.o)
 .debug_ranges  0x00000948       0x18 c:/program files (x86)/atmel/studio/7.0/toolchain/avr32/avr32-gnu-toolchain/bin/../lib/gcc/avr32/4.4.7/../../../../avr32/lib/ucr2\libm.a(lib_a-s_floor.o)
 .debug_ranges  0x00000960       0x18 c:/program files (x86)/atmel/studio/7.0/toolchain/avr32/avr32-gnu-toolchain/bin/../lib/gcc/avr32/4.4.7/../../../../avr32/lib/ucr2\libm.a(lib_a-s_isnand.o)
 .debug_ranges  0x00000978       0x18 c:/program files (x86)/atmel/studio/7.0/toolchain/avr32/avr32-gnu-toolchain/bin/../lib/gcc/avr32/4.4.7/../../../../avr32/lib/ucr2\libm.a(lib_a-s_matherr.o)
 .debug_ranges  0x00000990       0x30 c:/program files (x86)/atmel/studio/7.0/toolchain/avr32/avr32-gnu-toolchain/bin/../lib/gcc/avr32/4.4.7/../../../../avr32/lib/ucr2\libm.a(lib_a-s_scalbn.o)
 .debug_ranges  0x000009c0       0x18 c:/program files (x86)/atmel/studio/7.0/toolchain/avr32/avr32-gnu-toolchain/bin/../lib/gcc/avr32/4.4.7/../../../../avr32/lib/ucr2\libm.a(lib_a-s_copysign.o)
 .debug_ranges  0x000009d8       0x78 c:/program files (x86)/atmel/studio/7.0/toolchain/avr32/avr32-gnu-toolchain/bin/../lib/gcc/avr32/4.4.7/ucr2\libgcc.a(_udivdi3.o)
 .debug_ranges  0x00000a50       0x18 c:/program files (x86)/atmel/studio/7.0/toolchain/avr32/avr32-gnu-toolchain/bin/../lib/gcc/avr32/4.4.7/../../../../avr32/lib/ucr2\libc.a(lib_a-errno.o)
 .debug_ranges  0x00000a68       0xb0 c:/program files (x86)/atmel/studio/7.0/toolchain/avr32/avr32-gnu-toolchain/bin/../lib/gcc/avr32/4.4.7/../../../../avr32/lib/ucr2\libc.a(lib_a-findfp.o)
