Archive member included because of file (symbol)

c:/program files (x86)/atmel/studio/7.0/toolchain/avr32/avr32-gnu-toolchain/bin/../lib/gcc/avr32/4.4.7/ucr2\libgcc.a(_udivdi3.o)
                              src/ASF/avr32/components/display/et024006dhu/et024006dhu.o (__avr32_udiv64)
c:/program files (x86)/atmel/studio/7.0/toolchain/avr32/avr32-gnu-toolchain/bin/../lib/gcc/avr32/4.4.7/../../../../avr32/lib/ucr2\libc.a(lib_a-memcpy.o)
                              src/ASF/avr32/drivers/flashc/flashc.o (memcpy)
c:/program files (x86)/atmel/studio/7.0/toolchain/avr32/avr32-gnu-toolchain/bin/../lib/gcc/avr32/4.4.7/../../../../avr32/lib/ucr2\libc.a(lib_a-vsprintf.o)
                              src/ASF/avr32/components/display/dip204/dip204.o (vsprintf)
c:/program files (x86)/atmel/studio/7.0/toolchain/avr32/avr32-gnu-toolchain/bin/../lib/gcc/avr32/4.4.7/../../../../avr32/lib/ucr2\libc.a(lib_a-impure.o)
                              c:/program files (x86)/atmel/studio/7.0/toolchain/avr32/avr32-gnu-toolchain/bin/../lib/gcc/avr32/4.4.7/../../../../avr32/lib/ucr2\libc.a(lib_a-vsprintf.o) (_impure_ptr)
c:/program files (x86)/atmel/studio/7.0/toolchain/avr32/avr32-gnu-toolchain/bin/../lib/gcc/avr32/4.4.7/../../../../avr32/lib/ucr2\libc.a(lib_a-vfprintf.o)
                              c:/program files (x86)/atmel/studio/7.0/toolchain/avr32/avr32-gnu-toolchain/bin/../lib/gcc/avr32/4.4.7/../../../../avr32/lib/ucr2\libc.a(lib_a-vsprintf.o) (_vfprintf_r)
c:/program files (x86)/atmel/studio/7.0/toolchain/avr32/avr32-gnu-toolchain/bin/../lib/gcc/avr32/4.4.7/../../../../avr32/lib/ucr2\libc.a(lib_a-wsetup.o)
                              c:/program files (x86)/atmel/studio/7.0/toolchain/avr32/avr32-gnu-toolchain/bin/../lib/gcc/avr32/4.4.7/../../../../avr32/lib/ucr2\libc.a(lib_a-vfprintf.o) (__swsetup_r)
c:/program files (x86)/atmel/studio/7.0/toolchain/avr32/avr32-gnu-toolchain/bin/../lib/gcc/avr32/4.4.7/../../../../avr32/lib/ucr2\libc.a(lib_a-dtoa.o)
                              c:/program files (x86)/atmel/studio/7.0/toolchain/avr32/avr32-gnu-toolchain/bin/../lib/gcc/avr32/4.4.7/../../../../avr32/lib/ucr2\libc.a(lib_a-vfprintf.o) (_dtoa_r)
c:/program files (x86)/atmel/studio/7.0/toolchain/avr32/avr32-gnu-toolchain/bin/../lib/gcc/avr32/4.4.7/../../../../avr32/lib/ucr2\libc.a(lib_a-fflush.o)
                              c:/program files (x86)/atmel/studio/7.0/toolchain/avr32/avr32-gnu-toolchain/bin/../lib/gcc/avr32/4.4.7/../../../../avr32/lib/ucr2\libc.a(lib_a-vfprintf.o) (_fflush_r)
c:/program files (x86)/atmel/studio/7.0/toolchain/avr32/avr32-gnu-toolchain/bin/../lib/gcc/avr32/4.4.7/../../../../avr32/lib/ucr2\libc.a(lib_a-findfp.o)
                              c:/program files (x86)/atmel/studio/7.0/toolchain/avr32/avr32-gnu-toolchain/bin/../lib/gcc/avr32/4.4.7/../../../../avr32/lib/ucr2\libc.a(lib_a-vfprintf.o) (__sinit)
c:/program files (x86)/atmel/studio/7.0/toolchain/avr32/avr32-gnu-toolchain/bin/../lib/gcc/avr32/4.4.7/../../../../avr32/lib/ucr2\libc.a(lib_a-freer.o)
                              c:/program files (x86)/atmel/studio/7.0/toolchain/avr32/avr32-gnu-toolchain/bin/../lib/gcc/avr32/4.4.7/../../../../avr32/lib/ucr2\libc.a(lib_a-wsetup.o) (_free_r)
c:/program files (x86)/atmel/studio/7.0/toolchain/avr32/avr32-gnu-toolchain/bin/../lib/gcc/avr32/4.4.7/../../../../avr32/lib/ucr2\libc.a(lib_a-fvwrite.o)
                              c:/program files (x86)/atmel/studio/7.0/toolchain/avr32/avr32-gnu-toolchain/bin/../lib/gcc/avr32/4.4.7/../../../../avr32/lib/ucr2\libc.a(lib_a-vfprintf.o) (__sfvwrite_r)
c:/program files (x86)/atmel/studio/7.0/toolchain/avr32/avr32-gnu-toolchain/bin/../lib/gcc/avr32/4.4.7/../../../../avr32/lib/ucr2\libc.a(lib_a-fwalk.o)
                              c:/program files (x86)/atmel/studio/7.0/toolchain/avr32/avr32-gnu-toolchain/bin/../lib/gcc/avr32/4.4.7/../../../../avr32/lib/ucr2\libc.a(lib_a-fflush.o) (_fwalk_reent)
c:/program files (x86)/atmel/studio/7.0/toolchain/avr32/avr32-gnu-toolchain/bin/../lib/gcc/avr32/4.4.7/../../../../avr32/lib/ucr2\libc.a(lib_a-locale.o)
                              c:/program files (x86)/atmel/studio/7.0/toolchain/avr32/avr32-gnu-toolchain/bin/../lib/gcc/avr32/4.4.7/../../../../avr32/lib/ucr2\libc.a(lib_a-vfprintf.o) (_localeconv_r)
c:/program files (x86)/atmel/studio/7.0/toolchain/avr32/avr32-gnu-toolchain/bin/../lib/gcc/avr32/4.4.7/../../../../avr32/lib/ucr2\libc.a(lib_a-makebuf.o)
                              c:/program files (x86)/atmel/studio/7.0/toolchain/avr32/avr32-gnu-toolchain/bin/../lib/gcc/avr32/4.4.7/../../../../avr32/lib/ucr2\libc.a(lib_a-wsetup.o) (__smakebuf_r)
c:/program files (x86)/atmel/studio/7.0/toolchain/avr32/avr32-gnu-toolchain/bin/../lib/gcc/avr32/4.4.7/../../../../avr32/lib/ucr2\libc.a(lib_a-malloc.o)
                              c:/program files (x86)/atmel/studio/7.0/toolchain/avr32/avr32-gnu-toolchain/bin/../lib/gcc/avr32/4.4.7/../../../../avr32/lib/ucr2\libc.a(lib_a-dtoa.o) (malloc)
[...]
Memory Configuration

Name             Origin             Length             Attributes
FLASH            0x80000000         0x00080000         axrl !w
INTRAM           0x00000004         0x0000fffc         axw !rl
USERPAGE         0x80800000         0x00000200
*default*        0x00000000         0xffffffff

Linker script and memory map

                0x00001000                _stack_size = 0x1000
LOAD src/ASF/avr32/components/display/dip204/dip204.o
LOAD src/ASF/avr32/components/display/et024006dhu/et024006dhu.o
LOAD src/ASF/avr32/components/memory/sd_mmc/sd_mmc_spi/sd_mmc_spi.o
LOAD src/ASF/avr32/drivers/ebi/smc/smc.o
LOAD src/ASF/avr32/drivers/flashc/flashc.o
LOAD src/ASF/avr32/drivers/pm/pm.o
LOAD src/ASF/avr32/drivers/pwm/pwm.o
LOAD src/ASF/avr32/drivers/usart/usart.o
LOAD src/ASF/avr32/utils/debug/print_funcs.o
LOAD src/ASF/common/components/display/ili9341/ili9341.o
LOAD src/ASF/common/services/clock/uc3a0_a1/sysclk.o
LOAD src/ASF/common/services/spi/uc3_spi/spi_master.o
LOAD src/ASF/avr32/drivers/pm/pm_conf_clocks.o
LOAD src/ASF/avr32/drivers/pm/power_clocks_lib.o
LOAD src/ASF/avr32/drivers/pdca/pdca.o
LOAD src/ASF/avr32/drivers/spi/spi.o
LOAD src/ASF/common/services/storage/ctrl_access/ctrl_access.o
LOAD src/ASF/avr32/components/memory/sd_mmc/sd_mmc_spi/sd_mmc_spi_mem.o
LOAD src/ASF/avr32/boards/evk1105/init.o
LOAD src/ASF/avr32/boards/evk1105/led.o
LOAD src/ASF/avr32/drivers/gpio/gpio.o
LOAD src/ASF/avr32/drivers/intc/exception.o
LOAD src/ASF/avr32/drivers/intc/intc.o
LOAD src/ASF/avr32/utils/startup/startup_uc3.o
LOAD src/ASF/avr32/utils/startup/trampoline_uc3.o
LOAD src/main.o
START GROUP
LOAD c:/program files (x86)/atmel/studio/7.0/toolchain/avr32/avr32-gnu-toolchain/bin/../lib/gcc/avr32/4.4.7/../../../../avr32/lib/ucr2\libm.a
END GROUP
LOAD c:/program files (x86)/atmel/studio/7.0/toolchain/avr32/avr32-gnu-toolchain/bin/../lib/gcc/avr32/4.4.7/ucr2\libgcc.a
LOAD c:/program files (x86)/atmel/studio/7.0/toolchain/avr32/avr32-gnu-toolchain/bin/../lib/gcc/avr32/4.4.7/../../../../avr32/lib/ucr2\libc.a
LOAD c:/program files (x86)/atmel/studio/7.0/toolchain/avr32/avr32-gnu-toolchain/bin/../lib/gcc/avr32/4.4.7/ucr2\libgcc.a
                0xffffffff                __max_heap_size__ = 0xffffffff
                [0xffffffff]                __heap_size__ = DEFINED (__heap_size__)?__heap_size__:__max_heap_size__
                [0x00001000]                __stack_size__ = DEFINED (__stack_size__)?__stack_size__:0x1000
                0x80000000                PROVIDE (__executable_start, 0x80000000)
                0x80000000                . = 0x80000000

.interp
 *(.interp)

.reset          0x80000000     0x2008
 *(.reset)
 .reset         0x80000000        0x4 src/ASF/avr32/utils/startup/startup_uc3.o
                                  0x8 (size before relaxing)
                0x80000000                _start
 .reset         0x80000004     0x2004 src/ASF/avr32/utils/startup/trampoline_uc3.o
                               0x2008 (size before relaxing)
                0x80000004                _trampoline

.hash
 *(.hash)

.dynsym
 *(.dynsym)

.dynstr
 *(.dynstr)

.gnu.version
 *(.gnu.version)

.gnu.version_d
 *(.gnu.version_d)

.gnu.version_r
 *(.gnu.version_r)

.rel.init
 *(.rel.init)

.rela.init
 *(.rela.init)

.rel.text
 *(.rel.text .rel.text.* .rel.gnu.linkonce.t.*)

.rela.text
 *(.rela.text .rela.text.* .rela.gnu.linkonce.t.*)

.rel.fini
 *(.rel.fini)

.rela.fini
 *(.rela.fini)

.rel.rodata
 *(.rel.rodata .rel.rodata.* .rel.gnu.linkonce.r.*)

.rela.rodata
 *(.rela.rodata .rela.rodata.* .rela.gnu.linkonce.r.*)

.rel.data.rel.ro
 *(.rel.data.rel.ro*)

.rela.data.rel.ro
 *(.rel.data.rel.ro*)

.rel.data
 *(.rel.data .rel.data.* .rel.gnu.linkonce.d.*)

.rela.data
 *(.rela.data .rela.data.* .rela.gnu.linkonce.d.*)

.rel.tdata
 *(.rel.tdata .rel.tdata.* .rel.gnu.linkonce.td.*)

.rela.tdata
 *(.rela.tdata .rela.tdata.* .rela.gnu.linkonce.td.*)

.rel.tbss
 *(.rel.tbss .rel.tbss.* .rel.gnu.linkonce.tb.*)

.rela.tbss
 *(.rela.tbss .rela.tbss.* .rela.gnu.linkonce.tb.*)

.rel.ctors
 *(.rel.ctors)

.rela.ctors
 *(.rela.ctors)

.rel.dtors
 *(.rel.dtors)

.rela.dtors
 *(.rela.dtors)

.rel.got
 *(.rel.got)

.rela.got       0x80002008        0x0
 *(.rela.got)
 .rela.got      0x80002008        0x0 src/ASF/avr32/drivers/flashc/flashc.o

.rel.bss
 *(.rel.bss .rel.bss.* .rel.gnu.linkonce.b.*)

.rela.bss
 *(.rela.bss .rela.bss.* .rela.gnu.linkonce.b.*)

.rel.plt
 *(.rel.plt)

.rela.plt
 *(.rela.plt)

.init
 *(.init)

.plt
 *(.plt)

.text           0x80002008      0xc20
 *(.text .stub .text.* .gnu.linkonce.t.*)
 .text.et024006_SetLimits
                0x80002008       0x50 src/ASF/avr32/components/display/et024006dhu/et024006dhu.o
                0x80002008                et024006_SetLimits
 .text.et024006_DuplicatePixel
                0x80002058       0x40 src/ASF/avr32/components/display/et024006dhu/et024006dhu.o
                0x80002058                et024006_DuplicatePixel
 .text.et024006_DrawFilledRect
                0x80002098       0x40 src/ASF/avr32/components/display/et024006dhu/et024006dhu.o
                0x80002098                et024006_DrawFilledRect
 .text.et024006_AdjustGamma
                0x800020d8       0x6e src/ASF/avr32/components/display/et024006dhu/et024006dhu.o
 *fill*         0x80002146        0x2 d703d703
 .text.et024006_Init
                0x80002148      0x4a4 src/ASF/avr32/components/display/et024006dhu/et024006dhu.o
                0x80002148                et024006_Init
 .text.smc_init
                0x800025ec       0x14 src/ASF/avr32/drivers/ebi/smc/smc.o
                0x800025ec                smc_init
 .text.pm_set_osc0_mode
                0x80002600        0xa src/ASF/avr32/drivers/pm/pm.o
 *fill*         0x8000260a        0x2 d703d703
 .text.pm_enable_osc0_crystal
                0x8000260c       0x3c src/ASF/avr32/drivers/pm/pm.o
                0x8000260c                pm_enable_osc0_crystal
 .text.pm_enable_clk0_no_wait
                0x80002648       0x10 src/ASF/avr32/drivers/pm/pm.o
                0x80002648                pm_enable_clk0_no_wait
 .text.pm_wait_for_clk0_ready
                0x80002658        0xa src/ASF/avr32/drivers/pm/pm.o
                0x80002658                pm_wait_for_clk0_ready
 *fill*         0x80002662        0x2 d703d703
 .text.pm_enable_clk0
                0x80002664       0x1c src/ASF/avr32/drivers/pm/pm.o
                0x80002664                pm_enable_clk0
 .text.pm_switch_to_clock
                0x80002680        0xa src/ASF/avr32/drivers/pm/pm.o
                0x80002680                pm_switch_to_clock
 *fill*         0x8000268a        0x2 d703d703
 .text.pm_switch_to_osc0
                0x8000268c       0x2c src/ASF/avr32/drivers/pm/pm.o
                0x8000268c                pm_switch_to_osc0
 .text.pwm_channel_init
                0x800026b8       0x36 src/ASF/avr32/drivers/pwm/pwm.o
                0x800026b8                pwm_channel_init
 .text.pwm_start_channels
                0x800026ee       0x12 src/ASF/avr32/drivers/pwm/pwm.o
                0x800026ee                pwm_start_channels
 .text.pwm_async_update_channel
                0x80002700       0x28 src/ASF/avr32/drivers/pwm/pwm.o
                0x80002700                pwm_async_update_channel
 .text.pwm_init
                0x80002728       0x46 src/ASF/avr32/drivers/pwm/pwm.o
                0x80002728                pwm_init
 *fill*         0x8000276e        0x2 d703d703
 .text.pcl_switch_to_osc
                0x80002770       0x1c src/ASF/avr32/drivers/pm/power_clocks_lib.o
                0x80002770                pcl_switch_to_osc
 .text.gpio_enable_module_pin
                0x8000278c       0x52 src/ASF/avr32/drivers/gpio/gpio.o
                0x8000278c                gpio_enable_module_pin
 *fill*         0x800027de        0x2 d703d703
 .text.gpio_enable_module
                0x800027e0       0x30 src/ASF/avr32/drivers/gpio/gpio.o
                0x800027e0                gpio_enable_module
 .text.gpio_enable_gpio_pin
                0x80002810       0x18 src/ASF/avr32/drivers/gpio/gpio.o
                0x80002810                gpio_enable_gpio_pin
 .text.gpio_set_gpio_pin
                0x80002828       0x1c src/ASF/avr32/drivers/gpio/gpio.o
                0x80002828                gpio_set_gpio_pin
 .text.gpio_clr_gpio_pin
                0x80002844       0x1c src/ASF/avr32/drivers/gpio/gpio.o
                0x80002844                gpio_clr_gpio_pin
 .text._get_interrupt_handler
                0x80002860       0x38 src/ASF/avr32/drivers/intc/intc.o
                0x80002860                _get_interrupt_handler
 .text._stext   0x80002898       0x3c src/ASF/avr32/utils/startup/startup_uc3.o
                                 0x50 (size before relaxing)
                0x80002898                _stext
 .text.main     0x800028d4       0xf0 src/main.o
                0x800028d4                main
 .text          0x800029c4      0x264 c:/program files (x86)/atmel/studio/7.0/toolchain/avr32/avr32-gnu-toolchain/bin/../lib/gcc/avr32/4.4.7/ucr2\libgcc.a(_udivdi3.o)
                0x800029c4                __avr32_udiv64
                0x800029c4                __udivdi3
 *(.text.*personality*)
 *(.gnu.warning)

.exception      0x80002e00      0x200
 .exception     0x80002e00      0x200 src/ASF/avr32/drivers/intc/exception.o
                0x80002e00                _evba
                0x80002f04                _int0
                0x80002f12                _int1
                0x80002f20                _int2
                0x80002f2e                _int3

.fini
 *(.fini)
                0x80003000                PROVIDE (__etext, .)
                0x80003000                PROVIDE (_etext, .)
                0x80003000                PROVIDE (etext, .)

.rodata         0x80003000      0x1f8
 *(.rodata .rodata.* .gnu.linkonce.r.*)
 .rodata.SMC_EBI_GPIO_MAP.10580
                0x80003000      0x158 src/ASF/avr32/drivers/ebi/smc/smc.o
 .rodata._int_handler_table
                0x80003158       0xa0 src/ASF/avr32/drivers/intc/intc.o

.rodata1
 *(.rodata1)

.eh_frame_hdr
 *(.eh_frame_hdr)

.eh_frame
 *(.eh_frame)

.gcc_except_table
 *(.gcc_except_table)
 *(.gcc_except_table.*)

.lalign         0x800031f8        0x0
                0x800031f8                . = ALIGN (0x8)
                0x800031f8                PROVIDE (_data_lma, .)
                0x00000004                . = ORIGIN (INTRAM)

.dalign         0x00000004        0x4
                0x00000008                . = ALIGN (0x8)
 *fill*         0x00000004        0x4 
                0x00000008                PROVIDE (_data, .)

.eh_frame
 *(.eh_frame)

.gcc_except_table
 *(.gcc_except_table)
 *(.gcc_except_table.*)

.tdata
 *(.tdata .tdata.* .gnu.linkonce.td.*)

.tbss
 *(.tbss .tbss.* .gnu.linkonce.tb.*)
 *(.tcommon)
                0x00000008                PROVIDE (__preinit_array_start, ALIGN (0x4))

.preinit_array
 *(.preinit_array)
                0x00000008                PROVIDE (__preinit_array_end, .)
                0x00000008                PROVIDE (__init_array_start, .)

.init_array
 *(.init_array)
                0x00000008                PROVIDE (__init_array_end, .)
                0x00000008                PROVIDE (__fini_array_start, .)

.fini_array
 *(.fini_array)
                0x00000008                PROVIDE (__fini_array_end, .)

.ctors
 *crtbegin*.o(.ctors)
 *(EXCLUDE_FILE(*crtend*.o) .ctors)
 *(SORT(.ctors.*))
 *(.ctors)

.dtors
 *crtbegin*.o(.dtors)
 *(EXCLUDE_FILE(*crtend*.o) .dtors)
 *(SORT(.dtors.*))
 *(.dtors)

.jcr
 *(.jcr)

.data.rel.ro
 *(.data.rel.ro.local)
 *(.data.rel.ro*)

.dynamic
 *(.dynamic)

.got
 *(.got.plt)
 *(.got)

.ramtext
 *(.ramtext .ramtext.*)

.ddalign        0x00000008        0x0 load address 0x800031f8
                0x00000008                . = ALIGN (0x8)

.data           0x00000008       0x20 load address 0x800031f8
 *(.data .data.* .gnu.linkonce.d.*)
 .data.pwm_channel6
                0x00000008       0x20 src/main.o
                0x00000008                pwm_channel6
 *(.gnu.linkonce.d.*personality*)

.data1
 *(.data1)

.balign         0x00000028        0x0 load address 0x80003218
                0x00000028                . = ALIGN (0x8)
                0x00000028                PROVIDE (_edata, .)
                0x00000028                PROVIDE (edata, .)
                0x00000028                __bss_start = .

.bss            0x00000028       0xf8
 *(.dynbss)
 *(.bss .bss.* .gnu.linkonce.b.*)
 .bss.tft_data  0x00000028        0x8 src/ASF/avr32/components/display/et024006dhu/et024006dhu.o
 .bss._int_line_handler_table_6
                0x00000030        0x4 src/ASF/avr32/drivers/intc/intc.o
 .bss._int_line_handler_table_7
                0x00000034        0x4 src/ASF/avr32/drivers/intc/intc.o
 .bss._int_line_handler_table_8
                0x00000038        0x4 src/ASF/avr32/drivers/intc/intc.o
 .bss._int_line_handler_table_9
                0x0000003c        0x4 src/ASF/avr32/drivers/intc/intc.o
 .bss._int_line_handler_table_10
                0x00000040        0x4 src/ASF/avr32/drivers/intc/intc.o
 .bss._int_line_handler_table_11
                0x00000044        0x4 src/ASF/avr32/drivers/intc/intc.o
 .bss._int_line_handler_table_12
                0x00000048        0x4 src/ASF/avr32/drivers/intc/intc.o
 .bss._int_line_handler_table_13
                0x0000004c        0x4 src/ASF/avr32/drivers/intc/intc.o
 .bss._int_line_handler_table_14
                0x00000050        0xc src/ASF/avr32/drivers/intc/intc.o
 .bss._int_line_handler_table_15
                0x0000005c        0x4 src/ASF/avr32/drivers/intc/intc.o
 .bss._int_line_handler_table_16
                0x00000060        0x4 src/ASF/avr32/drivers/intc/intc.o
 .bss._int_line_handler_table_17
                0x00000064        0x4 src/ASF/avr32/drivers/intc/intc.o
 .bss._int_line_handler_table_18
                0x00000068        0x4 src/ASF/avr32/drivers/intc/intc.o
 .bss._int_line_handler_table_19
                0x0000006c        0x4 src/ASF/avr32/drivers/intc/intc.o
 .bss._int_line_handler_table_0
                0x00000070        0x4 src/ASF/avr32/drivers/intc/intc.o
 .bss._int_line_handler_table_1
                0x00000074       0x2c src/ASF/avr32/drivers/intc/intc.o
 .bss._int_line_handler_table_2
                0x000000a0       0x38 src/ASF/avr32/drivers/intc/intc.o
 .bss._int_line_handler_table_3
                0x000000d8       0x3c src/ASF/avr32/drivers/intc/intc.o
 .bss._int_line_handler_table_4
                0x00000114        0x4 src/ASF/avr32/drivers/intc/intc.o
 .bss._int_line_handler_table_5
                0x00000118        0x4 src/ASF/avr32/drivers/intc/intc.o
 *(COMMON)
                0x00000120                . = ALIGN (0x8)
 *fill*         0x0000011c        0x4 
                0x00000120                . = ALIGN (0x8)
                0x00000120                _end = .
                0x00000120                PROVIDE (end, .)
                0x00000120                __heap_start__ = ALIGN (0x8)

.heap           0x00000120     0xeee0
 *(.heap)
                0x0000eee0                . = (__heap_size__ == __max_heap_size__)?(((ORIGIN (INTRAM) + 0xfffc) - __stack_size__) - ABSOLUTE (.)):__heap_size__
 *fill*         0x00000120     0xeee0 
                0x0000f000                __heap_end__ = .

.stab
 *(.stab)

.stabstr
 *(.stabstr)

.stab.excl
 *(.stab.excl)

.stab.exclstr
 *(.stab.exclstr)

.stab.index
 *(.stab.index)

.stab.indexstr
 *(.stab.indexstr)

.comment        0x00000000       0x30
 *(.comment)
 .comment       0x00000000       0x30 src/ASF/avr32/components/display/et024006dhu/et024006dhu.o
                                 0x31 (size before relaxing)
 .comment       0x00000000       0x31 src/ASF/avr32/drivers/ebi/smc/smc.o
 .comment       0x00000000       0x31 src/ASF/avr32/drivers/pm/pm.o
 .comment       0x00000000       0x31 src/ASF/avr32/drivers/pwm/pwm.o
 .comment       0x00000000       0x31 src/ASF/avr32/drivers/pm/power_clocks_lib.o
 .comment       0x00000000       0x31 src/ASF/avr32/drivers/gpio/gpio.o
 .comment       0x00000000       0x31 src/ASF/avr32/drivers/intc/intc.o
 .comment       0x00000000       0x31 src/main.o
 .comment       0x00000000       0x31 c:/program files (x86)/atmel/studio/7.0/toolchain/avr32/avr32-gnu-toolchain/bin/../lib/gcc/avr32/4.4.7/ucr2\libgcc.a(_udivdi3.o)

.debug
 *(.debug)

.line
 *(.line)

.debug_srcinfo
 *(.debug_srcinfo)

.debug_sfnames
 *(.debug_sfnames)

.debug_aranges  0x00000000      0x538
 *(.debug_aranges)
 .debug_aranges
                0x00000000      0x110 src/ASF/avr32/components/display/et024006dhu/et024006dhu.o
 .debug_aranges
                0x00000110       0x28 src/ASF/avr32/drivers/ebi/smc/smc.o
 .debug_aranges
                0x00000138      0x190 src/ASF/avr32/drivers/pm/pm.o
 .debug_aranges
                0x000002c8       0x48 src/ASF/avr32/drivers/pwm/pwm.o
 .debug_aranges
                0x00000310       0x40 src/ASF/avr32/drivers/pm/power_clocks_lib.o
 .debug_aranges
                0x00000350      0x100 src/ASF/avr32/drivers/gpio/gpio.o
 .debug_aranges
                0x00000450       0x20 src/ASF/avr32/drivers/intc/exception.o
 .debug_aranges
                0x00000470       0x38 src/ASF/avr32/drivers/intc/intc.o
 .debug_aranges
                0x000004a8       0x28 src/ASF/avr32/utils/startup/startup_uc3.o
 .debug_aranges
                0x000004d0       0x20 src/ASF/avr32/utils/startup/trampoline_uc3.o
 .debug_aranges
                0x000004f0       0x28 src/main.o
 .debug_aranges
                0x00000518       0x20 c:/program files (x86)/atmel/studio/7.0/toolchain/avr32/avr32-gnu-toolchain/bin/../lib/gcc/avr32/4.4.7/ucr2\libgcc.a(_udivdi3.o)

.debug_pubnames
                0x00000000      0xc3f
 *(.debug_pubnames)
 .debug_pubnames
                0x00000000      0x317 src/ASF/avr32/components/display/et024006dhu/et024006dhu.o
 .debug_pubnames
                0x00000317       0x33 src/ASF/avr32/drivers/ebi/smc/smc.o
 .debug_pubnames
                0x0000034a      0x3ee src/ASF/avr32/drivers/pm/pm.o
 .debug_pubnames
                0x00000738       0x9a src/ASF/avr32/drivers/pwm/pwm.o
 .debug_pubnames
                0x000007d2       0x82 src/ASF/avr32/drivers/pm/power_clocks_lib.o
 .debug_pubnames
                0x00000854      0x330 src/ASF/avr32/drivers/gpio/gpio.o
 .debug_pubnames
                0x00000b84       0x62 src/ASF/avr32/drivers/intc/intc.o
 .debug_pubnames
                0x00000be6       0x39 src/main.o
 .debug_pubnames
                0x00000c1f       0x20 c:/program files (x86)/atmel/studio/7.0/toolchain/avr32/avr32-gnu-toolchain/bin/../lib/gcc/avr32/4.4.7/ucr2\libgcc.a(_udivdi3.o)

.debug_info     0x00000000     0x744a
 *(.debug_info .gnu.linkonce.wi.*)
 .debug_info    0x00000000     0x212c src/ASF/avr32/components/display/et024006dhu/et024006dhu.o
 .debug_info    0x0000212c      0x30e src/ASF/avr32/drivers/ebi/smc/smc.o
 .debug_info    0x0000243a     0x1a57 src/ASF/avr32/drivers/pm/pm.o
 .debug_info    0x00003e91      0xa08 src/ASF/avr32/drivers/pwm/pwm.o
 .debug_info    0x00004899      0xf89 src/ASF/avr32/drivers/pm/power_clocks_lib.o
 .debug_info    0x00005822      0xb1b src/ASF/avr32/drivers/gpio/gpio.o
 .debug_info    0x0000633d       0xa6 src/ASF/avr32/drivers/intc/exception.o
 .debug_info    0x000063e3      0x5ae src/ASF/avr32/drivers/intc/intc.o
 .debug_info    0x00006991       0xa5 src/ASF/avr32/utils/startup/startup_uc3.o
 .debug_info    0x00006a36       0xac src/ASF/avr32/utils/startup/trampoline_uc3.o
 .debug_info    0x00006ae2      0x3ed src/main.o
 .debug_info    0x00006ecf      0x57b c:/program files (x86)/atmel/studio/7.0/toolchain/avr32/avr32-gnu-toolchain/bin/../lib/gcc/avr32/4.4.7/ucr2\libgcc.a(_udivdi3.o)

.debug_abbrev   0x00000000     0x1282
 *(.debug_abbrev)
 .debug_abbrev  0x00000000      0x325 src/ASF/avr32/components/display/et024006dhu/et024006dhu.o
 .debug_abbrev  0x00000325      0x140 src/ASF/avr32/drivers/ebi/smc/smc.o
 .debug_abbrev  0x00000465      0x2d1 src/ASF/avr32/drivers/pm/pm.o
 .debug_abbrev  0x00000736      0x19d src/ASF/avr32/drivers/pwm/pwm.o
 .debug_abbrev  0x000008d3      0x1cd src/ASF/avr32/drivers/pm/power_clocks_lib.o
 .debug_abbrev  0x00000aa0      0x28b src/ASF/avr32/drivers/gpio/gpio.o
 .debug_abbrev  0x00000d2b       0x14 src/ASF/avr32/drivers/intc/exception.o
 .debug_abbrev  0x00000d3f      0x1d4 src/ASF/avr32/drivers/intc/intc.o
 .debug_abbrev  0x00000f13       0x12 src/ASF/avr32/utils/startup/startup_uc3.o
 .debug_abbrev  0x00000f25       0x14 src/ASF/avr32/utils/startup/trampoline_uc3.o
 .debug_abbrev  0x00000f39      0x1ef src/main.o
 .debug_abbrev  0x00001128      0x15a c:/program files (x86)/atmel/studio/7.0/toolchain/avr32/avr32-gnu-toolchain/bin/../lib/gcc/avr32/4.4.7/ucr2\libgcc.a(_udivdi3.o)

.debug_line     0x00000000     0x492f
 *(.debug_line)
 .debug_line    0x00000000      0xd5c src/ASF/avr32/components/display/et024006dhu/et024006dhu.o
 .debug_line    0x00000d5c      0x712 src/ASF/avr32/drivers/ebi/smc/smc.o
 .debug_line    0x0000146e      0x9ca src/ASF/avr32/drivers/pm/pm.o
 .debug_line    0x00001e38      0x6c6 src/ASF/avr32/drivers/pwm/pwm.o
 .debug_line    0x000024fe      0x6c5 src/ASF/avr32/drivers/pm/power_clocks_lib.o
 .debug_line    0x00002bc3      0x8c7 src/ASF/avr32/drivers/gpio/gpio.o
 .debug_line    0x0000348a      0x109 src/ASF/avr32/drivers/intc/exception.o
 .debug_line    0x00003593      0x695 src/ASF/avr32/drivers/intc/intc.o
 .debug_line    0x00003c28       0xf2 src/ASF/avr32/utils/startup/startup_uc3.o
 .debug_line    0x00003d1a       0x67 src/ASF/avr32/utils/startup/trampoline_uc3.o
 .debug_line    0x00003d81      0x9d9 src/main.o
 .debug_line    0x0000475a      0x1d5 c:/program files (x86)/atmel/studio/7.0/toolchain/avr32/avr32-gnu-toolchain/bin/../lib/gcc/avr32/4.4.7/ucr2\libgcc.a(_udivdi3.o)

.debug_frame    0x00000000      0xb54
 *(.debug_frame)
 .debug_frame   0x00000000      0x3a0 src/ASF/avr32/components/display/et024006dhu/et024006dhu.o
 .debug_frame   0x000003a0       0x38 src/ASF/avr32/drivers/ebi/smc/smc.o
 .debug_frame   0x000003d8      0x390 src/ASF/avr32/drivers/pm/pm.o
 .debug_frame   0x00000768       0x70 src/ASF/avr32/drivers/pwm/pwm.o
 .debug_frame   0x000007d8       0x88 src/ASF/avr32/drivers/pm/power_clocks_lib.o
 .debug_frame   0x00000860      0x204 src/ASF/avr32/drivers/gpio/gpio.o
 .debug_frame   0x00000a64       0x64 src/ASF/avr32/drivers/intc/intc.o
 .debug_frame   0x00000ac8       0x48 src/main.o
 .debug_frame   0x00000b10       0x44 c:/program files (x86)/atmel/studio/7.0/toolchain/avr32/avr32-gnu-toolchain/bin/../lib/gcc/avr32/4.4.7/ucr2\libgcc.a(_udivdi3.o)

.debug_str      0x00000000     0x1b68
 *(.debug_str)
 .debug_str     0x00000000      0x707 src/ASF/avr32/components/display/et024006dhu/et024006dhu.o
                                0x79c (size before relaxing)
 .debug_str     0x00000707       0x8b src/ASF/avr32/drivers/ebi/smc/smc.o
                                0x19f (size before relaxing)
 .debug_str     0x00000792      0x7b9 src/ASF/avr32/drivers/pm/pm.o
                                0x9ae (size before relaxing)
 .debug_str     0x00000f4b      0x200 src/ASF/avr32/drivers/pwm/pwm.o
                                0x350 (size before relaxing)
 .debug_str     0x0000114b       0xe6 src/ASF/avr32/drivers/pm/power_clocks_lib.o
                                0x54a (size before relaxing)
 .debug_str     0x00001231      0x413 src/ASF/avr32/drivers/gpio/gpio.o
                                0x542 (size before relaxing)
 .debug_str     0x00001644      0x37d src/ASF/avr32/drivers/intc/intc.o
                                0x496 (size before relaxing)
 .debug_str     0x000019c1       0x55 src/main.o
                                0x278 (size before relaxing)
 .debug_str     0x00001a16      0x152 c:/program files (x86)/atmel/studio/7.0/toolchain/avr32/avr32-gnu-toolchain/bin/../lib/gcc/avr32/4.4.7/ucr2\libgcc.a(_udivdi3.o)
                                0x207 (size before relaxing)

.debug_loc      0x00000000     0x294f
 *(.debug_loc)
 .debug_loc     0x00000000     0x15dd src/ASF/avr32/components/display/et024006dhu/et024006dhu.o
 .debug_loc     0x000015dd       0x45 src/ASF/avr32/drivers/ebi/smc/smc.o
 .debug_loc     0x00001622      0x559 src/ASF/avr32/drivers/pm/pm.o
 .debug_loc     0x00001b7b       0xb4 src/ASF/avr32/drivers/pwm/pwm.o
 .debug_loc     0x00001c2f      0x12b src/ASF/avr32/drivers/pm/power_clocks_lib.o
 .debug_loc     0x00001d5a      0x368 src/ASF/avr32/drivers/gpio/gpio.o
 .debug_loc     0x000020c2       0xd3 src/ASF/avr32/drivers/intc/intc.o
 .debug_loc     0x00002195       0x5d src/main.o
 .debug_loc     0x000021f2      0x75d c:/program files (x86)/atmel/studio/7.0/toolchain/avr32/avr32-gnu-toolchain/bin/../lib/gcc/avr32/4.4.7/ucr2\libgcc.a(_udivdi3.o)

.debug_macinfo  0x00000000   0x775f40
 *(.debug_macinfo)
 .debug_macinfo
                0x00000000    0xf1409 src/ASF/avr32/components/display/et024006dhu/et024006dhu.o
 .debug_macinfo
                0x000f1409    0xf10bb src/ASF/avr32/drivers/ebi/smc/smc.o
 .debug_macinfo
                0x001e24c4    0xecc95 src/ASF/avr32/drivers/pm/pm.o
 .debug_macinfo
                0x002cf159    0xecd00 src/ASF/avr32/drivers/pwm/pwm.o
 .debug_macinfo
                0x003bbe59    0xecd76 src/ASF/avr32/drivers/pm/power_clocks_lib.o
 .debug_macinfo
                0x004a8bcf    0xece2b src/ASF/avr32/drivers/gpio/gpio.o
 .debug_macinfo
                0x005959fa    0xeced8 src/ASF/avr32/drivers/intc/intc.o
 .debug_macinfo
                0x006828d2    0xf366e src/main.o

.debug_weaknames
 *(.debug_weaknames)

.debug_funcnames
 *(.debug_funcnames)

.debug_typenames
 *(.debug_typenames)

.debug_varnames
 *(.debug_varnames)

.stack          0x0000f000     0x1000
                0x0000f000                _stack = .
 *(.stack)
                0x00001000                . = __stack_size__
 *fill*         0x0000f000     0x1000 
                0x00010000                _estack = .

.userpage
 *(.userpage .userpage.*)

/DISCARD/
 *(.note.GNU-stack)
OUTPUT(ExamenPractico3.elf elf32-avr32)

.debug_ranges   0x00000000      0x730
 .debug_ranges  0x00000000      0x318 src/ASF/avr32/components/display/et024006dhu/et024006dhu.o
 .debug_ranges  0x00000318       0x20 src/ASF/avr32/drivers/ebi/smc/smc.o
 .debug_ranges  0x00000338      0x188 src/ASF/avr32/drivers/pm/pm.o
 .debug_ranges  0x000004c0       0x40 src/ASF/avr32/drivers/pwm/pwm.o
 .debug_ranges  0x00000500       0x38 src/ASF/avr32/drivers/pm/power_clocks_lib.o
 .debug_ranges  0x00000538       0xf8 src/ASF/avr32/drivers/gpio/gpio.o
 .debug_ranges  0x00000630       0x48 src/ASF/avr32/drivers/intc/intc.o
 .debug_ranges  0x00000678       0x20 src/ASF/avr32/utils/startup/startup_uc3.o
 .debug_ranges  0x00000698       0x20 src/main.o
 .debug_ranges  0x000006b8       0x78 c:/program files (x86)/atmel/studio/7.0/toolchain/avr32/avr32-gnu-toolchain/bin/../lib/gcc/avr32/4.4.7/ucr2\libgcc.a(_udivdi3.o)
