Archive member included because of file (symbol)

c:/program files (x86)/atmel/studio/7.0/toolchain/avr32/avr32-gnu-toolchain/bin/../lib/gcc/avr32/4.4.7/../../../../avr32/lib/ucr2\libc.a(lib_a-memcpy.o)
                              src/ASF/avr32/drivers/flashc/flashc.o (memcpy)

Allocating common symbols
Common symbol       size              file

data_mem            0x201             src/ASF/avr32/components/memory/sd_mmc/sd_mmc_spi/sd_mmc_spi.o
end_of_transfer     0x1               src/main.o
capacity            0x8               src/ASF/avr32/components/memory/sd_mmc/sd_mmc_spi/sd_mmc_spi.o
pdca_channeltx      0x4               src/main.o
pdca_channelrx      0x4               src/main.o
ram_buffer          0x3e8             src/main.o
capacity_mult       0x2               src/ASF/avr32/components/memory/sd_mmc/sd_mmc_spi/sd_mmc_spi.o
erase_group_size    0x2               src/ASF/avr32/components/memory/sd_mmc/sd_mmc_spi/sd_mmc_spi.o
sd_mmc_spi_last_block_address
                    0x4               src/ASF/avr32/components/memory/sd_mmc/sd_mmc_spi/sd_mmc_spi.o
r2                  0x2               src/ASF/avr32/components/memory/sd_mmc/sd_mmc_spi/sd_mmc_spi.o
card_type           0x1               src/ASF/avr32/components/memory/sd_mmc/sd_mmc_spi/sd_mmc_spi.o
csd                 0x10              src/ASF/avr32/components/memory/sd_mmc/sd_mmc_spi/sd_mmc_spi.o
r1                  0x1               src/ASF/avr32/components/memory/sd_mmc/sd_mmc_spi/sd_mmc_spi.o

Discarded input sections

 .text          0x00000000        0x0 src/ASF/avr32/components/memory/sd_mmc/sd_mmc_spi/sd_mmc_spi.o
 .data          0x00000000        0x0 src/ASF/avr32/components/memory/sd_mmc/sd_mmc_spi/sd_mmc_spi.o
 .bss           0x00000000        0x0 src/ASF/avr32/components/memory/sd_mmc/sd_mmc_spi/sd_mmc_spi.o
 .text.sd_mmc_spi_write_close
                0x00000000        0x2 src/ASF/avr32/components/memory/sd_mmc/sd_mmc_spi/sd_mmc_spi.o
 .text.sd_mmc_spi_write_open
                0x00000000       0x1c src/ASF/avr32/components/memory/sd_mmc/sd_mmc_spi/sd_mmc_spi.o
 .text.sd_mmc_spi_read_close
                0x00000000        0xc src/ASF/avr32/components/memory/sd_mmc/sd_mmc_spi/sd_mmc_spi.o
 .text.sd_mmc_spi_read_open
                0x00000000       0x1c src/ASF/avr32/components/memory/sd_mmc/sd_mmc_spi/sd_mmc_spi.o
 .text.sd_mmc_spi_get_status
                0x00000000       0xd0 src/ASF/avr32/components/memory/sd_mmc/sd_mmc_spi/sd_mmc_spi.o
 .text.is_sd_mmc_spi_write_pwd_locked
                0x00000000       0x40 src/ASF/avr32/components/memory/sd_mmc/sd_mmc_spi/sd_mmc_spi.o
 .text.sd_mmc_spi_erase_sector_group
                0x00000000      0x118 src/ASF/avr32/components/memory/sd_mmc/sd_mmc_spi/sd_mmc_spi.o
 .text.sd_mmc_spi_write_sector_from_ram
                0x00000000      0x160 src/ASF/avr32/components/memory/sd_mmc/sd_mmc_spi/sd_mmc_spi.o
 .text.sd_mmc_spi_lock_operation
                0x00000000      0x1a8 src/ASF/avr32/components/memory/sd_mmc/sd_mmc_spi/sd_mmc_spi.o
 .text.sd_mmc_spi_read_sector_to_ram
                0x00000000      0x164 src/ASF/avr32/components/memory/sd_mmc/sd_mmc_spi/sd_mmc_spi.o
 .text.sd_mmc_spi_get_cid
                0x00000000       0xfc src/ASF/avr32/components/memory/sd_mmc/sd_mmc_spi/sd_mmc_spi.o
 .text.sd_mmc_spi_write_multiple_sector
                0x00000000       0x30 src/ASF/avr32/components/memory/sd_mmc/sd_mmc_spi/sd_mmc_spi.o
 .text.sd_mmc_spi_read_multiple_sector
                0x00000000       0x30 src/ASF/avr32/components/memory/sd_mmc/sd_mmc_spi/sd_mmc_spi.o
 .bss.sector_buf
                0x00000000      0x200 src/ASF/avr32/components/memory/sd_mmc/sd_mmc_spi/sd_mmc_spi.o
 .text          0x00000000        0x0 src/ASF/avr32/drivers/flashc/flashc.o
 .data          0x00000000        0x0 src/ASF/avr32/drivers/flashc/flashc.o
 .bss           0x00000000        0x0 src/ASF/avr32/drivers/flashc/flashc.o
 .debug_abbrev  0x00000000      0x331 src/ASF/avr32/drivers/flashc/flashc.o
 .debug_info    0x00000000     0x1c72 src/ASF/avr32/drivers/flashc/flashc.o
 .debug_line    0x00000000      0xbde src/ASF/avr32/drivers/flashc/flashc.o
 .debug_macinfo
                0x00000000    0xecd4d src/ASF/avr32/drivers/flashc/flashc.o
 .text.flashc_get_flash_size
                0x00000000       0x34 src/ASF/avr32/drivers/flashc/flashc.o
 .text.flashc_get_page_count
                0x00000000       0x10 src/ASF/avr32/drivers/flashc/flashc.o
 .text.flashc_get_page_count_per_region
                0x00000000       0x10 src/ASF/avr32/drivers/flashc/flashc.o
 .text.flashc_get_region_first_page_number
                0x00000000       0x14 src/ASF/avr32/drivers/flashc/flashc.o
 .text.flashc_get_wait_state
                0x00000000        0xc src/ASF/avr32/drivers/flashc/flashc.o
 .text.flashc_set_wait_state
                0x00000000        0xe src/ASF/avr32/drivers/flashc/flashc.o
 .text.flashc_set_bus_freq
                0x00000000       0x24 src/ASF/avr32/drivers/flashc/flashc.o
 .text.flashc_is_ready_int_enabled
                0x00000000        0xc src/ASF/avr32/drivers/flashc/flashc.o
 .text.flashc_enable_ready_int
                0x00000000        0xe src/ASF/avr32/drivers/flashc/flashc.o
 .text.flashc_is_lock_error_int_enabled
                0x00000000        0xc src/ASF/avr32/drivers/flashc/flashc.o
 .text.flashc_enable_lock_error_int
                0x00000000        0xe src/ASF/avr32/drivers/flashc/flashc.o
 .text.flashc_is_prog_error_int_enabled
                0x00000000        0xc src/ASF/avr32/drivers/flashc/flashc.o
 .text.flashc_enable_prog_error_int
                0x00000000        0xe src/ASF/avr32/drivers/flashc/flashc.o
 .text.flashc_is_ready
                0x00000000        0xc src/ASF/avr32/drivers/flashc/flashc.o
 .text.flashc_default_wait_until_ready
                0x00000000       0x10 src/ASF/avr32/drivers/flashc/flashc.o
 .text.flashc_is_lock_error
                0x00000000       0x10 src/ASF/avr32/drivers/flashc/flashc.o
 .text.flashc_is_programming_error
                0x00000000       0x10 src/ASF/avr32/drivers/flashc/flashc.o
 .text.flashc_get_command
                0x00000000        0xc src/ASF/avr32/drivers/flashc/flashc.o
 .text.flashc_get_page_number
                0x00000000        0xc src/ASF/avr32/drivers/flashc/flashc.o
 .text.flashc_get_page_region
                0x00000000       0x28 src/ASF/avr32/drivers/flashc/flashc.o
 .text.flashc_issue_command
                0x00000000       0x48 src/ASF/avr32/drivers/flashc/flashc.o
 .text.flashc_no_operation
                0x00000000       0x10 src/ASF/avr32/drivers/flashc/flashc.o
 .text.flashc_erase_all
                0x00000000       0x10 src/ASF/avr32/drivers/flashc/flashc.o
 .text.flashc_is_security_bit_active
                0x00000000        0xc src/ASF/avr32/drivers/flashc/flashc.o
 .text.flashc_activate_security_bit
                0x00000000       0x10 src/ASF/avr32/drivers/flashc/flashc.o
 .text.flashc_is_region_locked
                0x00000000       0x1a src/ASF/avr32/drivers/flashc/flashc.o
 .text.flashc_is_page_region_locked
                0x00000000       0x14 src/ASF/avr32/drivers/flashc/flashc.o
 .text.flashc_lock_page_region
                0x00000000       0x1c src/ASF/avr32/drivers/flashc/flashc.o
 .text.flashc_lock_region
                0x00000000       0x1c src/ASF/avr32/drivers/flashc/flashc.o
 .text.flashc_lock_all_regions
                0x00000000       0x2c src/ASF/avr32/drivers/flashc/flashc.o
 .text.flashc_read_all_gp_fuses
                0x00000000       0x26 src/ASF/avr32/drivers/flashc/flashc.o
 .text.flashc_read_gp_fuse_byte
                0x00000000       0x44 src/ASF/avr32/drivers/flashc/flashc.o
 .text.flashc_read_gp_fuse_bitfield
                0x00000000       0x74 src/ASF/avr32/drivers/flashc/flashc.o
 .text.flashc_get_bootloader_protected_size
                0x00000000       0x20 src/ASF/avr32/drivers/flashc/flashc.o
 .text.flashc_read_gp_fuse_bit
                0x00000000       0x3c src/ASF/avr32/drivers/flashc/flashc.o
 .text.flashc_is_external_privileged_fetch_locked
                0x00000000       0x14 src/ASF/avr32/drivers/flashc/flashc.o
 .text.flashc_erase_gp_fuse_bit
                0x00000000       0x2c src/ASF/avr32/drivers/flashc/flashc.o
 .text.flashc_erase_gp_fuse_bitfield
                0x00000000       0x8c src/ASF/avr32/drivers/flashc/flashc.o
 .text.flashc_erase_all_gp_fuses
                0x00000000       0x30 src/ASF/avr32/drivers/flashc/flashc.o
 .text.flashc_write_gp_fuse_bit
                0x00000000       0x18 src/ASF/avr32/drivers/flashc/flashc.o
 .text.flashc_write_gp_fuse_bitfield
                0x00000000       0x4c src/ASF/avr32/drivers/flashc/flashc.o
 .text.flashc_write_gp_fuse_byte
                0x00000000       0x18 src/ASF/avr32/drivers/flashc/flashc.o
 .text.flashc_erase_gp_fuse_byte
                0x00000000       0x74 src/ASF/avr32/drivers/flashc/flashc.o
 .text.flashc_write_all_gp_fuses
                0x00000000       0x3c src/ASF/avr32/drivers/flashc/flashc.o
 .text.flashc_set_gp_fuse_bit
                0x00000000       0x20 src/ASF/avr32/drivers/flashc/flashc.o
 .text.flashc_lock_external_privileged_fetch
                0x00000000       0x18 src/ASF/avr32/drivers/flashc/flashc.o
 .text.flashc_set_gp_fuse_bitfield
                0x00000000       0x4c src/ASF/avr32/drivers/flashc/flashc.o
 .text.flashc_set_gp_fuse_byte
                0x00000000       0x4c src/ASF/avr32/drivers/flashc/flashc.o
 .text.flashc_set_all_gp_fuses
                0x00000000       0x54 src/ASF/avr32/drivers/flashc/flashc.o
 .text.flashc_clear_page_buffer
                0x00000000       0x10 src/ASF/avr32/drivers/flashc/flashc.o
 .text.flashc_is_page_erased
                0x00000000        0xc src/ASF/avr32/drivers/flashc/flashc.o
 .text.flashc_quick_page_read
                0x00000000       0x18 src/ASF/avr32/drivers/flashc/flashc.o
 .text.flashc_erase_page
                0x00000000       0x38 src/ASF/avr32/drivers/flashc/flashc.o
 .text.flashc_erase_all_pages
                0x00000000       0x48 src/ASF/avr32/drivers/flashc/flashc.o
 .text.flashc_write_page
                0x00000000       0x10 src/ASF/avr32/drivers/flashc/flashc.o
 .text.flashc_quick_user_page_read
                0x00000000       0x18 src/ASF/avr32/drivers/flashc/flashc.o
 .text.flashc_erase_user_page
                0x00000000       0x28 src/ASF/avr32/drivers/flashc/flashc.o
 .text.flashc_write_user_page
                0x00000000       0x10 src/ASF/avr32/drivers/flashc/flashc.o
 .text.flashc_memset64
                0x00000000      0x238 src/ASF/avr32/drivers/flashc/flashc.o
 .text.flashc_memset32
                0x00000000       0x20 src/ASF/avr32/drivers/flashc/flashc.o
 .text.flashc_memset16
                0x00000000       0x10 src/ASF/avr32/drivers/flashc/flashc.o
 .text.flashc_memset8
                0x00000000       0x14 src/ASF/avr32/drivers/flashc/flashc.o
 .text.flashc_memcpy
                0x00000000       0xfc src/ASF/avr32/drivers/flashc/flashc.o
 .text.flashc_set_bootloader_protected_size
                0x00000000       0x80 src/ASF/avr32/drivers/flashc/flashc.o
 .rodata.C.36.10528
                0x00000000       0x10 src/ASF/avr32/drivers/flashc/flashc.o
 .data.flashc_wait_until_ready
                0x00000000        0x4 src/ASF/avr32/drivers/flashc/flashc.o
 .bss.flashc_error_status
                0x00000000        0x4 src/ASF/avr32/drivers/flashc/flashc.o
 .debug_frame   0x00000000      0x6a4 src/ASF/avr32/drivers/flashc/flashc.o
 .debug_loc     0x00000000     0x10f4 src/ASF/avr32/drivers/flashc/flashc.o
 .debug_pubnames
                0x00000000      0x771 src/ASF/avr32/drivers/flashc/flashc.o
 .debug_aranges
                0x00000000      0x218 src/ASF/avr32/drivers/flashc/flashc.o
 .debug_ranges  0x00000000      0x210 src/ASF/avr32/drivers/flashc/flashc.o
 .debug_str     0x00000000      0xc4f src/ASF/avr32/drivers/flashc/flashc.o
 .comment       0x00000000       0x31 src/ASF/avr32/drivers/flashc/flashc.o
 .text          0x00000000        0x0 src/ASF/avr32/drivers/pm/pm.o
 .data          0x00000000        0x0 src/ASF/avr32/drivers/pm/pm.o
 .bss           0x00000000        0x0 src/ASF/avr32/drivers/pm/pm.o
 .text.pm_enable_osc0_ext_clock
                0x00000000       0x10 src/ASF/avr32/drivers/pm/pm.o
 .text.pm_disable_clk0
                0x00000000        0x8 src/ASF/avr32/drivers/pm/pm.o
 .text.pm_set_osc1_mode
                0x00000000        0xa src/ASF/avr32/drivers/pm/pm.o
 .text.pm_enable_osc1_ext_clock
                0x00000000       0x10 src/ASF/avr32/drivers/pm/pm.o
 .text.pm_enable_osc1_crystal
                0x00000000       0x3c src/ASF/avr32/drivers/pm/pm.o
 .text.pm_disable_clk1
                0x00000000        0x8 src/ASF/avr32/drivers/pm/pm.o
 .text.pm_enable_clk1_no_wait
                0x00000000       0x10 src/ASF/avr32/drivers/pm/pm.o
 .text.pm_wait_for_clk1_ready
                0x00000000        0xa src/ASF/avr32/drivers/pm/pm.o
 .text.pm_enable_clk1
                0x00000000       0x1c src/ASF/avr32/drivers/pm/pm.o
 .text.pm_set_osc32_mode
                0x00000000        0xa src/ASF/avr32/drivers/pm/pm.o
 .text.pm_enable_osc32_ext_clock
                0x00000000       0x10 src/ASF/avr32/drivers/pm/pm.o
 .text.pm_enable_osc32_crystal
                0x00000000       0x10 src/ASF/avr32/drivers/pm/pm.o
 .text.pm_disable_clk32
                0x00000000        0x8 src/ASF/avr32/drivers/pm/pm.o
 .text.pm_enable_clk32_no_wait
                0x00000000       0x10 src/ASF/avr32/drivers/pm/pm.o
 .text.pm_wait_for_clk32_ready
                0x00000000        0xa src/ASF/avr32/drivers/pm/pm.o
 .text.pm_enable_clk32
                0x00000000       0x1c src/ASF/avr32/drivers/pm/pm.o
 .text.pm_cksel_get
                0x00000000        0x6 src/ASF/avr32/drivers/pm/pm.o
 .text.pm_cksel_set
                0x00000000        0xc src/ASF/avr32/drivers/pm/pm.o
 .text.pm_cksel
                0x00000000       0x46 src/ASF/avr32/drivers/pm/pm.o
 .text.pm_gc_setup
                0x00000000       0x22 src/ASF/avr32/drivers/pm/pm.o
 .text.pm_gc_enable
                0x00000000        0xe src/ASF/avr32/drivers/pm/pm.o
 .text.pm_gc_disable
                0x00000000        0xe src/ASF/avr32/drivers/pm/pm.o
 .text.pm_pll_setup
                0x00000000       0x22 src/ASF/avr32/drivers/pm/pm.o
 .text.pm_pll_set_option
                0x00000000       0x1a src/ASF/avr32/drivers/pm/pm.o
 .text.pm_pll_get_option
                0x00000000        0xc src/ASF/avr32/drivers/pm/pm.o
 .text.pm_pll_enable
                0x00000000        0xe src/ASF/avr32/drivers/pm/pm.o
 .text.pm_pll_disable
                0x00000000        0xe src/ASF/avr32/drivers/pm/pm.o
 .text.pm_wait_for_pll0_locked
                0x00000000        0xa src/ASF/avr32/drivers/pm/pm.o
 .text.pm_wait_for_pll1_locked
                0x00000000        0xa src/ASF/avr32/drivers/pm/pm.o
 .text.pm_get_clock
                0x00000000        0x8 src/ASF/avr32/drivers/pm/pm.o
 .text.pm_bod_enable_irq
                0x00000000        0xa src/ASF/avr32/drivers/pm/pm.o
 .text.pm_bod_clear_irq
                0x00000000        0xa src/ASF/avr32/drivers/pm/pm.o
 .text.pm_bod_get_irq_status
                0x00000000        0x8 src/ASF/avr32/drivers/pm/pm.o
 .text.pm_bod_get_irq_enable_bit
                0x00000000        0x8 src/ASF/avr32/drivers/pm/pm.o
 .text.pm_bod_get_level
                0x00000000        0xa src/ASF/avr32/drivers/pm/pm.o
 .text.pm_read_gplp
                0x00000000        0x8 src/ASF/avr32/drivers/pm/pm.o
 .text.pm_write_gplp
                0x00000000        0x8 src/ASF/avr32/drivers/pm/pm.o
 .text.pm_enable_module
                0x00000000       0x1a src/ASF/avr32/drivers/pm/pm.o
 .text.pm_disable_module
                0x00000000       0x1c src/ASF/avr32/drivers/pm/pm.o
 .text.pm_bod_disable_irq
                0x00000000       0x26 src/ASF/avr32/drivers/pm/pm.o
 .text          0x00000000        0x0 src/ASF/avr32/drivers/usart/usart.o
 .data          0x00000000        0x0 src/ASF/avr32/drivers/usart/usart.o
 .bss           0x00000000        0x0 src/ASF/avr32/drivers/usart/usart.o
 .text.usart_set_sync_master_baudrate
                0x00000000       0x28 src/ASF/avr32/drivers/usart/usart.o
 .text.usart_spi_selectChip
                0x00000000        0x8 src/ASF/avr32/drivers/usart/usart.o
 .text.usart_spi_unselectChip
                0x00000000       0x1e src/ASF/avr32/drivers/usart/usart.o
 .text.usart_send_address
                0x00000000       0x34 src/ASF/avr32/drivers/usart/usart.o
 .text.usart_read_char
                0x00000000       0x22 src/ASF/avr32/drivers/usart/usart.o
 .text.usart_getchar
                0x00000000       0x2c src/ASF/avr32/drivers/usart/usart.o
 .text.usart_get_echo_line
                0x00000000       0x50 src/ASF/avr32/drivers/usart/usart.o
 .text.usart_init_spi_slave
                0x00000000       0x94 src/ASF/avr32/drivers/usart/usart.o
 .text.usart_init_spi_master
                0x00000000       0xb0 src/ASF/avr32/drivers/usart/usart.o
 .text.usart_init_lin_slave
                0x00000000       0x38 src/ASF/avr32/drivers/usart/usart.o
 .text.usart_init_lin_master
                0x00000000       0x38 src/ASF/avr32/drivers/usart/usart.o
 .text.usart_init_iso7816
                0x00000000       0xa4 src/ASF/avr32/drivers/usart/usart.o
 .text.usart_init_sync_slave
                0x00000000       0xc8 src/ASF/avr32/drivers/usart/usart.o
 .text.usart_init_sync_master
                0x00000000       0xdc src/ASF/avr32/drivers/usart/usart.o
 .text.usart_init_rs232_tx_only
                0x00000000       0xd4 src/ASF/avr32/drivers/usart/usart.o
 .text.usart_init_IrDA
                0x00000000       0x34 src/ASF/avr32/drivers/usart/usart.o
 .text.usart_init_rs485
                0x00000000       0x24 src/ASF/avr32/drivers/usart/usart.o
 .text.usart_init_modem
                0x00000000       0x24 src/ASF/avr32/drivers/usart/usart.o
 .text.usart_init_hw_handshaking
                0x00000000       0x24 src/ASF/avr32/drivers/usart/usart.o
 .rodata.str1.4
                0x00000000        0xc src/ASF/avr32/drivers/usart/usart.o
 .text          0x00000000        0x0 src/ASF/avr32/utils/debug/print_funcs.o
 .data          0x00000000        0x0 src/ASF/avr32/utils/debug/print_funcs.o
 .bss           0x00000000        0x0 src/ASF/avr32/utils/debug/print_funcs.o
 .text.print_char
                0x00000000        0xc src/ASF/avr32/utils/debug/print_funcs.o
 .text.print_dbg_char
                0x00000000       0x14 src/ASF/avr32/utils/debug/print_funcs.o
 .text.print_hex
                0x00000000       0x38 src/ASF/avr32/utils/debug/print_funcs.o
 .text.print_dbg_hex
                0x00000000       0x14 src/ASF/avr32/utils/debug/print_funcs.o
 .text.print_short_hex
                0x00000000       0x4c src/ASF/avr32/utils/debug/print_funcs.o
 .text.print_dbg_short_hex
                0x00000000       0x14 src/ASF/avr32/utils/debug/print_funcs.o
 .text          0x00000000        0x0 src/ASF/avr32/drivers/pm/pm_conf_clocks.o
 .data          0x00000000        0x0 src/ASF/avr32/drivers/pm/pm_conf_clocks.o
 .bss           0x00000000        0x0 src/ASF/avr32/drivers/pm/pm_conf_clocks.o
 .debug_abbrev  0x00000000      0x185 src/ASF/avr32/drivers/pm/pm_conf_clocks.o
 .debug_info    0x00000000      0xf50 src/ASF/avr32/drivers/pm/pm_conf_clocks.o
 .debug_line    0x00000000      0x6d2 src/ASF/avr32/drivers/pm/pm_conf_clocks.o
 .debug_macinfo
                0x00000000    0xecce7 src/ASF/avr32/drivers/pm/pm_conf_clocks.o
 .text.pm_configure_usb_clock
                0x00000000       0x70 src/ASF/avr32/drivers/pm/pm_conf_clocks.o
 .text.pm_configure_clocks
                0x00000000      0x1d4 src/ASF/avr32/drivers/pm/pm_conf_clocks.o
 .debug_frame   0x00000000       0x7c src/ASF/avr32/drivers/pm/pm_conf_clocks.o
 .debug_loc     0x00000000      0x232 src/ASF/avr32/drivers/pm/pm_conf_clocks.o
 .debug_pubnames
                0x00000000       0x45 src/ASF/avr32/drivers/pm/pm_conf_clocks.o
 .debug_aranges
                0x00000000       0x28 src/ASF/avr32/drivers/pm/pm_conf_clocks.o
 .debug_ranges  0x00000000       0x20 src/ASF/avr32/drivers/pm/pm_conf_clocks.o
 .debug_str     0x00000000      0x538 src/ASF/avr32/drivers/pm/pm_conf_clocks.o
 .comment       0x00000000       0x31 src/ASF/avr32/drivers/pm/pm_conf_clocks.o
 .text          0x00000000        0x0 src/ASF/avr32/drivers/pm/power_clocks_lib.o
 .data          0x00000000        0x0 src/ASF/avr32/drivers/pm/power_clocks_lib.o
 .bss           0x00000000        0x0 src/ASF/avr32/drivers/pm/power_clocks_lib.o
 .debug_abbrev  0x00000000      0x1cd src/ASF/avr32/drivers/pm/power_clocks_lib.o
 .debug_info    0x00000000      0xf89 src/ASF/avr32/drivers/pm/power_clocks_lib.o
 .debug_line    0x00000000      0x6c5 src/ASF/avr32/drivers/pm/power_clocks_lib.o
 .debug_macinfo
                0x00000000    0xecd76 src/ASF/avr32/drivers/pm/power_clocks_lib.o
 .text.pcl_read_gplp
                0x00000000       0x14 src/ASF/avr32/drivers/pm/power_clocks_lib.o
 .text.pcl_write_gplp
                0x00000000       0x14 src/ASF/avr32/drivers/pm/power_clocks_lib.o
 .text.pcl_configure_usb_clock
                0x00000000        0xc src/ASF/avr32/drivers/pm/power_clocks_lib.o
 .text.pcl_switch_to_osc
                0x00000000       0x1c src/ASF/avr32/drivers/pm/power_clocks_lib.o
 .text.pcl_configure_clocks
                0x00000000        0xc src/ASF/avr32/drivers/pm/power_clocks_lib.o
 .debug_frame   0x00000000       0x88 src/ASF/avr32/drivers/pm/power_clocks_lib.o
 .debug_loc     0x00000000      0x12b src/ASF/avr32/drivers/pm/power_clocks_lib.o
 .debug_pubnames
                0x00000000       0x82 src/ASF/avr32/drivers/pm/power_clocks_lib.o
 .debug_aranges
                0x00000000       0x40 src/ASF/avr32/drivers/pm/power_clocks_lib.o
 .debug_ranges  0x00000000       0x38 src/ASF/avr32/drivers/pm/power_clocks_lib.o
 .debug_str     0x00000000      0x545 src/ASF/avr32/drivers/pm/power_clocks_lib.o
 .comment       0x00000000       0x31 src/ASF/avr32/drivers/pm/power_clocks_lib.o
 .text          0x00000000        0x0 src/ASF/avr32/drivers/pdca/pdca.o
 .data          0x00000000        0x0 src/ASF/avr32/drivers/pdca/pdca.o
 .bss           0x00000000        0x0 src/ASF/avr32/drivers/pdca/pdca.o
 .text.pdca_get_channel_status
                0x00000000       0x14 src/ASF/avr32/drivers/pdca/pdca.o
 .text.pdca_get_load_size
                0x00000000       0x10 src/ASF/avr32/drivers/pdca/pdca.o
 .text.pdca_get_reload_size
                0x00000000       0x10 src/ASF/avr32/drivers/pdca/pdca.o
 .text.pdca_set_peripheral_select
                0x00000000       0x14 src/ASF/avr32/drivers/pdca/pdca.o
 .text.pdca_set_transfer_size
                0x00000000       0x1c src/ASF/avr32/drivers/pdca/pdca.o
 .text.pdca_enable_interrupt_transfer_error
                0x00000000       0x10 src/ASF/avr32/drivers/pdca/pdca.o
 .text.pdca_enable_interrupt_reload_counter_zero
                0x00000000       0x10 src/ASF/avr32/drivers/pdca/pdca.o
 .text.pdca_get_transfer_status
                0x00000000       0x10 src/ASF/avr32/drivers/pdca/pdca.o
 .text.pdca_disable_interrupt_transfer_error
                0x00000000       0x28 src/ASF/avr32/drivers/pdca/pdca.o
 .text.pdca_reload_channel
                0x00000000       0x38 src/ASF/avr32/drivers/pdca/pdca.o
 .text          0x00000000        0x0 src/ASF/avr32/drivers/spi/spi.o
 .data          0x00000000        0x0 src/ASF/avr32/drivers/spi/spi.o
 .bss           0x00000000        0x0 src/ASF/avr32/drivers/spi/spi.o
 .text.spi_initSlave
                0x00000000       0x46 src/ASF/avr32/drivers/spi/spi.o
 .text.spi_initTest
                0x00000000       0x10 src/ASF/avr32/drivers/spi/spi.o
 .text.spi_disable
                0x00000000        0x6 src/ASF/avr32/drivers/spi/spi.o
 .text.spi_is_enabled
                0x00000000        0x8 src/ASF/avr32/drivers/spi/spi.o
 .text.spi_writeRegisterEmptyCheck
                0x00000000        0x8 src/ASF/avr32/drivers/spi/spi.o
 .text.spi_variableSlaveWrite
                0x00000000       0x40 src/ASF/avr32/drivers/spi/spi.o
 .text.spi_writeEndCheck
                0x00000000        0x8 src/ASF/avr32/drivers/spi/spi.o
 .text.spi_readRegisterFullCheck
                0x00000000        0x8 src/ASF/avr32/drivers/spi/spi.o
 .text.spi_getStatus
                0x00000000       0x2c src/ASF/avr32/drivers/spi/spi.o
 .text          0x00000000        0x0 src/ASF/common/services/storage/ctrl_access/ctrl_access.o
 .data          0x00000000        0x0 src/ASF/common/services/storage/ctrl_access/ctrl_access.o
 .bss           0x00000000        0x0 src/ASF/common/services/storage/ctrl_access/ctrl_access.o
 .debug_abbrev  0x00000000      0x152 src/ASF/common/services/storage/ctrl_access/ctrl_access.o
 .debug_info    0x00000000      0x3b3 src/ASF/common/services/storage/ctrl_access/ctrl_access.o
 .debug_line    0x00000000      0x7e3 src/ASF/common/services/storage/ctrl_access/ctrl_access.o
 .debug_macinfo
                0x00000000    0xf0df9 src/ASF/common/services/storage/ctrl_access/ctrl_access.o
 .text.get_nb_lun
                0x00000000        0x2 src/ASF/common/services/storage/ctrl_access/ctrl_access.o
 .text.get_cur_lun
                0x00000000        0x2 src/ASF/common/services/storage/ctrl_access/ctrl_access.o
 .text.mem_test_unit_ready
                0x00000000       0x14 src/ASF/common/services/storage/ctrl_access/ctrl_access.o
 .text.mem_read_capacity
                0x00000000       0x18 src/ASF/common/services/storage/ctrl_access/ctrl_access.o
 .text.mem_sector_size
                0x00000000        0x6 src/ASF/common/services/storage/ctrl_access/ctrl_access.o
 .text.mem_unload
                0x00000000       0x24 src/ASF/common/services/storage/ctrl_access/ctrl_access.o
 .text.mem_wr_protect
                0x00000000       0x14 src/ASF/common/services/storage/ctrl_access/ctrl_access.o
 .text.mem_removal
                0x00000000       0x14 src/ASF/common/services/storage/ctrl_access/ctrl_access.o
 .text.mem_name
                0x00000000       0x10 src/ASF/common/services/storage/ctrl_access/ctrl_access.o
 .rodata.lun_desc
                0x00000000       0x18 src/ASF/common/services/storage/ctrl_access/ctrl_access.o
 .rodata.str1.4
                0x00000000       0x18 src/ASF/common/services/storage/ctrl_access/ctrl_access.o
 .debug_frame   0x00000000       0xc8 src/ASF/common/services/storage/ctrl_access/ctrl_access.o
 .debug_loc     0x00000000      0x208 src/ASF/common/services/storage/ctrl_access/ctrl_access.o
 .debug_pubnames
                0x00000000       0xb2 src/ASF/common/services/storage/ctrl_access/ctrl_access.o
 .debug_aranges
                0x00000000       0x60 src/ASF/common/services/storage/ctrl_access/ctrl_access.o
 .debug_ranges  0x00000000       0x58 src/ASF/common/services/storage/ctrl_access/ctrl_access.o
 .debug_str     0x00000000      0x26b src/ASF/common/services/storage/ctrl_access/ctrl_access.o
 .comment       0x00000000       0x31 src/ASF/common/services/storage/ctrl_access/ctrl_access.o
 .text          0x00000000        0x0 src/ASF/avr32/components/memory/sd_mmc/sd_mmc_spi/sd_mmc_spi_mem.o
 .data          0x00000000        0x0 src/ASF/avr32/components/memory/sd_mmc/sd_mmc_spi/sd_mmc_spi_mem.o
 .bss           0x00000000        0x0 src/ASF/avr32/components/memory/sd_mmc/sd_mmc_spi/sd_mmc_spi_mem.o
 .debug_abbrev  0x00000000       0xf7 src/ASF/avr32/components/memory/sd_mmc/sd_mmc_spi/sd_mmc_spi_mem.o
 .debug_info    0x00000000      0x195 src/ASF/avr32/components/memory/sd_mmc/sd_mmc_spi/sd_mmc_spi_mem.o
 .debug_line    0x00000000      0x7e2 src/ASF/avr32/components/memory/sd_mmc/sd_mmc_spi/sd_mmc_spi_mem.o
 .debug_macinfo
                0x00000000    0xf13dc src/ASF/avr32/components/memory/sd_mmc/sd_mmc_spi/sd_mmc_spi_mem.o
 .text.sd_mmc_spi_wr_protect
                0x00000000        0x2 src/ASF/avr32/components/memory/sd_mmc/sd_mmc_spi/sd_mmc_spi_mem.o
 .text.sd_mmc_spi_removal
                0x00000000        0x2 src/ASF/avr32/components/memory/sd_mmc/sd_mmc_spi/sd_mmc_spi_mem.o
 .text.sd_mmc_spi_test_unit_ready
                0x00000000       0x6c src/ASF/avr32/components/memory/sd_mmc/sd_mmc_spi/sd_mmc_spi_mem.o
 .text.sd_mmc_spi_mem_init
                0x00000000        0xc src/ASF/avr32/components/memory/sd_mmc/sd_mmc_spi/sd_mmc_spi_mem.o
 .text.sd_mmc_spi_read_capacity
                0x00000000       0x40 src/ASF/avr32/components/memory/sd_mmc/sd_mmc_spi/sd_mmc_spi_mem.o
 .data.sd_mmc_spi_presence_status
                0x00000000        0x1 src/ASF/avr32/components/memory/sd_mmc/sd_mmc_spi/sd_mmc_spi_mem.o
 .debug_frame   0x00000000       0x7c src/ASF/avr32/components/memory/sd_mmc/sd_mmc_spi/sd_mmc_spi_mem.o
 .debug_loc     0x00000000       0x7b src/ASF/avr32/components/memory/sd_mmc/sd_mmc_spi/sd_mmc_spi_mem.o
 .debug_pubnames
                0x00000000       0xb6 src/ASF/avr32/components/memory/sd_mmc/sd_mmc_spi/sd_mmc_spi_mem.o
 .debug_aranges
                0x00000000       0x40 src/ASF/avr32/components/memory/sd_mmc/sd_mmc_spi/sd_mmc_spi_mem.o
 .debug_ranges  0x00000000       0x38 src/ASF/avr32/components/memory/sd_mmc/sd_mmc_spi/sd_mmc_spi_mem.o
 .debug_str     0x00000000      0x251 src/ASF/avr32/components/memory/sd_mmc/sd_mmc_spi/sd_mmc_spi_mem.o
 .comment       0x00000000       0x31 src/ASF/avr32/components/memory/sd_mmc/sd_mmc_spi/sd_mmc_spi_mem.o
 .text          0x00000000        0x0 src/ASF/avr32/boards/evk1105/init.o
 .data          0x00000000        0x0 src/ASF/avr32/boards/evk1105/init.o
 .bss           0x00000000        0x0 src/ASF/avr32/boards/evk1105/init.o
 .debug_abbrev  0x00000000       0xae src/ASF/avr32/boards/evk1105/init.o
 .debug_info    0x00000000      0x155 src/ASF/avr32/boards/evk1105/init.o
 .debug_line    0x00000000      0x6e4 src/ASF/avr32/boards/evk1105/init.o
 .debug_macinfo
                0x00000000    0xeff5d src/ASF/avr32/boards/evk1105/init.o
 .text.board_init
                0x00000000       0x74 src/ASF/avr32/boards/evk1105/init.o
 .rodata.AT45DBX_SPI_GPIO_MAP.10568
                0x00000000       0x20 src/ASF/avr32/boards/evk1105/init.o
 .rodata.SD_MMC_SPI_GPIO_MAP.10569
                0x00000000       0x20 src/ASF/avr32/boards/evk1105/init.o
 .rodata.COMPORT_GPIO_MAP.10571
                0x00000000       0x10 src/ASF/avr32/boards/evk1105/init.o
 .rodata.TWI_GPIO_MAP.10570
                0x00000000       0x10 src/ASF/avr32/boards/evk1105/init.o
 .debug_frame   0x00000000       0x28 src/ASF/avr32/boards/evk1105/init.o
 .debug_loc     0x00000000       0x1f src/ASF/avr32/boards/evk1105/init.o
 .debug_pubnames
                0x00000000       0x21 src/ASF/avr32/boards/evk1105/init.o
 .debug_aranges
                0x00000000       0x20 src/ASF/avr32/boards/evk1105/init.o
 .debug_ranges  0x00000000       0x18 src/ASF/avr32/boards/evk1105/init.o
 .debug_str     0x00000000      0x182 src/ASF/avr32/boards/evk1105/init.o
 .comment       0x00000000       0x31 src/ASF/avr32/boards/evk1105/init.o
 .text          0x00000000        0x0 src/ASF/avr32/boards/evk1105/led.o
 .data          0x00000000        0x0 src/ASF/avr32/boards/evk1105/led.o
 .bss           0x00000000        0x0 src/ASF/avr32/boards/evk1105/led.o
 .debug_abbrev  0x00000000      0x279 src/ASF/avr32/boards/evk1105/led.o
 .debug_info    0x00000000      0xef1 src/ASF/avr32/boards/evk1105/led.o
 .debug_line    0x00000000      0x79b src/ASF/avr32/boards/evk1105/led.o
 .debug_macinfo
                0x00000000    0xef2bd src/ASF/avr32/boards/evk1105/led.o
 .text.LED_Read_Display
                0x00000000        0xc src/ASF/avr32/boards/evk1105/led.o
 .text.LED_Display
                0x00000000       0x54 src/ASF/avr32/boards/evk1105/led.o
 .text.LED_Read_Display_Mask
                0x00000000        0xc src/ASF/avr32/boards/evk1105/led.o
 .text.LED_Test
                0x00000000       0x10 src/ASF/avr32/boards/evk1105/led.o
 .text.LED_Set_Intensity
                0x00000000       0xb0 src/ASF/avr32/boards/evk1105/led.o
 .text.LED_Get_Intensity
                0x00000000       0x40 src/ASF/avr32/boards/evk1105/led.o
 .text.LED_Read_Display_Field
                0x00000000       0x20 src/ASF/avr32/boards/evk1105/led.o
 .text.LED_Toggle
                0x00000000       0x5c src/ASF/avr32/boards/evk1105/led.o
 .text.LED_On   0x00000000       0x5c src/ASF/avr32/boards/evk1105/led.o
 .text.LED_Off  0x00000000       0x60 src/ASF/avr32/boards/evk1105/led.o
 .text.LED_Display_Mask
                0x00000000       0x84 src/ASF/avr32/boards/evk1105/led.o
 .text.LED_Display_Field
                0x00000000       0x20 src/ASF/avr32/boards/evk1105/led.o
 .data.LED_State
                0x00000000        0x4 src/ASF/avr32/boards/evk1105/led.o
 .rodata.LED_DESCRIPTOR
                0x00000000       0x40 src/ASF/avr32/boards/evk1105/led.o
 .debug_frame   0x00000000      0x114 src/ASF/avr32/boards/evk1105/led.o
 .debug_loc     0x00000000      0x2aa src/ASF/avr32/boards/evk1105/led.o
 .debug_pubnames
                0x00000000       0xf6 src/ASF/avr32/boards/evk1105/led.o
 .debug_aranges
                0x00000000       0x78 src/ASF/avr32/boards/evk1105/led.o
 .debug_ranges  0x00000000       0x70 src/ASF/avr32/boards/evk1105/led.o
 .debug_str     0x00000000      0x4d5 src/ASF/avr32/boards/evk1105/led.o
 .comment       0x00000000       0x31 src/ASF/avr32/boards/evk1105/led.o
 .text          0x00000000        0x0 src/ASF/avr32/drivers/gpio/gpio.o
 .data          0x00000000        0x0 src/ASF/avr32/drivers/gpio/gpio.o
 .bss           0x00000000        0x0 src/ASF/avr32/drivers/gpio/gpio.o
 .text.gpio_enable_gpio_pin
                0x00000000       0x18 src/ASF/avr32/drivers/gpio/gpio.o
 .text.gpio_enable_gpio
                0x00000000       0x28 src/ASF/avr32/drivers/gpio/gpio.o
 .text.gpio_enable_pin_pull_up
                0x00000000       0x16 src/ASF/avr32/drivers/gpio/gpio.o
 .text.gpio_disable_pin_pull_up
                0x00000000       0x16 src/ASF/avr32/drivers/gpio/gpio.o
 .text.gpio_configure_pin
                0x00000000       0xb8 src/ASF/avr32/drivers/gpio/gpio.o
 .text.gpio_configure_group
                0x00000000       0x6e src/ASF/avr32/drivers/gpio/gpio.o
 .text.gpio_get_pin_value
                0x00000000       0x16 src/ASF/avr32/drivers/gpio/gpio.o
 .text.gpio_get_gpio_pin_output_value
                0x00000000       0x16 src/ASF/avr32/drivers/gpio/gpio.o
 .text.gpio_get_gpio_open_drain_pin_output_value
                0x00000000       0x1a src/ASF/avr32/drivers/gpio/gpio.o
 .text.gpio_set_gpio_pin
                0x00000000       0x1c src/ASF/avr32/drivers/gpio/gpio.o
 .text.gpio_set_pin_high
                0x00000000       0x16 src/ASF/avr32/drivers/gpio/gpio.o
 .text.gpio_set_group_high
                0x00000000        0xc src/ASF/avr32/drivers/gpio/gpio.o
 .text.gpio_set_pin_low
                0x00000000       0x16 src/ASF/avr32/drivers/gpio/gpio.o
 .text.gpio_clr_gpio_pin
                0x00000000       0x1c src/ASF/avr32/drivers/gpio/gpio.o
 .text.gpio_set_group_low
                0x00000000        0xc src/ASF/avr32/drivers/gpio/gpio.o
 .text.gpio_tgl_gpio_pin
                0x00000000       0x1c src/ASF/avr32/drivers/gpio/gpio.o
 .text.gpio_toggle_pin
                0x00000000       0x16 src/ASF/avr32/drivers/gpio/gpio.o
 .text.gpio_toggle_group
                0x00000000        0xc src/ASF/avr32/drivers/gpio/gpio.o
 .text.gpio_set_gpio_open_drain_pin
                0x00000000       0x18 src/ASF/avr32/drivers/gpio/gpio.o
 .text.gpio_clr_gpio_open_drain_pin
                0x00000000       0x1c src/ASF/avr32/drivers/gpio/gpio.o
 .text.gpio_tgl_gpio_open_drain_pin
                0x00000000       0x1c src/ASF/avr32/drivers/gpio/gpio.o
 .text.gpio_enable_pin_glitch_filter
                0x00000000       0x16 src/ASF/avr32/drivers/gpio/gpio.o
 .text.gpio_disable_pin_glitch_filter
                0x00000000       0x16 src/ASF/avr32/drivers/gpio/gpio.o
 .text.gpio_enable_pin_interrupt
                0x00000000       0x46 src/ASF/avr32/drivers/gpio/gpio.o
 .text.gpio_disable_pin_interrupt
                0x00000000       0x16 src/ASF/avr32/drivers/gpio/gpio.o
 .text.gpio_get_pin_interrupt_flag
                0x00000000       0x18 src/ASF/avr32/drivers/gpio/gpio.o
 .text.gpio_clear_pin_interrupt_flag
                0x00000000       0x16 src/ASF/avr32/drivers/gpio/gpio.o
 .text          0x00000000        0x0 src/ASF/avr32/drivers/intc/exception.o
 .data          0x00000000        0x0 src/ASF/avr32/drivers/intc/exception.o
 .bss           0x00000000        0x0 src/ASF/avr32/drivers/intc/exception.o
 .text          0x00000000        0x0 src/ASF/avr32/drivers/intc/intc.o
 .data          0x00000000        0x0 src/ASF/avr32/drivers/intc/intc.o
 .bss           0x00000000        0x0 src/ASF/avr32/drivers/intc/intc.o
 .text          0x00000000        0x0 src/ASF/avr32/utils/startup/startup_uc3.o
 .data          0x00000000        0x0 src/ASF/avr32/utils/startup/startup_uc3.o
 .bss           0x00000000        0x0 src/ASF/avr32/utils/startup/startup_uc3.o
 .text          0x00000000        0x0 src/ASF/avr32/utils/startup/trampoline_uc3.o
 .data          0x00000000        0x0 src/ASF/avr32/utils/startup/trampoline_uc3.o
 .bss           0x00000000        0x0 src/ASF/avr32/utils/startup/trampoline_uc3.o
 .text          0x00000000        0x0 src/main.o
 .data          0x00000000        0x0 src/main.o
 .bss           0x00000000        0x0 src/main.o
 .text          0x00000000      0x148 c:/program files (x86)/atmel/studio/7.0/toolchain/avr32/avr32-gnu-toolchain/bin/../lib/gcc/avr32/4.4.7/../../../../avr32/lib/ucr2\libc.a(lib_a-memcpy.o)
 .data          0x00000000        0x0 c:/program files (x86)/atmel/studio/7.0/toolchain/avr32/avr32-gnu-toolchain/bin/../lib/gcc/avr32/4.4.7/../../../../avr32/lib/ucr2\libc.a(lib_a-memcpy.o)
 .bss           0x00000000        0x0 c:/program files (x86)/atmel/studio/7.0/toolchain/avr32/avr32-gnu-toolchain/bin/../lib/gcc/avr32/4.4.7/../../../../avr32/lib/ucr2\libc.a(lib_a-memcpy.o)

Memory Configuration

Name             Origin             Length             Attributes
FLASH            0x80000000         0x00080000         axrl !w
INTRAM           0x00000004         0x0000fffc         axw !rl
USERPAGE         0x80800000         0x00000200
*default*        0x00000000         0xffffffff

Linker script and memory map

                0x00001000                _stack_size = 0x1000
LOAD src/ASF/avr32/components/memory/sd_mmc/sd_mmc_spi/sd_mmc_spi.o
LOAD src/ASF/avr32/drivers/flashc/flashc.o
LOAD src/ASF/avr32/drivers/pm/pm.o
LOAD src/ASF/avr32/drivers/usart/usart.o
LOAD src/ASF/avr32/utils/debug/print_funcs.o
LOAD src/ASF/avr32/drivers/pm/pm_conf_clocks.o
LOAD src/ASF/avr32/drivers/pm/power_clocks_lib.o
LOAD src/ASF/avr32/drivers/pdca/pdca.o
LOAD src/ASF/avr32/drivers/spi/spi.o
LOAD src/ASF/common/services/storage/ctrl_access/ctrl_access.o
LOAD src/ASF/avr32/components/memory/sd_mmc/sd_mmc_spi/sd_mmc_spi_mem.o
LOAD src/ASF/avr32/boards/evk1105/init.o
LOAD src/ASF/avr32/boards/evk1105/led.o
LOAD src/ASF/avr32/drivers/gpio/gpio.o
LOAD src/ASF/avr32/drivers/intc/exception.o
LOAD src/ASF/avr32/drivers/intc/intc.o
LOAD src/ASF/avr32/utils/startup/startup_uc3.o
LOAD src/ASF/avr32/utils/startup/trampoline_uc3.o
LOAD src/main.o
START GROUP
LOAD c:/program files (x86)/atmel/studio/7.0/toolchain/avr32/avr32-gnu-toolchain/bin/../lib/gcc/avr32/4.4.7/../../../../avr32/lib/ucr2\libm.a
END GROUP
LOAD c:/program files (x86)/atmel/studio/7.0/toolchain/avr32/avr32-gnu-toolchain/bin/../lib/gcc/avr32/4.4.7/ucr2\libgcc.a
LOAD c:/program files (x86)/atmel/studio/7.0/toolchain/avr32/avr32-gnu-toolchain/bin/../lib/gcc/avr32/4.4.7/../../../../avr32/lib/ucr2\libc.a
LOAD c:/program files (x86)/atmel/studio/7.0/toolchain/avr32/avr32-gnu-toolchain/bin/../lib/gcc/avr32/4.4.7/ucr2\libgcc.a
                0xffffffff                __max_heap_size__ = 0xffffffff
                [0xffffffff]                __heap_size__ = DEFINED (__heap_size__)?__heap_size__:__max_heap_size__
                [0x00001000]                __stack_size__ = DEFINED (__stack_size__)?__stack_size__:0x1000
                0x80000000                PROVIDE (__executable_start, 0x80000000)
                0x80000000                . = 0x80000000

.interp
 *(.interp)

.reset          0x80000000     0x2008
 *(.reset)
 .reset         0x80000000        0x4 src/ASF/avr32/utils/startup/startup_uc3.o
                                  0x8 (size before relaxing)
                0x80000000                _start
 .reset         0x80000004     0x2004 src/ASF/avr32/utils/startup/trampoline_uc3.o
                               0x2008 (size before relaxing)
                0x80000004                _trampoline

.hash
 *(.hash)

.dynsym
 *(.dynsym)

.dynstr
 *(.dynstr)

.gnu.version
 *(.gnu.version)

.gnu.version_d
 *(.gnu.version_d)

.gnu.version_r
 *(.gnu.version_r)

.rel.init
 *(.rel.init)

.rela.init
 *(.rela.init)

.rel.text
 *(.rel.text .rel.text.* .rel.gnu.linkonce.t.*)

.rela.text
 *(.rela.text .rela.text.* .rela.gnu.linkonce.t.*)

.rel.fini
 *(.rel.fini)

.rela.fini
 *(.rela.fini)

.rel.rodata
 *(.rel.rodata .rel.rodata.* .rel.gnu.linkonce.r.*)

.rela.rodata
 *(.rela.rodata .rela.rodata.* .rela.gnu.linkonce.r.*)

.rel.data.rel.ro
 *(.rel.data.rel.ro*)

.rela.data.rel.ro
 *(.rel.data.rel.ro*)

.rel.data
 *(.rel.data .rel.data.* .rel.gnu.linkonce.d.*)

.rela.data
 *(.rela.data .rela.data.* .rela.gnu.linkonce.d.*)

.rel.tdata
 *(.rel.tdata .rel.tdata.* .rel.gnu.linkonce.td.*)

.rela.tdata
 *(.rela.tdata .rela.tdata.* .rela.gnu.linkonce.td.*)

.rel.tbss
 *(.rel.tbss .rel.tbss.* .rel.gnu.linkonce.tb.*)

.rela.tbss
 *(.rela.tbss .rela.tbss.* .rela.gnu.linkonce.tb.*)

.rel.ctors
 *(.rel.ctors)

.rela.ctors
 *(.rela.ctors)

.rel.dtors
 *(.rel.dtors)

.rela.dtors
 *(.rela.dtors)

.rel.got
 *(.rel.got)

.rela.got       0x80002008        0x0
 *(.rela.got)
 .rela.got      0x80002008        0x0 src/ASF/avr32/drivers/flashc/flashc.o

.rel.bss
 *(.rel.bss .rel.bss.* .rel.gnu.linkonce.b.*)

.rela.bss
 *(.rela.bss .rela.bss.* .rela.gnu.linkonce.b.*)

.rel.plt
 *(.rel.plt)

.rela.plt
 *(.rela.plt)

.init
 *(.init)

.plt
 *(.plt)

.text           0x80002008     0x14a8
 *(.text .stub .text.* .gnu.linkonce.t.*)
 .text.sd_mmc_spi_get_capacity
                0x80002008      0x11c src/ASF/avr32/components/memory/sd_mmc/sd_mmc_spi/sd_mmc_spi.o
                0x80002008                sd_mmc_spi_get_capacity
 .text.sd_mmc_spi_read_close_PDCA
                0x80002124       0x48 src/ASF/avr32/components/memory/sd_mmc/sd_mmc_spi/sd_mmc_spi.o
                0x80002124                sd_mmc_spi_read_close_PDCA
 .text.sd_mmc_spi_send_and_read
                0x8000216c       0x34 src/ASF/avr32/components/memory/sd_mmc/sd_mmc_spi/sd_mmc_spi.o
                0x8000216c                sd_mmc_spi_send_and_read
 .text.sd_mmc_spi_wait_not_busy
                0x800021a0       0x58 src/ASF/avr32/components/memory/sd_mmc/sd_mmc_spi/sd_mmc_spi.o
                0x800021a0                sd_mmc_spi_wait_not_busy
 .text.sd_mmc_spi_command
                0x800021f8       0xc8 src/ASF/avr32/components/memory/sd_mmc/sd_mmc_spi/sd_mmc_spi.o
                0x800021f8                sd_mmc_spi_command
 .text.sd_mmc_spi_send_command
                0x800022c0       0x40 src/ASF/avr32/components/memory/sd_mmc/sd_mmc_spi/sd_mmc_spi.o
                0x800022c0                sd_mmc_spi_send_command
 .text.sd_mmc_spi_check_presence
                0x80002300       0x7c src/ASF/avr32/components/memory/sd_mmc/sd_mmc_spi/sd_mmc_spi.o
                0x80002300                sd_mmc_spi_check_presence
 .text.sd_mmc_spi_read_open_PDCA
                0x8000237c       0xdc src/ASF/avr32/components/memory/sd_mmc/sd_mmc_spi/sd_mmc_spi.o
                0x8000237c                sd_mmc_spi_read_open_PDCA
 .text.sd_mmc_spi_check_hc
                0x80002458       0x8c src/ASF/avr32/components/memory/sd_mmc/sd_mmc_spi/sd_mmc_spi.o
                0x80002458                sd_mmc_spi_check_hc
 .text.sd_mmc_spi_get_if
                0x800024e4       0xb8 src/ASF/avr32/components/memory/sd_mmc/sd_mmc_spi/sd_mmc_spi.o
                0x800024e4                sd_mmc_spi_get_if
 .text.sd_mmc_spi_get_csd
                0x8000259c       0xf4 src/ASF/avr32/components/memory/sd_mmc/sd_mmc_spi/sd_mmc_spi.o
                0x8000259c                sd_mmc_spi_get_csd
 .text.sd_mmc_spi_internal_init
                0x80002690      0x2a4 src/ASF/avr32/components/memory/sd_mmc/sd_mmc_spi/sd_mmc_spi.o
                0x80002690                sd_mmc_spi_internal_init
 .text.sd_mmc_spi_mem_check
                0x80002934       0x28 src/ASF/avr32/components/memory/sd_mmc/sd_mmc_spi/sd_mmc_spi.o
                0x80002934                sd_mmc_spi_mem_check
 .text.sd_mmc_spi_init
                0x8000295c       0x34 src/ASF/avr32/components/memory/sd_mmc/sd_mmc_spi/sd_mmc_spi.o
                0x8000295c                sd_mmc_spi_init
 .text.pm_set_osc0_mode
                0x80002990        0xa src/ASF/avr32/drivers/pm/pm.o
 *fill*         0x8000299a        0x2 d703d703
 .text.pm_enable_osc0_crystal
                0x8000299c       0x3c src/ASF/avr32/drivers/pm/pm.o
                0x8000299c                pm_enable_osc0_crystal
 .text.pm_enable_clk0_no_wait
                0x800029d8       0x10 src/ASF/avr32/drivers/pm/pm.o
                0x800029d8                pm_enable_clk0_no_wait
 .text.pm_wait_for_clk0_ready
                0x800029e8        0xa src/ASF/avr32/drivers/pm/pm.o
                0x800029e8                pm_wait_for_clk0_ready
 *fill*         0x800029f2        0x2 d703d703
 .text.pm_enable_clk0
                0x800029f4       0x1c src/ASF/avr32/drivers/pm/pm.o
                0x800029f4                pm_enable_clk0
 .text.pm_switch_to_clock
                0x80002a10        0xa src/ASF/avr32/drivers/pm/pm.o
                0x80002a10                pm_switch_to_clock
 *fill*         0x80002a1a        0x2 d703d703
 .text.pm_switch_to_osc0
                0x80002a1c       0x2c src/ASF/avr32/drivers/pm/pm.o
                0x80002a1c                pm_switch_to_osc0
 .text.usart_set_async_baudrate
                0x80002a48       0x5a src/ASF/avr32/drivers/usart/usart.o
 .text.usart_write_char
                0x80002aa2       0x14 src/ASF/avr32/drivers/usart/usart.o
                0x80002aa2                usart_write_char
 *fill*         0x80002ab6        0x2 d703d703
 .text.usart_putchar
                0x80002ab8       0x2c src/ASF/avr32/drivers/usart/usart.o
                0x80002ab8                usart_putchar
 .text.usart_write_line
                0x80002ae4       0x24 src/ASF/avr32/drivers/usart/usart.o
                0x80002ae4                usart_write_line
 .text.usart_reset
                0x80002b08       0x2c src/ASF/avr32/drivers/usart/usart.o
                0x80002b08                usart_reset
 .text.usart_init_rs232
                0x80002b34       0xcc src/ASF/avr32/drivers/usart/usart.o
                0x80002b34                usart_init_rs232
 .text.print    0x80002c00        0xc src/ASF/avr32/utils/debug/print_funcs.o
                0x80002c00                print
 .text.print_char_hex
                0x80002c0c       0x30 src/ASF/avr32/utils/debug/print_funcs.o
                0x80002c0c                print_char_hex
 .text.print_dbg_char_hex
                0x80002c3c       0x14 src/ASF/avr32/utils/debug/print_funcs.o
                0x80002c3c                print_dbg_char_hex
 .text.print_ulong
                0x80002c50       0x48 src/ASF/avr32/utils/debug/print_funcs.o
                0x80002c50                print_ulong
 .text.print_dbg_ulong
                0x80002c98       0x14 src/ASF/avr32/utils/debug/print_funcs.o
                0x80002c98                print_dbg_ulong
 .text.print_dbg
                0x80002cac       0x14 src/ASF/avr32/utils/debug/print_funcs.o
                0x80002cac                print_dbg
 .text.init_dbg_rs232_ex
                0x80002cc0       0x40 src/ASF/avr32/utils/debug/print_funcs.o
                0x80002cc0                init_dbg_rs232_ex
 .text.init_dbg_rs232
                0x80002d00       0x14 src/ASF/avr32/utils/debug/print_funcs.o
                0x80002d00                init_dbg_rs232
 .text.pdca_get_handler
                0x80002d14       0x14 src/ASF/avr32/drivers/pdca/pdca.o
                0x80002d14                pdca_get_handler
 .text.pdca_disable
                0x80002d28       0x10 src/ASF/avr32/drivers/pdca/pdca.o
                0x80002d28                pdca_disable
 .text.pdca_enable
                0x80002d38       0x10 src/ASF/avr32/drivers/pdca/pdca.o
                0x80002d38                pdca_enable
 .text.pdca_enable_interrupt_transfer_complete
                0x80002d48       0x10 src/ASF/avr32/drivers/pdca/pdca.o
                0x80002d48                pdca_enable_interrupt_transfer_complete
 .text.pdca_disable_interrupt_reload_counter_zero
                0x80002d58       0x28 src/ASF/avr32/drivers/pdca/pdca.o
                0x80002d58                pdca_disable_interrupt_reload_counter_zero
 .text.pdca_disable_interrupt_transfer_complete
                0x80002d80       0x28 src/ASF/avr32/drivers/pdca/pdca.o
                0x80002d80                pdca_disable_interrupt_transfer_complete
 .text.pdca_load_channel
                0x80002da8       0x38 src/ASF/avr32/drivers/pdca/pdca.o
                0x80002da8                pdca_load_channel
 .text.pdca_init_channel
                0x80002de0       0x60 src/ASF/avr32/drivers/pdca/pdca.o
                0x80002de0                pdca_init_channel
 .text.getBaudDiv
                0x80002e40       0x20 src/ASF/avr32/drivers/spi/spi.o
                0x80002e40                getBaudDiv
 .text.spi_initMaster
                0x80002e60       0x38 src/ASF/avr32/drivers/spi/spi.o
                0x80002e60                spi_initMaster
 .text.spi_selectionMode
                0x80002e98       0x2c src/ASF/avr32/drivers/spi/spi.o
                0x80002e98                spi_selectionMode
 .text.spi_selectChip
                0x80002ec4       0x4c src/ASF/avr32/drivers/spi/spi.o
                0x80002ec4                spi_selectChip
 .text.spi_unselectChip
                0x80002f10       0x26 src/ASF/avr32/drivers/spi/spi.o
                0x80002f10                spi_unselectChip
 *fill*         0x80002f36        0x2 d703d703
 .text.spi_setupChipReg
                0x80002f38       0xb8 src/ASF/avr32/drivers/spi/spi.o
                0x80002f38                spi_setupChipReg
 .text.spi_enable
                0x80002ff0        0x6 src/ASF/avr32/drivers/spi/spi.o
                0x80002ff0                spi_enable
 .text.spi_write
                0x80002ff6       0x1c src/ASF/avr32/drivers/spi/spi.o
                0x80002ff6                spi_write
 .text.spi_read
                0x80003012       0x20 src/ASF/avr32/drivers/spi/spi.o
                0x80003012                spi_read
 .text.gpio_enable_module_pin
                0x80003032       0x52 src/ASF/avr32/drivers/gpio/gpio.o
                0x80003032                gpio_enable_module_pin
 .text.gpio_enable_module
                0x80003084       0x30 src/ASF/avr32/drivers/gpio/gpio.o
                0x80003084                gpio_enable_module
 .text._unhandled_interrupt
                0x800030b4        0x2 src/ASF/avr32/drivers/intc/intc.o
 *fill*         0x800030b6        0x2 d703d703
 .text.INTC_register_interrupt
                0x800030b8       0x80 src/ASF/avr32/drivers/intc/intc.o
                0x800030b8                INTC_register_interrupt
 .text.INTC_init_interrupts
                0x80003138       0x54 src/ASF/avr32/drivers/intc/intc.o
                0x80003138                INTC_init_interrupts
 .text._get_interrupt_handler
                0x8000318c       0x38 src/ASF/avr32/drivers/intc/intc.o
                0x8000318c                _get_interrupt_handler
 .text._stext   0x800031c4       0x3c src/ASF/avr32/utils/startup/startup_uc3.o
                                 0x50 (size before relaxing)
                0x800031c4                _stext
 .text.wait     0x80003200       0x24 src/main.o
                0x80003200                wait
 .text.local_pdca_init
                0x80003224       0x74 src/main.o
                0x80003224                local_pdca_init
 .text.main     0x80003298      0x1d8 src/main.o
                0x80003298                main
 .text.pdca_int_handler
                0x80003470       0x40 src/main.o
 *(.text.*personality*)
 *(.gnu.warning)

.exception      0x80003600      0x200
 .exception     0x80003600      0x200 src/ASF/avr32/drivers/intc/exception.o
                0x80003600                _evba
                0x80003704                _int0
                0x80003712                _int1
                0x80003720                _int2
                0x8000372e                _int3

.fini
 *(.fini)
                0x80003800                PROVIDE (__etext, .)
                0x80003800                PROVIDE (_etext, .)
                0x80003800                PROVIDE (etext, .)

.rodata         0x80003800      0x5e0
 *(.rodata .rodata.* .gnu.linkonce.r.*)
 .rodata.DBG_USART_GPIO_MAP.10878
                0x80003800       0x10 src/ASF/avr32/utils/debug/print_funcs.o
 .rodata.HEX_DIGITS
                0x80003810       0x10 src/ASF/avr32/utils/debug/print_funcs.o
 .rodata._int_handler_table
                0x80003820       0xa0 src/ASF/avr32/drivers/intc/intc.o
 .rodata.dummy_data
                0x800038c0      0x404 src/main.o
                0x800038c0                dummy_data
 .rodata.C.53.11406
                0x80003cc4       0x10 src/main.o
 .rodata.SD_MMC_SPI_GPIO_MAP.11404
                0x80003cd4       0x20 src/main.o
 .rodata.str1.4
                0x80003cf4       0xbc src/main.o
 .rodata.C.54.11412
                0x80003db0       0x18 src/main.o
 .rodata.C.55.11413
                0x80003dc8       0x18 src/main.o

.rodata1
 *(.rodata1)

.eh_frame_hdr
 *(.eh_frame_hdr)

.eh_frame
 *(.eh_frame)

.gcc_except_table
 *(.gcc_except_table)
 *(.gcc_except_table.*)

.lalign         0x80003de0        0x0
                0x80003de0                . = ALIGN (0x8)
                0x80003de0                PROVIDE (_data_lma, .)
                0x00000004                . = ORIGIN (INTRAM)

.dalign         0x00000004        0x4
                0x00000008                . = ALIGN (0x8)
 *fill*         0x00000004        0x4 
                0x00000008                PROVIDE (_data, .)

.eh_frame
 *(.eh_frame)

.gcc_except_table
 *(.gcc_except_table)
 *(.gcc_except_table.*)

.tdata
 *(.tdata .tdata.* .gnu.linkonce.td.*)

.tbss
 *(.tbss .tbss.* .gnu.linkonce.tb.*)
 *(.tcommon)
                0x00000008                PROVIDE (__preinit_array_start, ALIGN (0x4))

.preinit_array
 *(.preinit_array)
                0x00000008                PROVIDE (__preinit_array_end, .)
                0x00000008                PROVIDE (__init_array_start, .)

.init_array
 *(.init_array)
                0x00000008                PROVIDE (__init_array_end, .)
                0x00000008                PROVIDE (__fini_array_start, .)

.fini_array
 *(.fini_array)
                0x00000008                PROVIDE (__fini_array_end, .)

.ctors
 *crtbegin*.o(.ctors)
 *(EXCLUDE_FILE(*crtend*.o) .ctors)
 *(SORT(.ctors.*))
 *(.ctors)

.dtors
 *crtbegin*.o(.dtors)
 *(EXCLUDE_FILE(*crtend*.o) .dtors)
 *(SORT(.dtors.*))
 *(.dtors)

.jcr
 *(.jcr)

.data.rel.ro
 *(.data.rel.ro.local)
 *(.data.rel.ro*)

.dynamic
 *(.dynamic)

.got
 *(.got.plt)
 *(.got)

.ramtext
 *(.ramtext .ramtext.*)

.ddalign        0x00000008        0x0 load address 0x80003de0
                0x00000008                . = ALIGN (0x8)

.data
 *(.data .data.* .gnu.linkonce.d.*)
 *(.gnu.linkonce.d.*personality*)

.data1
 *(.data1)

.balign         0x00000008        0x0 load address 0x80003de0
                0x00000008                . = ALIGN (0x8)
                0x00000008                PROVIDE (_edata, .)
                0x00000008                PROVIDE (edata, .)
                0x00000008                __bss_start = .

.bss            0x00000008      0x730
 *(.dynbss)
 *(.bss .bss.* .gnu.linkonce.b.*)
 .bss.gl_ptr_mem
                0x00000008        0x8 src/ASF/avr32/components/memory/sd_mmc/sd_mmc_spi/sd_mmc_spi.o
 .bss.sd_mmc_opt
                0x00000010       0x10 src/ASF/avr32/components/memory/sd_mmc/sd_mmc_spi/sd_mmc_spi.o
 .bss.sd_mmc_pba_hz
                0x00000020        0x4 src/ASF/avr32/components/memory/sd_mmc/sd_mmc_spi/sd_mmc_spi.o
 .bss.sd_mmc_spi_init_done
                0x00000024        0x1 src/ASF/avr32/components/memory/sd_mmc/sd_mmc_spi/sd_mmc_spi.o
                0x00000024                sd_mmc_spi_init_done
 *fill*         0x00000025        0x3 
 .bss._int_line_handler_table_6
                0x00000028        0x4 src/ASF/avr32/drivers/intc/intc.o
 .bss._int_line_handler_table_7
                0x0000002c        0x4 src/ASF/avr32/drivers/intc/intc.o
 .bss._int_line_handler_table_8
                0x00000030        0x4 src/ASF/avr32/drivers/intc/intc.o
 .bss._int_line_handler_table_9
                0x00000034        0x4 src/ASF/avr32/drivers/intc/intc.o
 .bss._int_line_handler_table_10
                0x00000038        0x4 src/ASF/avr32/drivers/intc/intc.o
 .bss._int_line_handler_table_11
                0x0000003c        0x4 src/ASF/avr32/drivers/intc/intc.o
 .bss._int_line_handler_table_12
                0x00000040        0x4 src/ASF/avr32/drivers/intc/intc.o
 .bss._int_line_handler_table_13
                0x00000044        0x4 src/ASF/avr32/drivers/intc/intc.o
 .bss._int_line_handler_table_14
                0x00000048        0xc src/ASF/avr32/drivers/intc/intc.o
 .bss._int_line_handler_table_15
                0x00000054        0x4 src/ASF/avr32/drivers/intc/intc.o
 .bss._int_line_handler_table_16
                0x00000058        0x4 src/ASF/avr32/drivers/intc/intc.o
 .bss._int_line_handler_table_17
                0x0000005c        0x4 src/ASF/avr32/drivers/intc/intc.o
 .bss._int_line_handler_table_18
                0x00000060        0x4 src/ASF/avr32/drivers/intc/intc.o
 .bss._int_line_handler_table_19
                0x00000064        0x4 src/ASF/avr32/drivers/intc/intc.o
 .bss._int_line_handler_table_0
                0x00000068        0x4 src/ASF/avr32/drivers/intc/intc.o
 .bss._int_line_handler_table_1
                0x0000006c       0x2c src/ASF/avr32/drivers/intc/intc.o
 .bss._int_line_handler_table_2
                0x00000098       0x38 src/ASF/avr32/drivers/intc/intc.o
 .bss._int_line_handler_table_3
                0x000000d0       0x3c src/ASF/avr32/drivers/intc/intc.o
 .bss._int_line_handler_table_4
                0x0000010c        0x4 src/ASF/avr32/drivers/intc/intc.o
 .bss._int_line_handler_table_5
                0x00000110        0x4 src/ASF/avr32/drivers/intc/intc.o
 *(COMMON)
 COMMON         0x00000114      0x229 src/ASF/avr32/components/memory/sd_mmc/sd_mmc_spi/sd_mmc_spi.o
                0x00000114                data_mem
                0x00000318                capacity
                0x00000320                capacity_mult
                0x00000322                erase_group_size
                0x00000324                sd_mmc_spi_last_block_address
                0x00000328                r2
                0x0000032a                card_type
                0x0000032c                csd
                0x0000033c                r1
 *fill*         0x0000033d        0x3 
 COMMON         0x00000340      0x3f4 src/main.o
                0x00000340                end_of_transfer
                0x00000344                pdca_channeltx
                0x00000348                pdca_channelrx
                0x0000034c                ram_buffer
                0x00000738                . = ALIGN (0x8)
 *fill*         0x00000734        0x4 
                0x00000738                . = ALIGN (0x8)
                0x00000738                _end = .
                0x00000738                PROVIDE (end, .)
                0x00000738                __heap_start__ = ALIGN (0x8)

.heap           0x00000738     0xe8c8
 *(.heap)
                0x0000e8c8                . = (__heap_size__ == __max_heap_size__)?(((ORIGIN (INTRAM) + 0xfffc) - __stack_size__) - ABSOLUTE (.)):__heap_size__
 *fill*         0x00000738     0xe8c8 
                0x0000f000                __heap_end__ = .

.stab
 *(.stab)

.stabstr
 *(.stabstr)

.stab.excl
 *(.stab.excl)

.stab.exclstr
 *(.stab.exclstr)

.stab.index
 *(.stab.index)

.stab.indexstr
 *(.stab.indexstr)

.comment        0x00000000       0x30
 *(.comment)
 .comment       0x00000000       0x30 src/ASF/avr32/components/memory/sd_mmc/sd_mmc_spi/sd_mmc_spi.o
                                 0x31 (size before relaxing)
 .comment       0x00000000       0x31 src/ASF/avr32/drivers/pm/pm.o
 .comment       0x00000000       0x31 src/ASF/avr32/drivers/usart/usart.o
 .comment       0x00000000       0x31 src/ASF/avr32/utils/debug/print_funcs.o
 .comment       0x00000000       0x31 src/ASF/avr32/drivers/pdca/pdca.o
 .comment       0x00000000       0x31 src/ASF/avr32/drivers/spi/spi.o
 .comment       0x00000000       0x31 src/ASF/avr32/drivers/gpio/gpio.o
 .comment       0x00000000       0x31 src/ASF/avr32/drivers/intc/intc.o
 .comment       0x00000000       0x31 src/main.o

.debug
 *(.debug)

.line
 *(.line)

.debug_srcinfo
 *(.debug_srcinfo)

.debug_sfnames
 *(.debug_sfnames)

.debug_aranges  0x00000000      0x710
 *(.debug_aranges)
 .debug_aranges
                0x00000000       0xf0 src/ASF/avr32/components/memory/sd_mmc/sd_mmc_spi/sd_mmc_spi.o
 .debug_aranges
                0x000000f0      0x190 src/ASF/avr32/drivers/pm/pm.o
 .debug_aranges
                0x00000280       0xe0 src/ASF/avr32/drivers/usart/usart.o
 .debug_aranges
                0x00000360       0x88 src/ASF/avr32/utils/debug/print_funcs.o
 .debug_aranges
                0x000003e8       0xa8 src/ASF/avr32/drivers/pdca/pdca.o
 .debug_aranges
                0x00000490       0xa8 src/ASF/avr32/drivers/spi/spi.o
 .debug_aranges
                0x00000538      0x100 src/ASF/avr32/drivers/gpio/gpio.o
 .debug_aranges
                0x00000638       0x20 src/ASF/avr32/drivers/intc/exception.o
 .debug_aranges
                0x00000658       0x38 src/ASF/avr32/drivers/intc/intc.o
 .debug_aranges
                0x00000690       0x28 src/ASF/avr32/utils/startup/startup_uc3.o
 .debug_aranges
                0x000006b8       0x20 src/ASF/avr32/utils/startup/trampoline_uc3.o
 .debug_aranges
                0x000006d8       0x38 src/main.o

.debug_pubnames
                0x00000000     0x12a7
 *(.debug_pubnames)
 .debug_pubnames
                0x00000000      0x3b1 src/ASF/avr32/components/memory/sd_mmc/sd_mmc_spi/sd_mmc_spi.o
 .debug_pubnames
                0x000003b1      0x3ee src/ASF/avr32/drivers/pm/pm.o
 .debug_pubnames
                0x0000079f      0x227 src/ASF/avr32/drivers/usart/usart.o
 .debug_pubnames
                0x000009c6      0x10f src/ASF/avr32/utils/debug/print_funcs.o
 .debug_pubnames
                0x00000ad5      0x238 src/ASF/avr32/drivers/pdca/pdca.o
 .debug_pubnames
                0x00000d0d      0x178 src/ASF/avr32/drivers/spi/spi.o
 .debug_pubnames
                0x00000e85      0x330 src/ASF/avr32/drivers/gpio/gpio.o
 .debug_pubnames
                0x000011b5       0x62 src/ASF/avr32/drivers/intc/intc.o
 .debug_pubnames
                0x00001217       0x90 src/main.o

.debug_info     0x00000000     0xb042
 *(.debug_info .gnu.linkonce.wi.*)
 .debug_info    0x00000000     0x12d3 src/ASF/avr32/components/memory/sd_mmc/sd_mmc_spi/sd_mmc_spi.o
 .debug_info    0x000012d3     0x1a57 src/ASF/avr32/drivers/pm/pm.o
 .debug_info    0x00002d2a     0x1dcc src/ASF/avr32/drivers/usart/usart.o
 .debug_info    0x00004af6     0x1681 src/ASF/avr32/utils/debug/print_funcs.o
 .debug_info    0x00006177      0xc25 src/ASF/avr32/drivers/pdca/pdca.o
 .debug_info    0x00006d9c     0x1090 src/ASF/avr32/drivers/spi/spi.o
 .debug_info    0x00007e2c      0xb1b src/ASF/avr32/drivers/gpio/gpio.o
 .debug_info    0x00008947       0xa1 src/ASF/avr32/drivers/intc/exception.o
 .debug_info    0x000089e8      0x5ae src/ASF/avr32/drivers/intc/intc.o
 .debug_info    0x00008f96       0xa0 src/ASF/avr32/utils/startup/startup_uc3.o
 .debug_info    0x00009036       0xa7 src/ASF/avr32/utils/startup/trampoline_uc3.o
 .debug_info    0x000090dd     0x1f65 src/main.o

.debug_abbrev   0x00000000     0x16d4
 *(.debug_abbrev)
 .debug_abbrev  0x00000000      0x2b3 src/ASF/avr32/components/memory/sd_mmc/sd_mmc_spi/sd_mmc_spi.o
 .debug_abbrev  0x000002b3      0x2d1 src/ASF/avr32/drivers/pm/pm.o
 .debug_abbrev  0x00000584      0x31e src/ASF/avr32/drivers/usart/usart.o
 .debug_abbrev  0x000008a2      0x19b src/ASF/avr32/utils/debug/print_funcs.o
 .debug_abbrev  0x00000a3d      0x2f2 src/ASF/avr32/drivers/pdca/pdca.o
 .debug_abbrev  0x00000d2f      0x281 src/ASF/avr32/drivers/spi/spi.o
 .debug_abbrev  0x00000fb0      0x28b src/ASF/avr32/drivers/gpio/gpio.o
 .debug_abbrev  0x0000123b       0x14 src/ASF/avr32/drivers/intc/exception.o
 .debug_abbrev  0x0000124f      0x1d4 src/ASF/avr32/drivers/intc/intc.o
 .debug_abbrev  0x00001423       0x12 src/ASF/avr32/utils/startup/startup_uc3.o
 .debug_abbrev  0x00001435       0x14 src/ASF/avr32/utils/startup/trampoline_uc3.o
 .debug_abbrev  0x00001449      0x28b src/main.o

.debug_line     0x00000000     0x5038
 *(.debug_line)
 .debug_line    0x00000000      0xaeb src/ASF/avr32/components/memory/sd_mmc/sd_mmc_spi/sd_mmc_spi.o
 .debug_line    0x00000aeb      0x9ca src/ASF/avr32/drivers/pm/pm.o
 .debug_line    0x000014b5      0x919 src/ASF/avr32/drivers/usart/usart.o
 .debug_line    0x00001dce      0x818 src/ASF/avr32/utils/debug/print_funcs.o
 .debug_line    0x000025e6      0x840 src/ASF/avr32/drivers/pdca/pdca.o
 .debug_line    0x00002e26      0x7d1 src/ASF/avr32/drivers/spi/spi.o
 .debug_line    0x000035f7      0x8c7 src/ASF/avr32/drivers/gpio/gpio.o
 .debug_line    0x00003ebe      0x109 src/ASF/avr32/drivers/intc/exception.o
 .debug_line    0x00003fc7      0x695 src/ASF/avr32/drivers/intc/intc.o
 .debug_line    0x0000465c       0xf2 src/ASF/avr32/utils/startup/startup_uc3.o
 .debug_line    0x0000474e       0x67 src/ASF/avr32/utils/startup/trampoline_uc3.o
 .debug_line    0x000047b5      0x883 src/main.o

.debug_frame    0x00000000     0x1164
 *(.debug_frame)
 .debug_frame   0x00000000      0x364 src/ASF/avr32/components/memory/sd_mmc/sd_mmc_spi/sd_mmc_spi.o
 .debug_frame   0x00000364      0x390 src/ASF/avr32/drivers/pm/pm.o
 .debug_frame   0x000006f4      0x2ac src/ASF/avr32/drivers/usart/usart.o
 .debug_frame   0x000009a0      0x17c src/ASF/avr32/utils/debug/print_funcs.o
 .debug_frame   0x00000b1c      0x1e8 src/ASF/avr32/drivers/pdca/pdca.o
 .debug_frame   0x00000d04      0x158 src/ASF/avr32/drivers/spi/spi.o
 .debug_frame   0x00000e5c      0x204 src/ASF/avr32/drivers/gpio/gpio.o
 .debug_frame   0x00001060       0x64 src/ASF/avr32/drivers/intc/intc.o
 .debug_frame   0x000010c4       0xa0 src/main.o

.debug_str      0x00000000     0x24d8
 *(.debug_str)
 .debug_str     0x00000000      0x753 src/ASF/avr32/components/memory/sd_mmc/sd_mmc_spi/sd_mmc_spi.o
                                0x7ec (size before relaxing)
 .debug_str     0x00000753      0x7c1 src/ASF/avr32/drivers/pm/pm.o
                                0x9a9 (size before relaxing)
 .debug_str     0x00000f14      0x765 src/ASF/avr32/drivers/usart/usart.o
                                0x910 (size before relaxing)
 .debug_str     0x00001679      0x129 src/ASF/avr32/utils/debug/print_funcs.o
                                0x64f (size before relaxing)
 .debug_str     0x000017a2      0x347 src/ASF/avr32/drivers/pdca/pdca.o
                                0x4a0 (size before relaxing)
 .debug_str     0x00001ae9      0x19a src/ASF/avr32/drivers/spi/spi.o
                                0x576 (size before relaxing)
 .debug_str     0x00001c83      0x413 src/ASF/avr32/drivers/gpio/gpio.o
                                0x53d (size before relaxing)
 .debug_str     0x00002096      0x37d src/ASF/avr32/drivers/intc/intc.o
                                0x491 (size before relaxing)
 .debug_str     0x00002413       0xc5 src/main.o
                                0x886 (size before relaxing)

.debug_loc      0x00000000     0x2ade
 *(.debug_loc)
 .debug_loc     0x00000000      0x924 src/ASF/avr32/components/memory/sd_mmc/sd_mmc_spi/sd_mmc_spi.o
 .debug_loc     0x00000924      0x559 src/ASF/avr32/drivers/pm/pm.o
 .debug_loc     0x00000e7d      0x9c5 src/ASF/avr32/drivers/usart/usart.o
 .debug_loc     0x00001842      0x3bc src/ASF/avr32/utils/debug/print_funcs.o
 .debug_loc     0x00001bfe      0x5e5 src/ASF/avr32/drivers/pdca/pdca.o
 .debug_loc     0x000021e3      0x3bd src/ASF/avr32/drivers/spi/spi.o
 .debug_loc     0x000025a0      0x368 src/ASF/avr32/drivers/gpio/gpio.o
 .debug_loc     0x00002908       0xd3 src/ASF/avr32/drivers/intc/intc.o
 .debug_loc     0x000029db      0x103 src/main.o

.debug_macinfo  0x00000000   0x860f0d
 *(.debug_macinfo)
 .debug_macinfo
                0x00000000    0xf1564 src/ASF/avr32/components/memory/sd_mmc/sd_mmc_spi/sd_mmc_spi.o
 .debug_macinfo
                0x000f1564    0xecc95 src/ASF/avr32/drivers/pm/pm.o
 .debug_macinfo
                0x001de1f9    0xed03c src/ASF/avr32/drivers/usart/usart.o
 .debug_macinfo
                0x002cb235    0xf065e src/ASF/avr32/utils/debug/print_funcs.o
 .debug_macinfo
                0x003bb893    0xecd6d src/ASF/avr32/drivers/pdca/pdca.o
 .debug_macinfo
                0x004a8600    0xecc79 src/ASF/avr32/drivers/spi/spi.o
 .debug_macinfo
                0x00595279    0xece2b src/ASF/avr32/drivers/gpio/gpio.o
 .debug_macinfo
                0x006820a4    0xeced8 src/ASF/avr32/drivers/intc/intc.o
 .debug_macinfo
                0x0076ef7c    0xf1f91 src/main.o

.debug_weaknames
 *(.debug_weaknames)

.debug_funcnames
 *(.debug_funcnames)

.debug_typenames
 *(.debug_typenames)

.debug_varnames
 *(.debug_varnames)

.stack          0x0000f000     0x1000
                0x0000f000                _stack = .
 *(.stack)
                0x00001000                . = __stack_size__
 *fill*         0x0000f000     0x1000 
                0x00010000                _estack = .

.userpage
 *(.userpage .userpage.*)

/DISCARD/
 *(.note.GNU-stack)
OUTPUT(ExamenPractico3.elf elf32-avr32)

.debug_ranges   0x00000000      0x698
 .debug_ranges  0x00000000       0xe8 src/ASF/avr32/components/memory/sd_mmc/sd_mmc_spi/sd_mmc_spi.o
 .debug_ranges  0x000000e8      0x188 src/ASF/avr32/drivers/pm/pm.o
 .debug_ranges  0x00000270       0xd8 src/ASF/avr32/drivers/usart/usart.o
 .debug_ranges  0x00000348       0x80 src/ASF/avr32/utils/debug/print_funcs.o
 .debug_ranges  0x000003c8       0xa0 src/ASF/avr32/drivers/pdca/pdca.o
 .debug_ranges  0x00000468       0xa0 src/ASF/avr32/drivers/spi/spi.o
 .debug_ranges  0x00000508       0xf8 src/ASF/avr32/drivers/gpio/gpio.o
 .debug_ranges  0x00000600       0x48 src/ASF/avr32/drivers/intc/intc.o
 .debug_ranges  0x00000648       0x20 src/ASF/avr32/utils/startup/startup_uc3.o
 .debug_ranges  0x00000668       0x30 src/main.o
