Archive member included because of file (symbol)

c:/program files (x86)/atmel/studio/7.0/toolchain/avr32/avr32-gnu-toolchain/bin/../lib/gcc/avr32/4.4.7/ucr2\libgcc.a(_udivdi3.o)
                              src/ASF/avr32/components/display/et024006dhu/et024006dhu.o (__avr32_udiv64)
c:/program files (x86)/atmel/studio/7.0/toolchain/avr32/avr32-gnu-toolchain/bin/../lib/gcc/avr32/4.4.7/../../../../avr32/lib/ucr2\libc.a(lib_a-memcpy.o)
                              src/ASF/avr32/drivers/flashc/flashc.o (memcpy)
c:/program files (x86)/atmel/studio/7.0/toolchain/avr32/avr32-gnu-toolchain/bin/../lib/gcc/avr32/4.4.7/../../../../avr32/lib/ucr2\libc.a(lib_a-rand.o)
                              src/et024006dhu_example2.o (rand)
c:/program files (x86)/atmel/studio/7.0/toolchain/avr32/avr32-gnu-toolchain/bin/../lib/gcc/avr32/4.4.7/../../../../avr32/lib/ucr2\libc.a(lib_a-impure.o)
                              c:/program files (x86)/atmel/studio/7.0/toolchain/avr32/avr32-gnu-toolchain/bin/../lib/gcc/avr32/4.4.7/../../../../avr32/lib/ucr2\libc.a(lib_a-rand.o) (_impure_ptr)
c:/program files (x86)/atmel/studio/7.0/toolchain/avr32/avr32-gnu-toolchain/bin/../lib/gcc/avr32/4.4.7/../../../../avr32/lib/ucr2\libc.a(lib_a-malloc.o)
                              c:/program files (x86)/atmel/studio/7.0/toolchain/avr32/avr32-gnu-toolchain/bin/../lib/gcc/avr32/4.4.7/../../../../avr32/lib/ucr2\libc.a(lib_a-rand.o) (malloc)
c:/program files (x86)/atmel/studio/7.0/toolchain/avr32/avr32-gnu-toolchain/bin/../lib/gcc/avr32/4.4.7/../../../../avr32/lib/ucr2\libc.a(lib_a-mallocr.o)
                              c:/program files (x86)/atmel/studio/7.0/toolchain/avr32/avr32-gnu-toolchain/bin/../lib/gcc/avr32/4.4.7/../../../../avr32/lib/ucr2\libc.a(lib_a-malloc.o) (_malloc_r)
c:/program files (x86)/atmel/studio/7.0/toolchain/avr32/avr32-gnu-toolchain/bin/../lib/gcc/avr32/4.4.7/../../../../avr32/lib/ucr2\libc.a(lib_a-mlock.o)
                              c:/program files (x86)/atmel/studio/7.0/toolchain/avr32/avr32-gnu-toolchain/bin/../lib/gcc/avr32/4.4.7/../../../../avr32/lib/ucr2\libc.a(lib_a-mallocr.o) (__malloc_lock)
c:/program files (x86)/atmel/studio/7.0/toolchain/avr32/avr32-gnu-toolchain/bin/../lib/gcc/avr32/4.4.7/../../../../avr32/lib/ucr2\libc.a(lib_a-sbrkr.o)
                              c:/program files (x86)/atmel/studio/7.0/toolchain/avr32/avr32-gnu-toolchain/bin/../lib/gcc/avr32/4.4.7/../../../../avr32/lib/ucr2\libc.a(lib_a-mallocr.o) (_sbrk_r)
c:/program files (x86)/atmel/studio/7.0/toolchain/avr32/avr32-gnu-toolchain/bin/../lib/gcc/avr32/4.4.7/../../../../avr32/lib/ucr2\libc.a(lib_a-syscalls.o)
                              c:/program files (x86)/atmel/studio/7.0/toolchain/avr32/avr32-gnu-toolchain/bin/../lib/gcc/avr32/4.4.7/../../../../avr32/lib/ucr2\libc.a(lib_a-sbrkr.o) (_sbrk)
c:/program files (x86)/atmel/studio/7.0/toolchain/avr32/avr32-gnu-toolchain/bin/../lib/gcc/avr32/4.4.7/../../../../avr32/lib/ucr2\libc.a(lib_a-errno.o)
                              c:/program files (x86)/atmel/studio/7.0/toolchain/avr32/avr32-gnu-toolchain/bin/../lib/gcc/avr32/4.4.7/../../../../avr32/lib/ucr2\libc.a(lib_a-syscalls.o) (__errno)
c:/program files (x86)/atmel/studio/7.0/toolchain/avr32/avr32-gnu-toolchain/bin/../lib/gcc/avr32/4.4.7/../../../../avr32/lib/ucr2\libc.a(lib_a-findfp.o)
                              c:/program files (x86)/atmel/studio/7.0/toolchain/avr32/avr32-gnu-toolchain/bin/../lib/gcc/avr32/4.4.7/../../../../avr32/lib/ucr2\libc.a(lib_a-impure.o) (__sf_fake_stdin)
c:/program files (x86)/atmel/studio/7.0/toolchain/avr32/avr32-gnu-toolchain/bin/../lib/gcc/avr32/4.4.7/../../../../avr32/lib/ucr2\libc.a(lib_a-freer.o)
                              c:/program files (x86)/atmel/studio/7.0/toolchain/avr32/avr32-gnu-toolchain/bin/../lib/gcc/avr32/4.4.7/../../../../avr32/lib/ucr2\libc.a(lib_a-malloc.o) (_free_r)
c:/program files (x86)/atmel/studio/7.0/toolchain/avr32/avr32-gnu-toolchain/bin/../lib/gcc/avr32/4.4.7/../../../../avr32/lib/ucr2\libc.a(lib_a-fwalk.o)
                              c:/program files (x86)/atmel/studio/7.0/toolchain/avr32/avr32-gnu-toolchain/bin/../lib/gcc/avr32/4.4.7/../../../../avr32/lib/ucr2\libc.a(lib_a-findfp.o) (_fwalk)
c:/program files (x86)/atmel/studio/7.0/toolchain/avr32/avr32-gnu-toolchain/bin/../lib/gcc/avr32/4.4.7/../../../../avr32/lib/ucr2\libc.a(lib_a-memset.o)
                              c:/program files (x86)/atmel/studio/7.0/toolchain/avr32/avr32-gnu-toolchain/bin/../lib/gcc/avr32/4.4.7/../../../../avr32/lib/ucr2\libc.a(lib_a-findfp.o) (memset)
c:/program files (x86)/atmel/studio/7.0/toolchain/avr32/avr32-gnu-toolchain/bin/../lib/gcc/avr32/4.4.7/../../../../avr32/lib/ucr2\libc.a(lib_a-reent.o)
                              c:/program files (x86)/atmel/studio/7.0/toolchain/avr32/avr32-gnu-toolchain/bin/../lib/gcc/avr32/4.4.7/../../../../avr32/lib/ucr2\libc.a(lib_a-sbrkr.o) (errno)
[...]
Memory Configuration

Name             Origin             Length             Attributes
FLASH            0x80000000         0x00080000         axrl !w
INTRAM           0x00000004         0x0000fffc         axw !rl
USERPAGE         0x80800000         0x00000200
*default*        0x00000000         0xffffffff

Linker script and memory map

                0x00001000                _stack_size = 0x1000
LOAD src/ASF/avr32/drivers/tc/tc.o
LOAD src/ASF/avr32/boards/evk1105/led.o
LOAD src/ASF/avr32/components/display/et024006dhu/et024006dhu.o
LOAD src/ASF/avr32/drivers/ebi/smc/smc.o
LOAD src/ASF/avr32/drivers/flashc/flashc.o
LOAD src/ASF/avr32/drivers/gpio/gpio.o
LOAD src/ASF/avr32/drivers/intc/exception.o
LOAD src/ASF/avr32/drivers/intc/intc.o
LOAD src/ASF/avr32/drivers/pm/pm.o
LOAD src/ASF/avr32/drivers/pm/pm_conf_clocks.o
LOAD src/ASF/avr32/drivers/pm/power_clocks_lib.o
LOAD src/ASF/avr32/drivers/pwm/pwm.o
LOAD src/ASF/avr32/utils/startup/startup_uc3.o
LOAD src/ASF/avr32/utils/startup/trampoline_uc3.o
LOAD src/ASF/common/services/clock/uc3a0_a1/sysclk.o
LOAD src/et024006dhu_example2.o
START GROUP
LOAD c:/program files (x86)/atmel/studio/7.0/toolchain/avr32/avr32-gnu-toolchain/bin/../lib/gcc/avr32/4.4.7/../../../../avr32/lib/ucr2\libm.a
END GROUP
LOAD c:/program files (x86)/atmel/studio/7.0/toolchain/avr32/avr32-gnu-toolchain/bin/../lib/gcc/avr32/4.4.7/ucr2\libgcc.a
LOAD c:/program files (x86)/atmel/studio/7.0/toolchain/avr32/avr32-gnu-toolchain/bin/../lib/gcc/avr32/4.4.7/../../../../avr32/lib/ucr2\libc.a
LOAD c:/program files (x86)/atmel/studio/7.0/toolchain/avr32/avr32-gnu-toolchain/bin/../lib/gcc/avr32/4.4.7/ucr2\libgcc.a
                0xffffffff                __max_heap_size__ = 0xffffffff
                [0xffffffff]                __heap_size__ = DEFINED (__heap_size__)?__heap_size__:__max_heap_size__
                [0x00001000]                __stack_size__ = DEFINED (__stack_size__)?__stack_size__:0x1000
                0x80000000                PROVIDE (__executable_start, 0x80000000)
                0x80000000                . = 0x80000000

.interp
 *(.interp)

.reset          0x80000000     0x2008
 *(.reset)
 .reset         0x80000000        0x4 src/ASF/avr32/utils/startup/startup_uc3.o
                                  0x8 (size before relaxing)
                0x80000000                _start
 .reset         0x80000004     0x2004 src/ASF/avr32/utils/startup/trampoline_uc3.o
                               0x2008 (size before relaxing)
                0x80000004                _trampoline

.hash
 *(.hash)

.dynsym
 *(.dynsym)

.dynstr
 *(.dynstr)

.gnu.version
 *(.gnu.version)

.gnu.version_d
 *(.gnu.version_d)

.gnu.version_r
 *(.gnu.version_r)

.rel.init
 *(.rel.init)

.rela.init
 *(.rela.init)

.rel.text
 *(.rel.text .rel.text.* .rel.gnu.linkonce.t.*)

.rela.text
 *(.rela.text .rela.text.* .rela.gnu.linkonce.t.*)

.rel.fini
 *(.rel.fini)

.rela.fini
 *(.rela.fini)

.rel.rodata
 *(.rel.rodata .rel.rodata.* .rel.gnu.linkonce.r.*)

.rela.rodata
 *(.rela.rodata .rela.rodata.* .rela.gnu.linkonce.r.*)

.rel.data.rel.ro
 *(.rel.data.rel.ro*)

.rela.data.rel.ro
 *(.rel.data.rel.ro*)

.rel.data
 *(.rel.data .rel.data.* .rel.gnu.linkonce.d.*)

.rela.data
 *(.rela.data .rela.data.* .rela.gnu.linkonce.d.*)

.rel.tdata
 *(.rel.tdata .rel.tdata.* .rel.gnu.linkonce.td.*)

.rela.tdata
 *(.rela.tdata .rela.tdata.* .rela.gnu.linkonce.td.*)

.rel.tbss
 *(.rel.tbss .rel.tbss.* .rel.gnu.linkonce.tb.*)

.rela.tbss
 *(.rela.tbss .rela.tbss.* .rela.gnu.linkonce.tb.*)

.rel.ctors
 *(.rel.ctors)

.rela.ctors
 *(.rela.ctors)

.rel.dtors
 *(.rel.dtors)

.rela.dtors
 *(.rela.dtors)

.rel.got
 *(.rel.got)

.rela.got       0x80002008        0x0
 *(.rela.got)
 .rela.got      0x80002008        0x0 src/ASF/avr32/drivers/flashc/flashc.o

.rel.bss
 *(.rel.bss .rel.bss.* .rel.gnu.linkonce.b.*)

.rela.bss
 *(.rela.bss .rela.bss.* .rela.gnu.linkonce.b.*)

.rel.plt
 *(.rel.plt)

.rela.plt
 *(.rela.plt)

.init
 *(.init)

.plt
 *(.plt)

.text           0x80002008     0x21c0
 *(.text .stub .text.* .gnu.linkonce.t.*)
 .text.tc_init_waveform
                0x80002008       0x9c src/ASF/avr32/drivers/tc/tc.o
                0x80002008                tc_init_waveform
 .text.tc_start
                0x800020a4       0x12 src/ASF/avr32/drivers/tc/tc.o
                0x800020a4                tc_start
 .text.tc_read_sr
                0x800020b6       0x12 src/ASF/avr32/drivers/tc/tc.o
                0x800020b6                tc_read_sr
 .text.tc_write_rc
                0x800020c8       0x34 src/ASF/avr32/drivers/tc/tc.o
                0x800020c8                tc_write_rc
 .text.tc_configure_interrupts
                0x800020fc      0x108 src/ASF/avr32/drivers/tc/tc.o
                0x800020fc                tc_configure_interrupts
 .text.et024006_SetLimits
                0x80002204       0x50 src/ASF/avr32/components/display/et024006dhu/et024006dhu.o
                0x80002204                et024006_SetLimits
 .text.et024006_SetQuickLimits
                0x80002254       0x2a src/ASF/avr32/components/display/et024006dhu/et024006dhu.o
                0x80002254                et024006_SetQuickLimits
 *fill*         0x8000227e        0x2 d703d703
 .text.et024006_DrawQuickPixel
                0x80002280       0x24 src/ASF/avr32/components/display/et024006dhu/et024006dhu.o
                0x80002280                et024006_DrawQuickPixel
 .text.et024006_PrintString
                0x800022a4      0x23c src/ASF/avr32/components/display/et024006dhu/et024006dhu.o
                0x800022a4                et024006_PrintString
 .text.et024006_DuplicatePixel
                0x800024e0       0x40 src/ASF/avr32/components/display/et024006dhu/et024006dhu.o
                0x800024e0                et024006_DuplicatePixel
 .text.et024006_DrawFilledRect
                0x80002520       0x40 src/ASF/avr32/components/display/et024006dhu/et024006dhu.o
                0x80002520                et024006_DrawFilledRect
 .text.et024006_DrawVertLine
                0x80002560       0x1c src/ASF/avr32/components/display/et024006dhu/et024006dhu.o
                0x80002560                et024006_DrawVertLine
 .text.et024006_AdjustGamma
                0x8000257c       0x6e src/ASF/avr32/components/display/et024006dhu/et024006dhu.o
 *fill*         0x800025ea        0x2 d703d703
 .text.et024006_Init
                0x800025ec      0x4a4 src/ASF/avr32/components/display/et024006dhu/et024006dhu.o
                0x800025ec                et024006_Init
 .text.smc_init
                0x80002a90      0x11c src/ASF/avr32/drivers/ebi/smc/smc.o
                0x80002a90                smc_init
 .text.gpio_enable_module_pin
                0x80002bac       0x52 src/ASF/avr32/drivers/gpio/gpio.o
                0x80002bac                gpio_enable_module_pin
 *fill*         0x80002bfe        0x2 d703d703
 .text.gpio_enable_module
                0x80002c00       0x30 src/ASF/avr32/drivers/gpio/gpio.o
                0x80002c00                gpio_enable_module
 .text.gpio_enable_gpio_pin
                0x80002c30       0x18 src/ASF/avr32/drivers/gpio/gpio.o
                0x80002c30                gpio_enable_gpio_pin
 .text.gpio_set_gpio_pin
                0x80002c48       0x1c src/ASF/avr32/drivers/gpio/gpio.o
                0x80002c48                gpio_set_gpio_pin
 .text.gpio_clr_gpio_pin
                0x80002c64       0x1c src/ASF/avr32/drivers/gpio/gpio.o
                0x80002c64                gpio_clr_gpio_pin
 .text.gpio_tgl_gpio_pin
                0x80002c80       0x1c src/ASF/avr32/drivers/gpio/gpio.o
                0x80002c80                gpio_tgl_gpio_pin
 .text.gpio_enable_pin_interrupt
                0x80002c9c       0x46 src/ASF/avr32/drivers/gpio/gpio.o
                0x80002c9c                gpio_enable_pin_interrupt
 .text.gpio_get_pin_interrupt_flag
                0x80002ce2       0x18 src/ASF/avr32/drivers/gpio/gpio.o
                0x80002ce2                gpio_get_pin_interrupt_flag
 .text.gpio_clear_pin_interrupt_flag
                0x80002cfa       0x16 src/ASF/avr32/drivers/gpio/gpio.o
                0x80002cfa                gpio_clear_pin_interrupt_flag
 .text._unhandled_interrupt
                0x80002d10        0x2 src/ASF/avr32/drivers/intc/intc.o
 *fill*         0x80002d12        0x2 d703d703
 .text.INTC_register_interrupt
                0x80002d14       0x80 src/ASF/avr32/drivers/intc/intc.o
                0x80002d14                INTC_register_interrupt
 .text.INTC_init_interrupts
                0x80002d94       0x54 src/ASF/avr32/drivers/intc/intc.o
                0x80002d94                INTC_init_interrupts
 .text._get_interrupt_handler
                0x80002de8       0x38 src/ASF/avr32/drivers/intc/intc.o
                0x80002de8                _get_interrupt_handler
 .text.pm_set_osc0_mode
                0x80002e20        0xa src/ASF/avr32/drivers/pm/pm.o
 *fill*         0x80002e2a        0x2 d703d703
 .text.pm_enable_osc0_crystal
                0x80002e2c       0x3c src/ASF/avr32/drivers/pm/pm.o
                0x80002e2c                pm_enable_osc0_crystal
 .text.pm_enable_clk0_no_wait
                0x80002e68       0x10 src/ASF/avr32/drivers/pm/pm.o
                0x80002e68                pm_enable_clk0_no_wait
 .text.pm_wait_for_clk0_ready
                0x80002e78        0xa src/ASF/avr32/drivers/pm/pm.o
                0x80002e78                pm_wait_for_clk0_ready
 *fill*         0x80002e82        0x2 d703d703
 .text.pm_enable_clk0
                0x80002e84       0x1c src/ASF/avr32/drivers/pm/pm.o
                0x80002e84                pm_enable_clk0
 .text.pm_switch_to_clock
                0x80002ea0        0xa src/ASF/avr32/drivers/pm/pm.o
                0x80002ea0                pm_switch_to_clock
 *fill*         0x80002eaa        0x2 d703d703
 .text.pm_switch_to_osc0
                0x80002eac       0x2c src/ASF/avr32/drivers/pm/pm.o
                0x80002eac                pm_switch_to_osc0
 .text.pcl_switch_to_osc
                0x80002ed8       0x1c src/ASF/avr32/drivers/pm/power_clocks_lib.o
                0x80002ed8                pcl_switch_to_osc
 .text.pwm_channel_init
                0x80002ef4       0x36 src/ASF/avr32/drivers/pwm/pwm.o
                0x80002ef4                pwm_channel_init
 .text.pwm_start_channels
                0x80002f2a       0x12 src/ASF/avr32/drivers/pwm/pwm.o
                0x80002f2a                pwm_start_channels
 .text.pwm_async_update_channel
                0x80002f3c       0x28 src/ASF/avr32/drivers/pwm/pwm.o
                0x80002f3c                pwm_async_update_channel
 .text.pwm_init
                0x80002f64       0x46 src/ASF/avr32/drivers/pwm/pwm.o
                0x80002f64                pwm_init
 *fill*         0x80002faa        0x2 d703d703
 .text._stext   0x80002fac       0x40 src/ASF/avr32/utils/startup/startup_uc3.o
                                 0x50 (size before relaxing)
                0x80002fac                _stext
 .text.copiarArreglo
                0x80002fec       0x22 src/et024006dhu_example2.o
                0x80002fec                copiarArreglo
 *fill*         0x8000300e        0x2 d703d703
 .text.timer    0x80003010       0xd0 src/et024006dhu_example2.o
                0x80003010                timer
 .text.drawSort
                0x800030e0      0x10c src/et024006dhu_example2.o
                0x800030e0                drawSort
 .text.shellSort
                0x800031ec       0xe4 src/et024006dhu_example2.o
                0x800031ec                shellSort
 .text.quickSort
                0x800032d0      0x108 src/et024006dhu_example2.o
                0x800032d0                quickSort
 .text.selectionSort
                0x800033d8       0xb0 src/et024006dhu_example2.o
                0x800033d8                selectionSort
 .text.bubbleSort
                0x80003488       0x84 src/et024006dhu_example2.o
                0x80003488                bubbleSort
 .text.teclas   0x8000350c       0x70 src/et024006dhu_example2.o
                0x8000350c                teclas
 .text.CLR_disp
                0x8000357c       0x1c src/et024006dhu_example2.o
                0x8000357c                CLR_disp
 .text.main     0x80003598      0x29c src/et024006dhu_example2.o
                0x80003598                main
 .text          0x80003834      0x264 c:/program files (x86)/atmel/studio/7.0/toolchain/avr32/avr32-gnu-toolchain/bin/../lib/gcc/avr32/4.4.7/ucr2\libgcc.a(_udivdi3.o)
                0x80003834                __avr32_udiv64
                0x80003834                __udivdi3
 .text.rand     0x80003a98       0x80 c:/program files (x86)/atmel/studio/7.0/toolchain/avr32/avr32-gnu-toolchain/bin/../lib/gcc/avr32/4.4.7/../../../../avr32/lib/ucr2\libc.a(lib_a-rand.o)
                                 0x84 (size before relaxing)
                0x80003a98                rand
 .text.malloc   0x80003b18       0x10 c:/program files (x86)/atmel/studio/7.0/toolchain/avr32/avr32-gnu-toolchain/bin/../lib/gcc/avr32/4.4.7/../../../../avr32/lib/ucr2\libc.a(lib_a-malloc.o)
                                 0x18 (size before relaxing)
                0x80003b18                malloc
 .text._malloc_r
                0x80003b28      0x428 c:/program files (x86)/atmel/studio/7.0/toolchain/avr32/avr32-gnu-toolchain/bin/../lib/gcc/avr32/4.4.7/../../../../avr32/lib/ucr2\libc.a(lib_a-mallocr.o)
                                0x450 (size before relaxing)
                0x80003b28                _malloc_r
 .text.__malloc_lock
                0x80003f50        0x2 c:/program files (x86)/atmel/studio/7.0/toolchain/avr32/avr32-gnu-toolchain/bin/../lib/gcc/avr32/4.4.7/../../../../avr32/lib/ucr2\libc.a(lib_a-mlock.o)
                0x80003f50                __malloc_lock
 .text.__malloc_unlock
                0x80003f52        0x2 c:/program files (x86)/atmel/studio/7.0/toolchain/avr32/avr32-gnu-toolchain/bin/../lib/gcc/avr32/4.4.7/../../../../avr32/lib/ucr2\libc.a(lib_a-mlock.o)
                0x80003f52                __malloc_unlock
 .text._sbrk_r  0x80003f54       0x20 c:/program files (x86)/atmel/studio/7.0/toolchain/avr32/avr32-gnu-toolchain/bin/../lib/gcc/avr32/4.4.7/../../../../avr32/lib/ucr2\libc.a(lib_a-sbrkr.o)
                                 0x28 (size before relaxing)
                0x80003f54                _sbrk_r
 .text._sbrk    0x80003f74       0x38 c:/program files (x86)/atmel/studio/7.0/toolchain/avr32/avr32-gnu-toolchain/bin/../lib/gcc/avr32/4.4.7/../../../../avr32/lib/ucr2\libc.a(lib_a-syscalls.o)
                                 0x40 (size before relaxing)
                0x80003f74                _sbrk
 .text.__errno  0x80003fac        0xc c:/program files (x86)/atmel/studio/7.0/toolchain/avr32/avr32-gnu-toolchain/bin/../lib/gcc/avr32/4.4.7/../../../../avr32/lib/ucr2\libc.a(lib_a-errno.o)
                0x80003fac                __errno
 .text._malloc_trim_r
                0x80003fb8       0x8c c:/program files (x86)/atmel/studio/7.0/toolchain/avr32/avr32-gnu-toolchain/bin/../lib/gcc/avr32/4.4.7/../../../../avr32/lib/ucr2\libc.a(lib_a-freer.o)
                                 0xa8 (size before relaxing)
                0x80003fb8                _malloc_trim_r
 .text._free_r  0x80004044      0x184 c:/program files (x86)/atmel/studio/7.0/toolchain/avr32/avr32-gnu-toolchain/bin/../lib/gcc/avr32/4.4.7/../../../../avr32/lib/ucr2\libc.a(lib_a-freer.o)
                                0x1a0 (size before relaxing)
                0x80004044                _free_r
 *(.text.*personality*)
 *(.gnu.warning)

.exception      0x80004200      0x200
 .exception     0x80004200      0x200 src/ASF/avr32/drivers/intc/exception.o
                0x80004200                _evba
                0x80004304                _int0
                0x80004312                _int1
                0x80004320                _int2
                0x8000432e                _int3

.fini
 *(.fini)
                0x80004400                PROVIDE (__etext, .)
                0x80004400                PROVIDE (_etext, .)
                0x80004400                PROVIDE (etext, .)

.rodata         0x80004400      0x4f0
 *(.rodata .rodata.* .gnu.linkonce.r.*)
 .rodata.FONT8x8
                0x80004400      0x308 src/ASF/avr32/components/display/et024006dhu/et024006dhu.o
                0x80004400                FONT8x8
 .rodata.SMC_EBI_GPIO_MAP.10637
                0x80004708       0xa0 src/ASF/avr32/drivers/ebi/smc/smc.o
 .rodata._int_handler_table
                0x800047a8       0xa0 src/ASF/avr32/drivers/intc/intc.o
 .rodata.str1.4
                0x80004848       0x38 src/et024006dhu_example2.o
 .rodata.WAVEFORM_OPT.12285
                0x80004880        0x8 src/et024006dhu_example2.o
 .rodata.TC_INTERRUPT.12286
                0x80004888        0x4 src/et024006dhu_example2.o
 .rodata.str1.4
                0x8000488c        0x4 c:/program files (x86)/atmel/studio/7.0/toolchain/avr32/avr32-gnu-toolchain/bin/../lib/gcc/avr32/4.4.7/../../../../avr32/lib/ucr2\libc.a(lib_a-impure.o)
 .rodata.__sf_fake_stdin
                0x80004890       0x20 c:/program files (x86)/atmel/studio/7.0/toolchain/avr32/avr32-gnu-toolchain/bin/../lib/gcc/avr32/4.4.7/../../../../avr32/lib/ucr2\libc.a(lib_a-findfp.o)
                0x80004890                __sf_fake_stdin
 .rodata.__sf_fake_stdout
                0x800048b0       0x20 c:/program files (x86)/atmel/studio/7.0/toolchain/avr32/avr32-gnu-toolchain/bin/../lib/gcc/avr32/4.4.7/../../../../avr32/lib/ucr2\libc.a(lib_a-findfp.o)
                0x800048b0                __sf_fake_stdout
 .rodata.__sf_fake_stderr
                0x800048d0       0x20 c:/program files (x86)/atmel/studio/7.0/toolchain/avr32/avr32-gnu-toolchain/bin/../lib/gcc/avr32/4.4.7/../../../../avr32/lib/ucr2\libc.a(lib_a-findfp.o)
                0x800048d0                __sf_fake_stderr

.rodata1
 *(.rodata1)

.eh_frame_hdr
 *(.eh_frame_hdr)

.eh_frame
 *(.eh_frame)

.gcc_except_table
 *(.gcc_except_table)
 *(.gcc_except_table.*)

.lalign         0x800048f0        0x0
                0x800048f0                . = ALIGN (0x8)
                0x800048f0                PROVIDE (_data_lma, .)
                0x00000004                . = ORIGIN (INTRAM)

.dalign         0x00000004        0x4
                0x00000008                . = ALIGN (0x8)
 *fill*         0x00000004        0x4 
                0x00000008                PROVIDE (_data, .)

.eh_frame
 *(.eh_frame)

.gcc_except_table
 *(.gcc_except_table)
 *(.gcc_except_table.*)

.tdata
 *(.tdata .tdata.* .gnu.linkonce.td.*)

.tbss
 *(.tbss .tbss.* .gnu.linkonce.tb.*)
 *(.tcommon)
                0x00000008                PROVIDE (__preinit_array_start, ALIGN (0x4))

.preinit_array
 *(.preinit_array)
                0x00000008                PROVIDE (__preinit_array_end, .)
                0x00000008                PROVIDE (__init_array_start, .)

.init_array
 *(.init_array)
                0x00000008                PROVIDE (__init_array_end, .)
                0x00000008                PROVIDE (__fini_array_start, .)

.fini_array
 *(.fini_array)
                0x00000008                PROVIDE (__fini_array_end, .)

.ctors
 *crtbegin*.o(.ctors)
 *(EXCLUDE_FILE(*crtend*.o) .ctors)
 *(SORT(.ctors.*))
 *(.ctors)

.dtors
 *crtbegin*.o(.dtors)
 *(EXCLUDE_FILE(*crtend*.o) .dtors)
 *(SORT(.dtors.*))
 *(.dtors)

.jcr
 *(.jcr)

.data.rel.ro
 *(.data.rel.ro.local)
 *(.data.rel.ro*)

.dynamic
 *(.dynamic)

.got
 *(.got.plt)
 *(.got)

.ramtext
 *(.ramtext .ramtext.*)

.ddalign        0x00000008        0x0 load address 0x800048f0
                0x00000008                . = ALIGN (0x8)

.data           0x00000008      0x52c load address 0x800048f0
 *(.data .data.* .gnu.linkonce.d.*)
 .data.enter    0x00000008        0x4 src/et024006dhu_example2.o
                0x00000008                enter
 .data.pwm_channel6
                0x0000000c       0x20 src/et024006dhu_example2.o
                0x0000000c                pwm_channel6
 .data.currentSort
                0x0000002c        0x2 src/et024006dhu_example2.o
                0x0000002c                currentSort
 *fill*         0x0000002e        0x2 
 .data.impure_data
                0x00000030       0xf0 c:/program files (x86)/atmel/studio/7.0/toolchain/avr32/avr32-gnu-toolchain/bin/../lib/gcc/avr32/4.4.7/../../../../avr32/lib/ucr2\libc.a(lib_a-impure.o)
 .data._impure_ptr
                0x00000120        0x4 c:/program files (x86)/atmel/studio/7.0/toolchain/avr32/avr32-gnu-toolchain/bin/../lib/gcc/avr32/4.4.7/../../../../avr32/lib/ucr2\libc.a(lib_a-impure.o)
                0x00000120                _impure_ptr
 .data.__malloc_av_
                0x00000124      0x408 c:/program files (x86)/atmel/studio/7.0/toolchain/avr32/avr32-gnu-toolchain/bin/../lib/gcc/avr32/4.4.7/../../../../avr32/lib/ucr2\libc.a(lib_a-mallocr.o)
                0x00000124                __malloc_av_
 .data.__malloc_trim_threshold
                0x0000052c        0x4 c:/program files (x86)/atmel/studio/7.0/toolchain/avr32/avr32-gnu-toolchain/bin/../lib/gcc/avr32/4.4.7/../../../../avr32/lib/ucr2\libc.a(lib_a-mallocr.o)
                0x0000052c                __malloc_trim_threshold
 .data.__malloc_sbrk_base
                0x00000530        0x4 c:/program files (x86)/atmel/studio/7.0/toolchain/avr32/avr32-gnu-toolchain/bin/../lib/gcc/avr32/4.4.7/../../../../avr32/lib/ucr2\libc.a(lib_a-mallocr.o)
                0x00000530                __malloc_sbrk_base
 *(.gnu.linkonce.d.*personality*)

.data1
 *(.data1)

.balign         0x00000534        0x4 load address 0x80004e1c
                0x00000538                . = ALIGN (0x8)
 *fill*         0x00000534        0x4 
                0x00000538                PROVIDE (_edata, .)
                0x00000538                PROVIDE (edata, .)
                0x00000538                __bss_start = .

.bss            0x00000538      0x148
 *(.dynbss)
 *(.bss .bss.* .gnu.linkonce.b.*)
 .bss.tft_data  0x00000538        0x8 src/ASF/avr32/components/display/et024006dhu/et024006dhu.o
 .bss.smc_tab_cs_size
                0x00000540        0x8 src/ASF/avr32/drivers/ebi/smc/smc.o
 .bss._int_line_handler_table_6
                0x00000548        0x4 src/ASF/avr32/drivers/intc/intc.o
 .bss._int_line_handler_table_7
                0x0000054c        0x4 src/ASF/avr32/drivers/intc/intc.o
 .bss._int_line_handler_table_8
                0x00000550        0x4 src/ASF/avr32/drivers/intc/intc.o
 .bss._int_line_handler_table_9
                0x00000554        0x4 src/ASF/avr32/drivers/intc/intc.o
 .bss._int_line_handler_table_10
                0x00000558        0x4 src/ASF/avr32/drivers/intc/intc.o
 .bss._int_line_handler_table_11
                0x0000055c        0x4 src/ASF/avr32/drivers/intc/intc.o
 .bss._int_line_handler_table_12
                0x00000560        0x4 src/ASF/avr32/drivers/intc/intc.o
 .bss._int_line_handler_table_13
                0x00000564        0x4 src/ASF/avr32/drivers/intc/intc.o
 .bss._int_line_handler_table_14
                0x00000568        0xc src/ASF/avr32/drivers/intc/intc.o
 .bss._int_line_handler_table_15
                0x00000574        0x4 src/ASF/avr32/drivers/intc/intc.o
 .bss._int_line_handler_table_16
                0x00000578        0x4 src/ASF/avr32/drivers/intc/intc.o
 .bss._int_line_handler_table_17
                0x0000057c        0x4 src/ASF/avr32/drivers/intc/intc.o
 .bss._int_line_handler_table_18
                0x00000580        0x4 src/ASF/avr32/drivers/intc/intc.o
 .bss._int_line_handler_table_19
                0x00000584        0x4 src/ASF/avr32/drivers/intc/intc.o
 .bss._int_line_handler_table_0
                0x00000588        0x4 src/ASF/avr32/drivers/intc/intc.o
 .bss._int_line_handler_table_1
                0x0000058c       0x2c src/ASF/avr32/drivers/intc/intc.o
 .bss._int_line_handler_table_2
                0x000005b8       0x38 src/ASF/avr32/drivers/intc/intc.o
 .bss._int_line_handler_table_3
                0x000005f0       0x3c src/ASF/avr32/drivers/intc/intc.o
 .bss._int_line_handler_table_4
                0x0000062c        0x4 src/ASF/avr32/drivers/intc/intc.o
 .bss._int_line_handler_table_5
                0x00000630        0x4 src/ASF/avr32/drivers/intc/intc.o
 .bss.actividad
                0x00000634        0x2 src/et024006dhu_example2.o
                0x00000634                actividad
 *fill*         0x00000636        0x2 
 .bss.__malloc_max_total_mem
                0x00000638        0x4 c:/program files (x86)/atmel/studio/7.0/toolchain/avr32/avr32-gnu-toolchain/bin/../lib/gcc/avr32/4.4.7/../../../../avr32/lib/ucr2\libc.a(lib_a-mallocr.o)
                0x00000638                __malloc_max_total_mem
 .bss.__malloc_max_sbrked_mem
                0x0000063c        0x4 c:/program files (x86)/atmel/studio/7.0/toolchain/avr32/avr32-gnu-toolchain/bin/../lib/gcc/avr32/4.4.7/../../../../avr32/lib/ucr2\libc.a(lib_a-mallocr.o)
                0x0000063c                __malloc_max_sbrked_mem
 .bss.__malloc_top_pad
                0x00000640        0x4 c:/program files (x86)/atmel/studio/7.0/toolchain/avr32/avr32-gnu-toolchain/bin/../lib/gcc/avr32/4.4.7/../../../../avr32/lib/ucr2\libc.a(lib_a-mallocr.o)
                0x00000640                __malloc_top_pad
 .bss.__malloc_current_mallinfo
                0x00000644       0x28 c:/program files (x86)/atmel/studio/7.0/toolchain/avr32/avr32-gnu-toolchain/bin/../lib/gcc/avr32/4.4.7/../../../../avr32/lib/ucr2\libc.a(lib_a-mallocr.o)
                0x00000644                __malloc_current_mallinfo
 .bss.cur_heap_pos.1869
                0x0000066c        0x4 c:/program files (x86)/atmel/studio/7.0/toolchain/avr32/avr32-gnu-toolchain/bin/../lib/gcc/avr32/4.4.7/../../../../avr32/lib/ucr2\libc.a(lib_a-syscalls.o)
 *(COMMON)
 COMMON         0x00000670        0x8 src/et024006dhu_example2.o
                0x00000670                centecimas
                0x00000672                contadorMs
                0x00000674                tiempoTranscurrido
 COMMON         0x00000678        0x4 c:/program files (x86)/atmel/studio/7.0/toolchain/avr32/avr32-gnu-toolchain/bin/../lib/gcc/avr32/4.4.7/../../../../avr32/lib/ucr2\libc.a(lib_a-reent.o)
                0x00000678                errno
                0x00000680                . = ALIGN (0x8)
 *fill*         0x0000067c        0x4 
                0x00000680                . = ALIGN (0x8)
                0x00000680                _end = .
                0x00000680                PROVIDE (end, .)
                0x00000680                __heap_start__ = ALIGN (0x8)

.heap           0x00000680     0xe980
 *(.heap)
                0x0000e980                . = (__heap_size__ == __max_heap_size__)?(((ORIGIN (INTRAM) + 0xfffc) - __stack_size__) - ABSOLUTE (.)):__heap_size__
 *fill*         0x00000680     0xe980 
                0x0000f000                __heap_end__ = .

.stab
 *(.stab)

.stabstr
 *(.stabstr)

.stab.excl
 *(.stab.excl)

.stab.exclstr
 *(.stab.exclstr)

.stab.index
 *(.stab.index)

.stab.indexstr
 *(.stab.indexstr)

.comment        0x00000000       0x30
 *(.comment)
 .comment       0x00000000       0x30 src/ASF/avr32/drivers/tc/tc.o
                                 0x31 (size before relaxing)
 .comment       0x00000000       0x31 src/ASF/avr32/components/display/et024006dhu/et024006dhu.o
 .comment       0x00000000       0x31 src/ASF/avr32/drivers/ebi/smc/smc.o
 .comment       0x00000000       0x31 src/ASF/avr32/drivers/gpio/gpio.o
 .comment       0x00000000       0x31 src/ASF/avr32/drivers/intc/intc.o
 .comment       0x00000000       0x31 src/ASF/avr32/drivers/pm/pm.o
 .comment       0x00000000       0x31 src/ASF/avr32/drivers/pm/power_clocks_lib.o
 .comment       0x00000000       0x31 src/ASF/avr32/drivers/pwm/pwm.o
 .comment       0x00000000       0x31 src/et024006dhu_example2.o
 .comment       0x00000000       0x31 c:/program files (x86)/atmel/studio/7.0/toolchain/avr32/avr32-gnu-toolchain/bin/../lib/gcc/avr32/4.4.7/ucr2\libgcc.a(_udivdi3.o)
 .comment       0x00000000       0x31 c:/program files (x86)/atmel/studio/7.0/toolchain/avr32/avr32-gnu-toolchain/bin/../lib/gcc/avr32/4.4.7/../../../../avr32/lib/ucr2\libc.a(lib_a-rand.o)
 .comment       0x00000000       0x31 c:/program files (x86)/atmel/studio/7.0/toolchain/avr32/avr32-gnu-toolchain/bin/../lib/gcc/avr32/4.4.7/../../../../avr32/lib/ucr2\libc.a(lib_a-impure.o)
 .comment       0x00000000       0x31 c:/program files (x86)/atmel/studio/7.0/toolchain/avr32/avr32-gnu-toolchain/bin/../lib/gcc/avr32/4.4.7/../../../../avr32/lib/ucr2\libc.a(lib_a-malloc.o)
 .comment       0x00000000       0x31 c:/program files (x86)/atmel/studio/7.0/toolchain/avr32/avr32-gnu-toolchain/bin/../lib/gcc/avr32/4.4.7/../../../../avr32/lib/ucr2\libc.a(lib_a-mallocr.o)
 .comment       0x00000000       0x31 c:/program files (x86)/atmel/studio/7.0/toolchain/avr32/avr32-gnu-toolchain/bin/../lib/gcc/avr32/4.4.7/../../../../avr32/lib/ucr2\libc.a(lib_a-mlock.o)
 .comment       0x00000000       0x31 c:/program files (x86)/atmel/studio/7.0/toolchain/avr32/avr32-gnu-toolchain/bin/../lib/gcc/avr32/4.4.7/../../../../avr32/lib/ucr2\libc.a(lib_a-sbrkr.o)
 .comment       0x00000000       0x31 c:/program files (x86)/atmel/studio/7.0/toolchain/avr32/avr32-gnu-toolchain/bin/../lib/gcc/avr32/4.4.7/../../../../avr32/lib/ucr2\libc.a(lib_a-syscalls.o)
 .comment       0x00000000       0x31 c:/program files (x86)/atmel/studio/7.0/toolchain/avr32/avr32-gnu-toolchain/bin/../lib/gcc/avr32/4.4.7/../../../../avr32/lib/ucr2\libc.a(lib_a-errno.o)
 .comment       0x00000000       0x31 c:/program files (x86)/atmel/studio/7.0/toolchain/avr32/avr32-gnu-toolchain/bin/../lib/gcc/avr32/4.4.7/../../../../avr32/lib/ucr2\libc.a(lib_a-findfp.o)
 .comment       0x00000000       0x31 c:/program files (x86)/atmel/studio/7.0/toolchain/avr32/avr32-gnu-toolchain/bin/../lib/gcc/avr32/4.4.7/../../../../avr32/lib/ucr2\libc.a(lib_a-freer.o)
 .comment       0x00000000       0x31 c:/program files (x86)/atmel/studio/7.0/toolchain/avr32/avr32-gnu-toolchain/bin/../lib/gcc/avr32/4.4.7/../../../../avr32/lib/ucr2\libc.a(lib_a-reent.o)

.debug
 *(.debug)

.line
 *(.line)

.debug_srcinfo
 *(.debug_srcinfo)

.debug_sfnames
 *(.debug_sfnames)

.debug_aranges  0x00000000      0x8c8
 *(.debug_aranges)
 .debug_aranges
                0x00000000       0xa8 src/ASF/avr32/drivers/tc/tc.o
 .debug_aranges
                0x000000a8      0x110 src/ASF/avr32/components/display/et024006dhu/et024006dhu.o
 .debug_aranges
                0x000001b8       0x28 src/ASF/avr32/drivers/ebi/smc/smc.o
 .debug_aranges
                0x000001e0      0x100 src/ASF/avr32/drivers/gpio/gpio.o
 .debug_aranges
                0x000002e0       0x20 src/ASF/avr32/drivers/intc/exception.o
 .debug_aranges
                0x00000300       0x38 src/ASF/avr32/drivers/intc/intc.o
 .debug_aranges
                0x00000338      0x190 src/ASF/avr32/drivers/pm/pm.o
 .debug_aranges
                0x000004c8       0x40 src/ASF/avr32/drivers/pm/power_clocks_lib.o
 .debug_aranges
                0x00000508       0x48 src/ASF/avr32/drivers/pwm/pwm.o
 .debug_aranges
                0x00000550       0x28 src/ASF/avr32/utils/startup/startup_uc3.o
 .debug_aranges
                0x00000578       0x20 src/ASF/avr32/utils/startup/trampoline_uc3.o
 .debug_aranges
                0x00000598       0x68 src/et024006dhu_example2.o
 .debug_aranges
                0x00000600       0x20 c:/program files (x86)/atmel/studio/7.0/toolchain/avr32/avr32-gnu-toolchain/bin/../lib/gcc/avr32/4.4.7/ucr2\libgcc.a(_udivdi3.o)
 .debug_aranges
                0x00000620       0x28 c:/program files (x86)/atmel/studio/7.0/toolchain/avr32/avr32-gnu-toolchain/bin/../lib/gcc/avr32/4.4.7/../../../../avr32/lib/ucr2\libc.a(lib_a-rand.o)
 .debug_aranges
                0x00000648       0x28 c:/program files (x86)/atmel/studio/7.0/toolchain/avr32/avr32-gnu-toolchain/bin/../lib/gcc/avr32/4.4.7/../../../../avr32/lib/ucr2\libc.a(lib_a-malloc.o)
 .debug_aranges
                0x00000670       0x20 c:/program files (x86)/atmel/studio/7.0/toolchain/avr32/avr32-gnu-toolchain/bin/../lib/gcc/avr32/4.4.7/../../../../avr32/lib/ucr2\libc.a(lib_a-mallocr.o)
 .debug_aranges
                0x00000690       0x28 c:/program files (x86)/atmel/studio/7.0/toolchain/avr32/avr32-gnu-toolchain/bin/../lib/gcc/avr32/4.4.7/../../../../avr32/lib/ucr2\libc.a(lib_a-mlock.o)
 .debug_aranges
                0x000006b8       0x20 c:/program files (x86)/atmel/studio/7.0/toolchain/avr32/avr32-gnu-toolchain/bin/../lib/gcc/avr32/4.4.7/../../../../avr32/lib/ucr2\libc.a(lib_a-sbrkr.o)
 .debug_aranges
                0x000006d8       0xf8 c:/program files (x86)/atmel/studio/7.0/toolchain/avr32/avr32-gnu-toolchain/bin/../lib/gcc/avr32/4.4.7/../../../../avr32/lib/ucr2\libc.a(lib_a-syscalls.o)
 .debug_aranges
                0x000007d0       0x20 c:/program files (x86)/atmel/studio/7.0/toolchain/avr32/avr32-gnu-toolchain/bin/../lib/gcc/avr32/4.4.7/../../../../avr32/lib/ucr2\libc.a(lib_a-errno.o)
 .debug_aranges
                0x000007f0       0x80 c:/program files (x86)/atmel/studio/7.0/toolchain/avr32/avr32-gnu-toolchain/bin/../lib/gcc/avr32/4.4.7/../../../../avr32/lib/ucr2\libc.a(lib_a-findfp.o)
 .debug_aranges
                0x00000870       0x28 c:/program files (x86)/atmel/studio/7.0/toolchain/avr32/avr32-gnu-toolchain/bin/../lib/gcc/avr32/4.4.7/../../../../avr32/lib/ucr2\libc.a(lib_a-freer.o)
 .debug_aranges
                0x00000898       0x30 c:/program files (x86)/atmel/studio/7.0/toolchain/avr32/avr32-gnu-toolchain/bin/../lib/gcc/avr32/4.4.7/../../../../avr32/lib/ucr2\libc.a(lib_a-reent.o)

.debug_pubnames
                0x00000000     0x1344
 *(.debug_pubnames)
 .debug_pubnames
                0x00000000      0x164 src/ASF/avr32/drivers/tc/tc.o
 .debug_pubnames
                0x00000164      0x317 src/ASF/avr32/components/display/et024006dhu/et024006dhu.o
 .debug_pubnames
                0x0000047b       0x33 src/ASF/avr32/drivers/ebi/smc/smc.o
 .debug_pubnames
                0x000004ae      0x330 src/ASF/avr32/drivers/gpio/gpio.o
 .debug_pubnames
                0x000007de       0x62 src/ASF/avr32/drivers/intc/intc.o
 .debug_pubnames
                0x00000840      0x3ee src/ASF/avr32/drivers/pm/pm.o
 .debug_pubnames
                0x00000c2e       0x82 src/ASF/avr32/drivers/pm/power_clocks_lib.o
 .debug_pubnames
                0x00000cb0       0x9a src/ASF/avr32/drivers/pwm/pwm.o
 .debug_pubnames
                0x00000d4a      0x107 src/et024006dhu_example2.o
 .debug_pubnames
                0x00000e51       0x20 c:/program files (x86)/atmel/studio/7.0/toolchain/avr32/avr32-gnu-toolchain/bin/../lib/gcc/avr32/4.4.7/ucr2\libgcc.a(_udivdi3.o)
 .debug_pubnames
                0x00000e71       0x25 c:/program files (x86)/atmel/studio/7.0/toolchain/avr32/avr32-gnu-toolchain/bin/../lib/gcc/avr32/4.4.7/../../../../avr32/lib/ucr2\libc.a(lib_a-rand.o)
 .debug_pubnames
                0x00000e96       0x39 c:/program files (x86)/atmel/studio/7.0/toolchain/avr32/avr32-gnu-toolchain/bin/../lib/gcc/avr32/4.4.7/../../../../avr32/lib/ucr2\libc.a(lib_a-impure.o)
 .debug_pubnames
                0x00000ecf       0x26 c:/program files (x86)/atmel/studio/7.0/toolchain/avr32/avr32-gnu-toolchain/bin/../lib/gcc/avr32/4.4.7/../../../../avr32/lib/ucr2\libc.a(lib_a-malloc.o)
 .debug_pubnames
                0x00000ef5       0xce c:/program files (x86)/atmel/studio/7.0/toolchain/avr32/avr32-gnu-toolchain/bin/../lib/gcc/avr32/4.4.7/../../../../avr32/lib/ucr2\libc.a(lib_a-mallocr.o)
 .debug_pubnames
                0x00000fc3       0x38 c:/program files (x86)/atmel/studio/7.0/toolchain/avr32/avr32-gnu-toolchain/bin/../lib/gcc/avr32/4.4.7/../../../../avr32/lib/ucr2\libc.a(lib_a-mlock.o)
 .debug_pubnames
                0x00000ffb       0x1e c:/program files (x86)/atmel/studio/7.0/toolchain/avr32/avr32-gnu-toolchain/bin/../lib/gcc/avr32/4.4.7/../../../../avr32/lib/ucr2\libc.a(lib_a-sbrkr.o)
 .debug_pubnames
                0x00001019      0x171 c:/program files (x86)/atmel/studio/7.0/toolchain/avr32/avr32-gnu-toolchain/bin/../lib/gcc/avr32/4.4.7/../../../../avr32/lib/ucr2\libc.a(lib_a-syscalls.o)
 .debug_pubnames
                0x0000118a       0x1e c:/program files (x86)/atmel/studio/7.0/toolchain/avr32/avr32-gnu-toolchain/bin/../lib/gcc/avr32/4.4.7/../../../../avr32/lib/ucr2\libc.a(lib_a-errno.o)
 .debug_pubnames
                0x000011a8      0x119 c:/program files (x86)/atmel/studio/7.0/toolchain/avr32/avr32-gnu-toolchain/bin/../lib/gcc/avr32/4.4.7/../../../../avr32/lib/ucr2\libc.a(lib_a-findfp.o)
 .debug_pubnames
                0x000012c1       0x31 c:/program files (x86)/atmel/studio/7.0/toolchain/avr32/avr32-gnu-toolchain/bin/../lib/gcc/avr32/4.4.7/../../../../avr32/lib/ucr2\libc.a(lib_a-freer.o)
 .debug_pubnames
                0x000012f2       0x52 c:/program files (x86)/atmel/studio/7.0/toolchain/avr32/avr32-gnu-toolchain/bin/../lib/gcc/avr32/4.4.7/../../../../avr32/lib/ucr2\libc.a(lib_a-reent.o)

.debug_info     0x00000000    0x1044c
 *(.debug_info .gnu.linkonce.wi.*)
 .debug_info    0x00000000     0x117e src/ASF/avr32/drivers/tc/tc.o
 .debug_info    0x0000117e     0x212c src/ASF/avr32/components/display/et024006dhu/et024006dhu.o
 .debug_info    0x000032aa      0x616 src/ASF/avr32/drivers/ebi/smc/smc.o
 .debug_info    0x000038c0      0xb1b src/ASF/avr32/drivers/gpio/gpio.o
 .debug_info    0x000043db       0x8b src/ASF/avr32/drivers/intc/exception.o
 .debug_info    0x00004466      0x5ae src/ASF/avr32/drivers/intc/intc.o
 .debug_info    0x00004a14     0x1a57 src/ASF/avr32/drivers/pm/pm.o
 .debug_info    0x0000646b      0xf89 src/ASF/avr32/drivers/pm/power_clocks_lib.o
 .debug_info    0x000073f4      0xa08 src/ASF/avr32/drivers/pwm/pwm.o
 .debug_info    0x00007dfc       0x8a src/ASF/avr32/utils/startup/startup_uc3.o
 .debug_info    0x00007e86       0x91 src/ASF/avr32/utils/startup/trampoline_uc3.o
 .debug_info    0x00007f17     0x13a1 src/et024006dhu_example2.o
 .debug_info    0x000092b8      0x57b c:/program files (x86)/atmel/studio/7.0/toolchain/avr32/avr32-gnu-toolchain/bin/../lib/gcc/avr32/4.4.7/ucr2\libgcc.a(_udivdi3.o)
 .debug_info    0x00009833      0x91a c:/program files (x86)/atmel/studio/7.0/toolchain/avr32/avr32-gnu-toolchain/bin/../lib/gcc/avr32/4.4.7/../../../../avr32/lib/ucr2\libc.a(lib_a-rand.o)
 .debug_info    0x0000a14d      0x960 c:/program files (x86)/atmel/studio/7.0/toolchain/avr32/avr32-gnu-toolchain/bin/../lib/gcc/avr32/4.4.7/../../../../avr32/lib/ucr2\libc.a(lib_a-impure.o)
 .debug_info    0x0000aaad      0x8ea c:/program files (x86)/atmel/studio/7.0/toolchain/avr32/avr32-gnu-toolchain/bin/../lib/gcc/avr32/4.4.7/../../../../avr32/lib/ucr2\libc.a(lib_a-malloc.o)
 .debug_info    0x0000b397      0xc4e c:/program files (x86)/atmel/studio/7.0/toolchain/avr32/avr32-gnu-toolchain/bin/../lib/gcc/avr32/4.4.7/../../../../avr32/lib/ucr2\libc.a(lib_a-mallocr.o)
 .debug_info    0x0000bfe5      0x8cf c:/program files (x86)/atmel/studio/7.0/toolchain/avr32/avr32-gnu-toolchain/bin/../lib/gcc/avr32/4.4.7/../../../../avr32/lib/ucr2\libc.a(lib_a-mlock.o)
 .debug_info    0x0000c8b4      0x8de c:/program files (x86)/atmel/studio/7.0/toolchain/avr32/avr32-gnu-toolchain/bin/../lib/gcc/avr32/4.4.7/../../../../avr32/lib/ucr2\libc.a(lib_a-sbrkr.o)
 .debug_info    0x0000d192      0x93a c:/program files (x86)/atmel/studio/7.0/toolchain/avr32/avr32-gnu-toolchain/bin/../lib/gcc/avr32/4.4.7/../../../../avr32/lib/ucr2\libc.a(lib_a-syscalls.o)
 .debug_info    0x0000dacc      0x8a6 c:/program files (x86)/atmel/studio/7.0/toolchain/avr32/avr32-gnu-toolchain/bin/../lib/gcc/avr32/4.4.7/../../../../avr32/lib/ucr2\libc.a(lib_a-errno.o)
 .debug_info    0x0000e372      0xc2a c:/program files (x86)/atmel/studio/7.0/toolchain/avr32/avr32-gnu-toolchain/bin/../lib/gcc/avr32/4.4.7/../../../../avr32/lib/ucr2\libc.a(lib_a-findfp.o)
 .debug_info    0x0000ef9c      0xb3d c:/program files (x86)/atmel/studio/7.0/toolchain/avr32/avr32-gnu-toolchain/bin/../lib/gcc/avr32/4.4.7/../../../../avr32/lib/ucr2\libc.a(lib_a-freer.o)
 .debug_info    0x0000fad9      0x973 c:/program files (x86)/atmel/studio/7.0/toolchain/avr32/avr32-gnu-toolchain/bin/../lib/gcc/avr32/4.4.7/../../../../avr32/lib/ucr2\libc.a(lib_a-reent.o)

.debug_abbrev   0x00000000     0x2980
 *(.debug_abbrev)
 .debug_abbrev  0x00000000      0x25c src/ASF/avr32/drivers/tc/tc.o
 .debug_abbrev  0x0000025c      0x325 src/ASF/avr32/components/display/et024006dhu/et024006dhu.o
 .debug_abbrev  0x00000581      0x1e1 src/ASF/avr32/drivers/ebi/smc/smc.o
 .debug_abbrev  0x00000762      0x28b src/ASF/avr32/drivers/gpio/gpio.o
 .debug_abbrev  0x000009ed       0x14 src/ASF/avr32/drivers/intc/exception.o
 .debug_abbrev  0x00000a01      0x1d4 src/ASF/avr32/drivers/intc/intc.o
 .debug_abbrev  0x00000bd5      0x2d1 src/ASF/avr32/drivers/pm/pm.o
 .debug_abbrev  0x00000ea6      0x1cd src/ASF/avr32/drivers/pm/power_clocks_lib.o
 .debug_abbrev  0x00001073      0x19d src/ASF/avr32/drivers/pwm/pwm.o
 .debug_abbrev  0x00001210       0x12 src/ASF/avr32/utils/startup/startup_uc3.o
 .debug_abbrev  0x00001222       0x14 src/ASF/avr32/utils/startup/trampoline_uc3.o
 .debug_abbrev  0x00001236      0x351 src/et024006dhu_example2.o
 .debug_abbrev  0x00001587      0x15a c:/program files (x86)/atmel/studio/7.0/toolchain/avr32/avr32-gnu-toolchain/bin/../lib/gcc/avr32/4.4.7/ucr2\libgcc.a(_udivdi3.o)
 .debug_abbrev  0x000016e1      0x1b3 c:/program files (x86)/atmel/studio/7.0/toolchain/avr32/avr32-gnu-toolchain/bin/../lib/gcc/avr32/4.4.7/../../../../avr32/lib/ucr2\libc.a(lib_a-rand.o)
 .debug_abbrev  0x00001894      0x160 c:/program files (x86)/atmel/studio/7.0/toolchain/avr32/avr32-gnu-toolchain/bin/../lib/gcc/avr32/4.4.7/../../../../avr32/lib/ucr2\libc.a(lib_a-impure.o)
 .debug_abbrev  0x000019f4      0x178 c:/program files (x86)/atmel/studio/7.0/toolchain/avr32/avr32-gnu-toolchain/bin/../lib/gcc/avr32/4.4.7/../../../../avr32/lib/ucr2\libc.a(lib_a-malloc.o)
 .debug_abbrev  0x00001b6c      0x205 c:/program files (x86)/atmel/studio/7.0/toolchain/avr32/avr32-gnu-toolchain/bin/../lib/gcc/avr32/4.4.7/../../../../avr32/lib/ucr2\libc.a(lib_a-mallocr.o)
 .debug_abbrev  0x00001d71      0x15b c:/program files (x86)/atmel/studio/7.0/toolchain/avr32/avr32-gnu-toolchain/bin/../lib/gcc/avr32/4.4.7/../../../../avr32/lib/ucr2\libc.a(lib_a-mlock.o)
 .debug_abbrev  0x00001ecc      0x17f c:/program files (x86)/atmel/studio/7.0/toolchain/avr32/avr32-gnu-toolchain/bin/../lib/gcc/avr32/4.4.7/../../../../avr32/lib/ucr2\libc.a(lib_a-sbrkr.o)
 .debug_abbrev  0x0000204b      0x19a c:/program files (x86)/atmel/studio/7.0/toolchain/avr32/avr32-gnu-toolchain/bin/../lib/gcc/avr32/4.4.7/../../../../avr32/lib/ucr2\libc.a(lib_a-syscalls.o)
 .debug_abbrev  0x000021e5      0x150 c:/program files (x86)/atmel/studio/7.0/toolchain/avr32/avr32-gnu-toolchain/bin/../lib/gcc/avr32/4.4.7/../../../../avr32/lib/ucr2\libc.a(lib_a-errno.o)
 .debug_abbrev  0x00002335      0x28c c:/program files (x86)/atmel/studio/7.0/toolchain/avr32/avr32-gnu-toolchain/bin/../lib/gcc/avr32/4.4.7/../../../../avr32/lib/ucr2\libc.a(lib_a-findfp.o)
 .debug_abbrev  0x000025c1      0x1d9 c:/program files (x86)/atmel/studio/7.0/toolchain/avr32/avr32-gnu-toolchain/bin/../lib/gcc/avr32/4.4.7/../../../../avr32/lib/ucr2\libc.a(lib_a-freer.o)
 .debug_abbrev  0x0000279a      0x1e6 c:/program files (x86)/atmel/studio/7.0/toolchain/avr32/avr32-gnu-toolchain/bin/../lib/gcc/avr32/4.4.7/../../../../avr32/lib/ucr2\libc.a(lib_a-reent.o)

.debug_line     0x00000000     0x7550
 *(.debug_line)
 .debug_line    0x00000000      0x7b9 src/ASF/avr32/drivers/tc/tc.o
 .debug_line    0x000007b9      0xd5c src/ASF/avr32/components/display/et024006dhu/et024006dhu.o
 .debug_line    0x00001515      0x75d src/ASF/avr32/drivers/ebi/smc/smc.o
 .debug_line    0x00001c72      0x8c7 src/ASF/avr32/drivers/gpio/gpio.o
 .debug_line    0x00002539      0x109 src/ASF/avr32/drivers/intc/exception.o
 .debug_line    0x00002642      0x695 src/ASF/avr32/drivers/intc/intc.o
 .debug_line    0x00002cd7      0x9ca src/ASF/avr32/drivers/pm/pm.o
 .debug_line    0x000036a1      0x6c5 src/ASF/avr32/drivers/pm/power_clocks_lib.o
 .debug_line    0x00003d66      0x6c6 src/ASF/avr32/drivers/pwm/pwm.o
 .debug_line    0x0000442c       0xf2 src/ASF/avr32/utils/startup/startup_uc3.o
 .debug_line    0x0000451e       0x67 src/ASF/avr32/utils/startup/trampoline_uc3.o
 .debug_line    0x00004585      0xaaa src/et024006dhu_example2.o
 .debug_line    0x0000502f      0x1d5 c:/program files (x86)/atmel/studio/7.0/toolchain/avr32/avr32-gnu-toolchain/bin/../lib/gcc/avr32/4.4.7/ucr2\libgcc.a(_udivdi3.o)
 .debug_line    0x00005204      0x271 c:/program files (x86)/atmel/studio/7.0/toolchain/avr32/avr32-gnu-toolchain/bin/../lib/gcc/avr32/4.4.7/../../../../avr32/lib/ucr2\libc.a(lib_a-rand.o)
 .debug_line    0x00005475      0x1a8 c:/program files (x86)/atmel/studio/7.0/toolchain/avr32/avr32-gnu-toolchain/bin/../lib/gcc/avr32/4.4.7/../../../../avr32/lib/ucr2\libc.a(lib_a-impure.o)
 .debug_line    0x0000561d      0x255 c:/program files (x86)/atmel/studio/7.0/toolchain/avr32/avr32-gnu-toolchain/bin/../lib/gcc/avr32/4.4.7/../../../../avr32/lib/ucr2\libc.a(lib_a-malloc.o)
 .debug_line    0x00005872      0x571 c:/program files (x86)/atmel/studio/7.0/toolchain/avr32/avr32-gnu-toolchain/bin/../lib/gcc/avr32/4.4.7/../../../../avr32/lib/ucr2\libc.a(lib_a-mallocr.o)
 .debug_line    0x00005de3      0x1d4 c:/program files (x86)/atmel/studio/7.0/toolchain/avr32/avr32-gnu-toolchain/bin/../lib/gcc/avr32/4.4.7/../../../../avr32/lib/ucr2\libc.a(lib_a-mlock.o)
 .debug_line    0x00005fb7      0x258 c:/program files (x86)/atmel/studio/7.0/toolchain/avr32/avr32-gnu-toolchain/bin/../lib/gcc/avr32/4.4.7/../../../../avr32/lib/ucr2\libc.a(lib_a-sbrkr.o)
 .debug_line    0x0000620f      0x58e c:/program files (x86)/atmel/studio/7.0/toolchain/avr32/avr32-gnu-toolchain/bin/../lib/gcc/avr32/4.4.7/../../../../avr32/lib/ucr2\libc.a(lib_a-syscalls.o)
 .debug_line    0x0000679d      0x1ce c:/program files (x86)/atmel/studio/7.0/toolchain/avr32/avr32-gnu-toolchain/bin/../lib/gcc/avr32/4.4.7/../../../../avr32/lib/ucr2\libc.a(lib_a-errno.o)
 .debug_line    0x0000696b      0x5ad c:/program files (x86)/atmel/studio/7.0/toolchain/avr32/avr32-gnu-toolchain/bin/../lib/gcc/avr32/4.4.7/../../../../avr32/lib/ucr2\libc.a(lib_a-findfp.o)
 .debug_line    0x00006f18      0x34c c:/program files (x86)/atmel/studio/7.0/toolchain/avr32/avr32-gnu-toolchain/bin/../lib/gcc/avr32/4.4.7/../../../../avr32/lib/ucr2\libc.a(lib_a-freer.o)
 .debug_line    0x00007264      0x2ec c:/program files (x86)/atmel/studio/7.0/toolchain/avr32/avr32-gnu-toolchain/bin/../lib/gcc/avr32/4.4.7/../../../../avr32/lib/ucr2\libc.a(lib_a-reent.o)

.debug_frame    0x00000000     0x13a8
 *(.debug_frame)
 .debug_frame   0x00000000      0x148 src/ASF/avr32/drivers/tc/tc.o
 .debug_frame   0x00000148      0x3a0 src/ASF/avr32/components/display/et024006dhu/et024006dhu.o
 .debug_frame   0x000004e8       0x48 src/ASF/avr32/drivers/ebi/smc/smc.o
 .debug_frame   0x00000530      0x204 src/ASF/avr32/drivers/gpio/gpio.o
 .debug_frame   0x00000734       0x64 src/ASF/avr32/drivers/intc/intc.o
 .debug_frame   0x00000798      0x390 src/ASF/avr32/drivers/pm/pm.o
 .debug_frame   0x00000b28       0x88 src/ASF/avr32/drivers/pm/power_clocks_lib.o
 .debug_frame   0x00000bb0       0x70 src/ASF/avr32/drivers/pwm/pwm.o
 .debug_frame   0x00000c20      0x1b4 src/et024006dhu_example2.o
 .debug_frame   0x00000dd4       0x44 c:/program files (x86)/atmel/studio/7.0/toolchain/avr32/avr32-gnu-toolchain/bin/../lib/gcc/avr32/4.4.7/ucr2\libgcc.a(_udivdi3.o)
 .debug_frame   0x00000e18       0x58 c:/program files (x86)/atmel/studio/7.0/toolchain/avr32/avr32-gnu-toolchain/bin/../lib/gcc/avr32/4.4.7/../../../../avr32/lib/ucr2\libc.a(lib_a-rand.o)
 .debug_frame   0x00000e70       0x40 c:/program files (x86)/atmel/studio/7.0/toolchain/avr32/avr32-gnu-toolchain/bin/../lib/gcc/avr32/4.4.7/../../../../avr32/lib/ucr2\libc.a(lib_a-malloc.o)
 .debug_frame   0x00000eb0       0x40 c:/program files (x86)/atmel/studio/7.0/toolchain/avr32/avr32-gnu-toolchain/bin/../lib/gcc/avr32/4.4.7/../../../../avr32/lib/ucr2\libc.a(lib_a-mallocr.o)
 .debug_frame   0x00000ef0       0x30 c:/program files (x86)/atmel/studio/7.0/toolchain/avr32/avr32-gnu-toolchain/bin/../lib/gcc/avr32/4.4.7/../../../../avr32/lib/ucr2\libc.a(lib_a-mlock.o)
 .debug_frame   0x00000f20       0x34 c:/program files (x86)/atmel/studio/7.0/toolchain/avr32/avr32-gnu-toolchain/bin/../lib/gcc/avr32/4.4.7/../../../../avr32/lib/ucr2\libc.a(lib_a-sbrkr.o)
 .debug_frame   0x00000f54      0x220 c:/program files (x86)/atmel/studio/7.0/toolchain/avr32/avr32-gnu-toolchain/bin/../lib/gcc/avr32/4.4.7/../../../../avr32/lib/ucr2\libc.a(lib_a-syscalls.o)
 .debug_frame   0x00001174       0x20 c:/program files (x86)/atmel/studio/7.0/toolchain/avr32/avr32-gnu-toolchain/bin/../lib/gcc/avr32/4.4.7/../../../../avr32/lib/ucr2\libc.a(lib_a-errno.o)
 .debug_frame   0x00001194      0x13c c:/program files (x86)/atmel/studio/7.0/toolchain/avr32/avr32-gnu-toolchain/bin/../lib/gcc/avr32/4.4.7/../../../../avr32/lib/ucr2\libc.a(lib_a-findfp.o)
 .debug_frame   0x000012d0       0x58 c:/program files (x86)/atmel/studio/7.0/toolchain/avr32/avr32-gnu-toolchain/bin/../lib/gcc/avr32/4.4.7/../../../../avr32/lib/ucr2\libc.a(lib_a-freer.o)
 .debug_frame   0x00001328       0x80 c:/program files (x86)/atmel/studio/7.0/toolchain/avr32/avr32-gnu-toolchain/bin/../lib/gcc/avr32/4.4.7/../../../../avr32/lib/ucr2\libc.a(lib_a-reent.o)

.debug_str      0x00000000     0x2f3e
 *(.debug_str)
 .debug_str     0x00000000      0x452 src/ASF/avr32/drivers/tc/tc.o
                                0x4c8 (size before relaxing)
 .debug_str     0x00000452      0x648 src/ASF/avr32/components/display/et024006dhu/et024006dhu.o
                                0x781 (size before relaxing)
 .debug_str     0x00000a9a      0x1c0 src/ASF/avr32/drivers/ebi/smc/smc.o
                                0x2e8 (size before relaxing)
 .debug_str     0x00000c5a      0x40e src/ASF/avr32/drivers/gpio/gpio.o
                                0x527 (size before relaxing)
 .debug_str     0x00001068      0x37d src/ASF/avr32/drivers/intc/intc.o
                                0x47b (size before relaxing)
 .debug_str     0x000013e5      0x77c src/ASF/avr32/drivers/pm/pm.o
                                0x993 (size before relaxing)
 .debug_str     0x00001b61       0xe6 src/ASF/avr32/drivers/pm/power_clocks_lib.o
                                0x52f (size before relaxing)
 .debug_str     0x00001c47      0x1e8 src/ASF/avr32/drivers/pwm/pwm.o
                                0x335 (size before relaxing)
 .debug_str     0x00001e2f      0x19d src/et024006dhu_example2.o
                                0x5f6 (size before relaxing)
 .debug_str     0x00001fcc      0x152 c:/program files (x86)/atmel/studio/7.0/toolchain/avr32/avr32-gnu-toolchain/bin/../lib/gcc/avr32/4.4.7/ucr2\libgcc.a(_udivdi3.o)
                                0x207 (size before relaxing)
 .debug_str     0x0000211e      0x3af c:/program files (x86)/atmel/studio/7.0/toolchain/avr32/avr32-gnu-toolchain/bin/../lib/gcc/avr32/4.4.7/../../../../avr32/lib/ucr2\libc.a(lib_a-rand.o)
                                0x4b3 (size before relaxing)
 .debug_str     0x000024cd       0xcb c:/program files (x86)/atmel/studio/7.0/toolchain/avr32/avr32-gnu-toolchain/bin/../lib/gcc/avr32/4.4.7/../../../../avr32/lib/ucr2\libc.a(lib_a-impure.o)
                                0x502 (size before relaxing)
 .debug_str     0x00002598       0x8d c:/program files (x86)/atmel/studio/7.0/toolchain/avr32/avr32-gnu-toolchain/bin/../lib/gcc/avr32/4.4.7/../../../../avr32/lib/ucr2\libc.a(lib_a-malloc.o)
                                0x4c4 (size before relaxing)
 .debug_str     0x00002625      0x23b c:/program files (x86)/atmel/studio/7.0/toolchain/avr32/avr32-gnu-toolchain/bin/../lib/gcc/avr32/4.4.7/../../../../avr32/lib/ucr2\libc.a(lib_a-mallocr.o)
                                0x699 (size before relaxing)
 .debug_str     0x00002860       0xa0 c:/program files (x86)/atmel/studio/7.0/toolchain/avr32/avr32-gnu-toolchain/bin/../lib/gcc/avr32/4.4.7/../../../../avr32/lib/ucr2\libc.a(lib_a-mlock.o)
                                0x4cb (size before relaxing)
 .debug_str     0x00002900       0x83 c:/program files (x86)/atmel/studio/7.0/toolchain/avr32/avr32-gnu-toolchain/bin/../lib/gcc/avr32/4.4.7/../../../../avr32/lib/ucr2\libc.a(lib_a-sbrkr.o)
                                0x4b4 (size before relaxing)
 .debug_str     0x00002983      0x330 c:/program files (x86)/atmel/studio/7.0/toolchain/avr32/avr32-gnu-toolchain/bin/../lib/gcc/avr32/4.4.7/../../../../avr32/lib/ucr2\libc.a(lib_a-syscalls.o)
                                0x43d (size before relaxing)
 .debug_str     0x00002cb3       0x74 c:/program files (x86)/atmel/studio/7.0/toolchain/avr32/avr32-gnu-toolchain/bin/../lib/gcc/avr32/4.4.7/../../../../avr32/lib/ucr2\libc.a(lib_a-errno.o)
                                0x4ab (size before relaxing)
 .debug_str     0x00002d27      0x135 c:/program files (x86)/atmel/studio/7.0/toolchain/avr32/avr32-gnu-toolchain/bin/../lib/gcc/avr32/4.4.7/../../../../avr32/lib/ucr2\libc.a(lib_a-findfp.o)
                                0x5dc (size before relaxing)
 .debug_str     0x00002e5c       0x3c c:/program files (x86)/atmel/studio/7.0/toolchain/avr32/avr32-gnu-toolchain/bin/../lib/gcc/avr32/4.4.7/../../../../avr32/lib/ucr2\libc.a(lib_a-freer.o)
                                0x5eb (size before relaxing)
 .debug_str     0x00002e98       0xa6 c:/program files (x86)/atmel/studio/7.0/toolchain/avr32/avr32-gnu-toolchain/bin/../lib/gcc/avr32/4.4.7/../../../../avr32/lib/ucr2\libc.a(lib_a-reent.o)
                                0x4e8 (size before relaxing)

.debug_loc      0x00000000     0x429e
 *(.debug_loc)
 .debug_loc     0x00000000      0x3ff src/ASF/avr32/drivers/tc/tc.o
 .debug_loc     0x000003ff     0x15dd src/ASF/avr32/components/display/et024006dhu/et024006dhu.o
 .debug_loc     0x000019dc       0xd5 src/ASF/avr32/drivers/ebi/smc/smc.o
 .debug_loc     0x00001ab1      0x368 src/ASF/avr32/drivers/gpio/gpio.o
 .debug_loc     0x00001e19       0xd3 src/ASF/avr32/drivers/intc/intc.o
 .debug_loc     0x00001eec      0x559 src/ASF/avr32/drivers/pm/pm.o
 .debug_loc     0x00002445      0x12b src/ASF/avr32/drivers/pm/power_clocks_lib.o
 .debug_loc     0x00002570       0xb4 src/ASF/avr32/drivers/pwm/pwm.o
 .debug_loc     0x00002624      0x5ad src/et024006dhu_example2.o
 .debug_loc     0x00002bd1      0x75d c:/program files (x86)/atmel/studio/7.0/toolchain/avr32/avr32-gnu-toolchain/bin/../lib/gcc/avr32/4.4.7/ucr2\libgcc.a(_udivdi3.o)
 .debug_loc     0x0000332e       0x6f c:/program files (x86)/atmel/studio/7.0/toolchain/avr32/avr32-gnu-toolchain/bin/../lib/gcc/avr32/4.4.7/../../../../avr32/lib/ucr2\libc.a(lib_a-rand.o)
 .debug_loc     0x0000339d       0x64 c:/program files (x86)/atmel/studio/7.0/toolchain/avr32/avr32-gnu-toolchain/bin/../lib/gcc/avr32/4.4.7/../../../../avr32/lib/ucr2\libc.a(lib_a-malloc.o)
 .debug_loc     0x00003401      0x59a c:/program files (x86)/atmel/studio/7.0/toolchain/avr32/avr32-gnu-toolchain/bin/../lib/gcc/avr32/4.4.7/../../../../avr32/lib/ucr2\libc.a(lib_a-mallocr.o)
 .debug_loc     0x0000399b       0x63 c:/program files (x86)/atmel/studio/7.0/toolchain/avr32/avr32-gnu-toolchain/bin/../lib/gcc/avr32/4.4.7/../../../../avr32/lib/ucr2\libc.a(lib_a-sbrkr.o)
 .debug_loc     0x000039fe      0x268 c:/program files (x86)/atmel/studio/7.0/toolchain/avr32/avr32-gnu-toolchain/bin/../lib/gcc/avr32/4.4.7/../../../../avr32/lib/ucr2\libc.a(lib_a-syscalls.o)
 .debug_loc     0x00003c66      0x202 c:/program files (x86)/atmel/studio/7.0/toolchain/avr32/avr32-gnu-toolchain/bin/../lib/gcc/avr32/4.4.7/../../../../avr32/lib/ucr2\libc.a(lib_a-findfp.o)
 .debug_loc     0x00003e68      0x32c c:/program files (x86)/atmel/studio/7.0/toolchain/avr32/avr32-gnu-toolchain/bin/../lib/gcc/avr32/4.4.7/../../../../avr32/lib/ucr2\libc.a(lib_a-freer.o)
 .debug_loc     0x00004194      0x10a c:/program files (x86)/atmel/studio/7.0/toolchain/avr32/avr32-gnu-toolchain/bin/../lib/gcc/avr32/4.4.7/../../../../avr32/lib/ucr2\libc.a(lib_a-reent.o)

.debug_macinfo  0x00000000   0x862023
 *(.debug_macinfo)
 .debug_macinfo
                0x00000000    0xed4f8 src/ASF/avr32/drivers/tc/tc.o
 .debug_macinfo
                0x000ed4f8    0xf0e8b src/ASF/avr32/components/display/et024006dhu/et024006dhu.o
 .debug_macinfo
                0x001de383    0xf0f4d src/ASF/avr32/drivers/ebi/smc/smc.o
 .debug_macinfo
                0x002cf2d0    0xece15 src/ASF/avr32/drivers/gpio/gpio.o
 .debug_macinfo
                0x003bc0e5    0xecec2 src/ASF/avr32/drivers/intc/intc.o
 .debug_macinfo
                0x004a8fa7    0xecc7f src/ASF/avr32/drivers/pm/pm.o
 .debug_macinfo
                0x00595c26    0xecd60 src/ASF/avr32/drivers/pm/power_clocks_lib.o
 .debug_macinfo
                0x00682986    0xeccea src/ASF/avr32/drivers/pwm/pwm.o
 .debug_macinfo
                0x0076f670    0xf29b3 src/et024006dhu_example2.o

.debug_weaknames
 *(.debug_weaknames)

.debug_funcnames
 *(.debug_funcnames)

.debug_typenames
 *(.debug_typenames)

.debug_varnames
 *(.debug_varnames)

.stack          0x0000f000     0x1000
                0x0000f000                _stack = .
 *(.stack)
                0x00001000                . = __stack_size__
 *fill*         0x0000f000     0x1000 
                0x00010000                _estack = .

.userpage
 *(.userpage .userpage.*)

/DISCARD/
 *(.note.GNU-stack)
OUTPUT(Sort.elf elf32-avr32)

.debug_ranges   0x00000000      0xae8
 .debug_ranges  0x00000000       0xa0 src/ASF/avr32/drivers/tc/tc.o
 .debug_ranges  0x000000a0      0x318 src/ASF/avr32/components/display/et024006dhu/et024006dhu.o
 .debug_ranges  0x000003b8       0x20 src/ASF/avr32/drivers/ebi/smc/smc.o
 .debug_ranges  0x000003d8       0xf8 src/ASF/avr32/drivers/gpio/gpio.o
 .debug_ranges  0x000004d0       0x48 src/ASF/avr32/drivers/intc/intc.o
 .debug_ranges  0x00000518      0x188 src/ASF/avr32/drivers/pm/pm.o
 .debug_ranges  0x000006a0       0x38 src/ASF/avr32/drivers/pm/power_clocks_lib.o
 .debug_ranges  0x000006d8       0x40 src/ASF/avr32/drivers/pwm/pwm.o
 .debug_ranges  0x00000718       0x20 src/ASF/avr32/utils/startup/startup_uc3.o
 .debug_ranges  0x00000738       0x60 src/et024006dhu_example2.o
 .debug_ranges  0x00000798       0x78 c:/program files (x86)/atmel/studio/7.0/toolchain/avr32/avr32-gnu-toolchain/bin/../lib/gcc/avr32/4.4.7/ucr2\libgcc.a(_udivdi3.o)
 .debug_ranges  0x00000810       0x68 c:/program files (x86)/atmel/studio/7.0/toolchain/avr32/avr32-gnu-toolchain/bin/../lib/gcc/avr32/4.4.7/../../../../avr32/lib/ucr2\libc.a(lib_a-rand.o)
 .debug_ranges  0x00000878       0x20 c:/program files (x86)/atmel/studio/7.0/toolchain/avr32/avr32-gnu-toolchain/bin/../lib/gcc/avr32/4.4.7/../../../../avr32/lib/ucr2\libc.a(lib_a-malloc.o)
 .debug_ranges  0x00000898       0x18 c:/program files (x86)/atmel/studio/7.0/toolchain/avr32/avr32-gnu-toolchain/bin/../lib/gcc/avr32/4.4.7/../../../../avr32/lib/ucr2\libc.a(lib_a-mallocr.o)
 .debug_ranges  0x000008b0       0x20 c:/program files (x86)/atmel/studio/7.0/toolchain/avr32/avr32-gnu-toolchain/bin/../lib/gcc/avr32/4.4.7/../../../../avr32/lib/ucr2\libc.a(lib_a-mlock.o)
 .debug_ranges  0x000008d0       0x18 c:/program files (x86)/atmel/studio/7.0/toolchain/avr32/avr32-gnu-toolchain/bin/../lib/gcc/avr32/4.4.7/../../../../avr32/lib/ucr2\libc.a(lib_a-sbrkr.o)
 .debug_ranges  0x000008e8       0xf0 c:/program files (x86)/atmel/studio/7.0/toolchain/avr32/avr32-gnu-toolchain/bin/../lib/gcc/avr32/4.4.7/../../../../avr32/lib/ucr2\libc.a(lib_a-syscalls.o)
 .debug_ranges  0x000009d8       0x18 c:/program files (x86)/atmel/studio/7.0/toolchain/avr32/avr32-gnu-toolchain/bin/../lib/gcc/avr32/4.4.7/../../../../avr32/lib/ucr2\libc.a(lib_a-errno.o)
 .debug_ranges  0x000009f0       0xb0 c:/program files (x86)/atmel/studio/7.0/toolchain/avr32/avr32-gnu-toolchain/bin/../lib/gcc/avr32/4.4.7/../../../../avr32/lib/ucr2\libc.a(lib_a-findfp.o)
 .debug_ranges  0x00000aa0       0x20 c:/program files (x86)/atmel/studio/7.0/toolchain/avr32/avr32-gnu-toolchain/bin/../lib/gcc/avr32/4.4.7/../../../../avr32/lib/ucr2\libc.a(lib_a-freer.o)
 .debug_ranges  0x00000ac0       0x28 c:/program files (x86)/atmel/studio/7.0/toolchain/avr32/avr32-gnu-toolchain/bin/../lib/gcc/avr32/4.4.7/../../../../avr32/lib/ucr2\libc.a(lib_a-reent.o)
